###############################################################################
#
# IAR ELF Linker V9.30.1.335/W64 for ARM                  15/Mar/2023  16:34:38
# Copyright 2007-2022 IAR Systems AB.
#
#    Output file  =  R:\POIP\POIP\POIP2\Rabots\Rabota_3\Debug\Exe\Rabota_3.out
#    Map file     =  R:\POIP\POIP\POIP2\Rabots\Rabota_3\Debug\List\Rabota_3.map
#    Command line =
#        -f R:\POIP\POIP\POIP2\Rabots\Rabota_3\Debug\Exe\Rabota_3.out.rsp
#        (R:\POIP\POIP\POIP2\Rabots\Rabota_3\Debug\Obj\Modes\AllMode\AllMode.o
#        R:\POIP\POIP\POIP2\Rabots\Rabota_3\Debug\Obj\Components\Button\Button.o
#        R:\POIP\POIP\POIP2\Rabots\Rabota_3\Debug\Obj\Modes\ChessMode\ChessMode.o
#        R:\POIP\POIP\POIP2\Rabots\Rabota_3\Debug\Obj\Components\LED\LED.o
#        R:\POIP\POIP\POIP2\Rabots\Rabota_3\Debug\Obj\main.o
#        R:\POIP\POIP\POIP2\Rabots\Rabota_3\Debug\Obj\Modes\SlideMode\SlideMode.o
#        R:\POIP\POIP\POIP2\Rabots\Rabota_3\Debug\Obj\StartUp.o
#        R:\POIP\POIP\POIP2\Rabots\Rabota_3\Debug\Obj\Modes\TreeMode\TreeMode.o
#        --no_out_extension -o
#        R:\POIP\POIP\POIP2\Rabots\Rabota_3\Debug\Exe\Rabota_3.out --redirect
#        _Printf=_PrintfFullNoMb --redirect _Scanf=_ScanfFullNoMb --map
#        R:\POIP\POIP\POIP2\Rabots\Rabota_3\Debug\List\Rabota_3.map --config
#        R:\Program\IAR\arm/config/linker/ST/stm32f411xC.icf --semihosting
#        --entry __iar_program_start --vfe --text_out locale --cpu=Cortex-M4
#        --fpu=VFPv4_sp)
#
###############################################################################

*******************************************************************************
*** RUNTIME MODEL ATTRIBUTES
***

CppFlavor                     = *
__CPP_Exceptions              = Disabled
__CPP_Language                = C++14
__CPP_Library                 = libc++
__CPP_Runtime                 = 1
__Heap_Handler                = Basic
__SystemLibrary               = DLib
__dlib_dynamic_initialization = normal
__dlib_version                = 6


*******************************************************************************
*** HEAP SELECTION
***

The basic heap was selected because --advanced_heap
was not specified and the application did not appear to
be primarily optimized for speed.


*******************************************************************************
*** PLACEMENT SUMMARY
***

"A0":  place at address 0x800'0000 { ro section .intvec };
"P1":  place in [from 0x800'0000 to 0x803'ffff] { ro };
define block CSTACK with size = 8K, alignment = 8 { };
define block HEAP with size = 8K, alignment = 8 { };
"P2":  place in [from 0x2000'0000 to 0x2001'ffff] {
          rw, block CSTACK, block HEAP };
initialize by copy { rw };

  Section                Kind         Address    Size  Object
  -------                ----         -------    ----  ------
"A0":                                           0x11c
  .intvec                const     0x800'0000   0x11c  StartUp.o [1]
                                 - 0x800'011c   0x11c

"P1":                                           0xba8
  .text                  ro code   0x800'011c   0x140  main.o [1]
  .text                  ro code   0x800'025c    0x3c  LED.o [3]
  .text                  ro code   0x800'0298    0x90  Button.o [2]
  .text                  ro code   0x800'0328    0x18  AllMode.o [4]
  .text                  ro code   0x800'0340    0x46  ChessMode.o [5]
  .text                  ro code   0x800'0386    0x2a  copy_init3.o [11]
  .text                  ro code   0x800'03b0    0x50  TreeMode.o [7]
  .text                  ro code   0x800'0400    0x9e  SlideMode.o [6]
  .text                  ro code   0x800'049e     0x2  StartUp.o [1]
  .text                  ro code   0x800'04a0    0x20  main.o [1]
  .text                  ro code   0x800'04c0     0xc  main.o [1]
  .text                  ro code   0x800'04cc     0xc  main.o [1]
  .text                  ro code   0x800'04d8    0x10  main.o [1]
  .text                  ro code   0x800'04e8    0x14  main.o [1]
  .text                  ro code   0x800'04fc    0x14  main.o [1]
  .text                  ro code   0x800'0510     0xc  main.o [1]
  .text                  ro code   0x800'051c    0x14  main.o [1]
  .text                  ro code   0x800'0530    0x10  main.o [1]
  .text                  ro code   0x800'0540    0x14  main.o [1]
  .text                  ro code   0x800'0554    0x14  main.o [1]
  .text                  ro code   0x800'0568    0x14  main.o [1]
  .text                  ro code   0x800'057c    0x14  main.o [1]
  .text                  ro code   0x800'0590    0x14  main.o [1]
  .text                  ro code   0x800'05a4    0x10  main.o [1]
  .text                  ro code   0x800'05b4    0x34  main.o [1]
  .text                  ro code   0x800'05e8    0x14  main.o [1]
  .text                  ro code   0x800'05fc     0xc  main.o [1]
  .text                  ro code   0x800'0608    0x14  main.o [1]
  .text                  ro code   0x800'061c    0x14  main.o [1]
  .text                  ro code   0x800'0630    0x14  main.o [1]
  .text                  ro code   0x800'0644    0x14  main.o [1]
  .text                  ro code   0x800'0658    0x14  main.o [1]
  .text                  ro code   0x800'066c    0x14  main.o [1]
  .text                  ro code   0x800'0680    0x14  main.o [1]
  .text                  ro code   0x800'0694     0x8  LED.o [3]
  .text                  ro code   0x800'069c     0x8  Button.o [2]
  .text                  ro code   0x800'06a4     0x8  Button.o [2]
  .text                  ro code   0x800'06ac     0x6  Button.o [2]
  .text                  ro code   0x800'06b2     0x6  Button.o [2]
  .text                  ro code   0x800'06b8     0x8  AllMode.o [4]
  .text                  ro code   0x800'06c0     0x6  ChessMode.o [5]
  .text                  ro code   0x800'06c6     0x8  ChessMode.o [5]
  .text                  ro code   0x800'06ce    0x2a  AllMode.o [4]
  .text                  ro code   0x800'06f8     0x8  main.o [1]
  .text                  ro code   0x800'0700    0x24  ABIassert.o [12]
  .text                  ro code   0x800'0724     0x6  main.o [1]
  .text                  ro code   0x800'072a     0x2  LED.o [3]
  .text                  ro code   0x800'072c     0x2  Button.o [2]
  .text                  ro code   0x800'072e     0x2  Button.o [2]
  .text                  ro code   0x800'0730     0xc  AllMode.o [4]
  .text                  ro code   0x800'073c     0x4  ChessMode.o [5]
  .text                  ro code   0x800'0740     0x8  AllMode.o [4]
  .text                  ro code   0x800'0748     0xa  AllMode.o [4]
  .text                  ro code   0x800'0752     0x2  main.o [1]
  .text                  ro code   0x800'0754     0x6  abort.o [8]
  .text                  ro code   0x800'075a     0x2  AllMode.o [4]
  .text                  ro code   0x800'075c    0x14  exit.o [12]
  .rodata                const     0x800'0770    0x9c  main.o [1]
  .rodata                const     0x800'080c    0x58  main.o [1]
  .text                  ro code   0x800'0864    0x38  zero_init3.o [11]
  .text                  ro code   0x800'089c    0x30  main.o [1]
  .text                  ro code   0x800'08cc     0x4  main.o [1]
  .text                  ro code   0x800'08d0    0x2a  AllMode.o [4]
  .text                  ro code   0x800'08fa     0x2  StartUp.o [1]
  .text                  ro code   0x800'08fc    0x28  data_init.o [11]
  .rodata                const     0x800'0924    0x24  Button.o [2]
  .text                  ro code   0x800'0948    0x22  fpinit_M.o [10]
  .iar.init_table        const     0x800'096c    0x28  - Linker created -
  .text                  ro code   0x800'0994     0x2  StartUp.o [1]
  .rodata                const     0x800'0998    0x20  main.o [1]
  .rodata                const     0x800'09b8    0x20  main.o [1]
  .rodata                const     0x800'09d8    0x20  main.o [1]
  .rodata                const     0x800'09f8    0x20  main.o [1]
  .rodata                const     0x800'0a18    0x20  main.o [1]
  .text                  ro code   0x800'0a38    0x20  cmain_call_ctors.o [11]
  .text                  ro code   0x800'0a58    0x18  cppinit.o [8]
  Initializer bytes      const     0x800'0a70    0x20  <for P2-1>
  .text                  ro code   0x800'0a90    0x1e  cmain.o [11]
  .text                  ro code   0x800'0aae     0x4  low_level_init.o [8]
  .text                  ro code   0x800'0ab2     0x4  exit.o [8]
  .text                  ro code   0x800'0ab6     0x2  StartUp.o [1]
  .text                  ro code   0x800'0ab8     0xa  cexit.o [11]
  .rodata                const     0x800'0ac2     0x1  unwind_debug.o [12]
  .text                  ro code   0x800'0ac4    0x1c  StartUp.o [1]
  .text                  ro code   0x800'0ae0    0x10  StartUp.o [1]
  .rodata                const     0x800'0af0    0x10  AllMode.o [4]
  .rodata                const     0x800'0b00    0x10  AllMode.o [4]
  .rodata                const     0x800'0b10    0x10  ChessMode.o [5]
  .rodata                const     0x800'0b20    0x10  LED.o [3]
  .rodata                const     0x800'0b30    0x10  SlideMode.o [6]
  .rodata                const     0x800'0b40    0x10  TreeMode.o [7]
  .text                  ro code   0x800'0b50    0x10  main.o [1]
  .text                  ro code   0x800'0b60    0x10  main.o [1]
  .text                  ro code   0x800'0b70     0xc  main.o [1]
  .text                  ro code   0x800'0b7c     0xc  main.o [1]
  .text                  ro code   0x800'0b88    0x10  main.o [1]
  .text                  ro code   0x800'0b98    0x10  main.o [1]
  .text                  ro code   0x800'0ba8    0x10  main.o [1]
  .text                  ro code   0x800'0bb8    0x10  main.o [1]
  .text                  ro code   0x800'0bc8    0x10  StartUp.o [1]
  .text                  ro code   0x800'0bd8     0xe  main.o [1]
  .text                  ro code   0x800'0be8     0xc  main.o [1]
  .text                  ro code   0x800'0bf4     0xe  main.o [1]
  .text                  ro code   0x800'0c02     0xe  main.o [1]
  .text                  ro code   0x800'0c10     0xe  main.o [1]
  .text                  ro code   0x800'0c1e     0xe  main.o [1]
  .rodata                const     0x800'0c2c     0xc  main.o [1]
  .text                  ro code   0x800'0c38     0xc  main.o [1]
  .text                  ro code   0x800'0c44     0xc  main.o [1]
  .text                  ro code   0x800'0c50     0xc  main.o [1]
  .text                  ro code   0x800'0c5c     0xa  main.o [1]
  .text                  ro code   0x800'0c66     0xa  main.o [1]
  .rodata                const     0x800'0c70     0x8  main.o [1]
  .rodata                const     0x800'0c78     0x8  main.o [1]
  .rodata                const     0x800'0c80     0x8  main.o [1]
  .rodata                const     0x800'0c88     0x8  main.o [1]
  .rodata                const     0x800'0c90     0x8  main.o [1]
  .text                  ro code   0x800'0c98     0x8  main.o [1]
  .text                  ro code   0x800'0ca0     0x6  main.o [1]
  .text                  ro code   0x800'0ca6     0x6  main.o [1]
  .text                  ro code   0x800'0cac     0x6  main.o [1]
  .text                  ro code   0x800'0cb2     0x6  main.o [1]
  .text                  ro code   0x800'0cb8     0x6  main.o [1]
  SHT$$PREINIT_ARRAY               0x800'0cc0     0x0  <Block>
  SHT$$INIT_ARRAY                  0x800'0cc0     0x4  <Block>
    .init_array          const     0x800'0cc0     0x4  main.o [1]
  __iar_tls$$INIT_ARRAY            0x800'0cc4     0x0  <Block>
  .rodata                const     0x800'0cc4     0x0  zero_init3.o [11]
  .rodata                const     0x800'0cc4     0x0  copy_init3.o [11]
                                 - 0x800'0cc4   0xba8

"P2", part 1 of 3:                               0x20
  P2-1                            0x2000'0000    0x20  <Init block>
    .data                inited   0x2000'0000    0x10  main.o [1]
    .data                inited   0x2000'0010    0x10  main.o [1]
                                - 0x2000'0020    0x20

"P2", part 2 of 3:                               0x7c
  .bss                   zero     0x2000'0020    0x20  main.o [1]
  .bss                   zero     0x2000'0040    0x10  main.o [1]
  .bss                   zero     0x2000'0050     0xc  main.o [1]
  .bss                   zero     0x2000'005c     0xc  main.o [1]
  .bss                   zero     0x2000'0068     0x8  main.o [1]
  .bss                   zero     0x2000'0070     0x8  main.o [1]
  .bss                   zero     0x2000'0078     0x8  main.o [1]
  .bss                   zero     0x2000'0080     0x8  main.o [1]
  .bss                   zero     0x2000'0088     0x8  main.o [1]
  .bss                   zero     0x2000'0090     0x8  main.o [1]
  .bss                   zero     0x2000'0098     0x4  main.o [1]
                                - 0x2000'009c    0x7c

"P2", part 3 of 3:                             0x2000
  CSTACK                          0x2000'00a0  0x2000  <Block>
    CSTACK               uninit   0x2000'00a0  0x2000  <Block tail>
                                - 0x2000'20a0  0x2000

Unused ranges:

         From           To      Size
         ----           --      ----
   0x800'0cc4   0x803'ffff  0x3'f33c
  0x2000'009c  0x2000'009f       0x4
  0x2000'20a0  0x2001'ffff  0x1'df60


*******************************************************************************
*** INIT TABLE
***

          Address      Size
          -------      ----
Zero (__iar_zero_init3)
    1 destination range, total size 0x7c:
          0x2000'0020  0x7c

Copy (__iar_copy_init3)
    1 source range, total size 0x20:
           0x800'0a70  0x20
    1 destination range, total size 0x20:
          0x2000'0000  0x20

Extra (__iar_cstart_call_ctors)



*******************************************************************************
*** MODULE SUMMARY
***

    Module              ro code  ro data  rw data
    ------              -------  -------  -------
command line/config:
    ---------------------------------------------
    Total:

R:\POIP\POIP\POIP2\Rabots\Rabota_3\Debug\Obj: [1]
    StartUp.o                68      284
    main.o                1'184      492      156
    ---------------------------------------------
    Total:                1'252      776      156

R:\POIP\POIP\POIP2\Rabots\Rabota_3\Debug\Obj\Components\Button: [2]
    Button.o                176       36
    ---------------------------------------------
    Total:                  176       36

R:\POIP\POIP\POIP2\Rabots\Rabota_3\Debug\Obj\Components\LED: [3]
    LED.o                    70       16
    ---------------------------------------------
    Total:                   70       16

R:\POIP\POIP\POIP2\Rabots\Rabota_3\Debug\Obj\Modes\AllMode: [4]
    AllMode.o               148       32
    ---------------------------------------------
    Total:                  148       32

R:\POIP\POIP\POIP2\Rabots\Rabota_3\Debug\Obj\Modes\ChessMode: [5]
    ChessMode.o              88       16
    ---------------------------------------------
    Total:                   88       16

R:\POIP\POIP\POIP2\Rabots\Rabota_3\Debug\Obj\Modes\SlideMode: [6]
    SlideMode.o             158       16
    ---------------------------------------------
    Total:                  158       16

R:\POIP\POIP\POIP2\Rabots\Rabota_3\Debug\Obj\Modes\TreeMode: [7]
    TreeMode.o               80       16
    ---------------------------------------------
    Total:                   80       16

dl7M_tlf.a: [8]
    abort.o                   6
    cppinit.o                24
    exit.o                    4
    low_level_init.o          4
    ---------------------------------------------
    Total:                   38

dlpprt7M_tl_fc.a: [9]
    ---------------------------------------------
    Total:

m7M_tls.a: [10]
    fpinit_M.o               34
    ---------------------------------------------
    Total:                   34

rt7M_tl.a: [11]
    cexit.o                  10
    cmain.o                  30
    cmain_call_ctors.o       32
    copy_init3.o             42
    data_init.o              40
    zero_init3.o             56
    ---------------------------------------------
    Total:                  210

shb_l.a: [12]
    ABIassert.o              36
    exit.o                   20
    unwind_debug.o                     1
    ---------------------------------------------
    Total:                   56        1

    Gaps                      3        4
    Linker created                    40    8'192
-------------------------------------------------
    Grand Total:          2'313      953    8'348


*******************************************************************************
*** ENTRY LIST
***

Entry                       Address   Size  Type      Object
-----                       -------   ----  ----      ------
.iar.init_table$$Base    0x800'096c          --   Gb  - Linker created -
.iar.init_table$$Limit   0x800'0994          --   Gb  - Linker created -
?main                    0x800'0a91         Code  Gb  cmain.o [11]
AllMode::AllMode(std::array<ILed *, (unsigned int)4> const &)
                         0x800'0329   0x12  Code  Gb  AllMode.o [4]
Button::AddObserver(IButtonObserver &)
                         0x800'0313   0x16  Code  Gb  Button.o [2]
Button::Button(IPinReadable const &)
                         0x800'0299   0x2a  Code  Gb  Button.o [2]
Button::IsPressed() const
                         0x800'02c9   0x4a  Code  Gb  Button.o [2]
CSTACK$$Base            0x2000'00a0          --   Gb  - Linker created -
CSTACK$$Limit           0x2000'20a0          --   Gb  - Linker created -
ChessMode::ChessMode(std::array<ILed *, (unsigned int)4> const &)
                         0x800'0341   0x18  Code  Gb  ChessMode.o [5]
ChessMode::Clear()       0x800'035d   0x2a  Code  Gb  ChessMode.o [5]
Delay(unsigned int)      0x800'0173   0x16  Code  Gb  main.o [1]
Garland::Garland(std::array<IMode *, (unsigned int)4> const &)
                         0x800'04a1   0x20  Code  Wk  main.o [1]
Garland::OnButtonPress()
                         0x800'0c99    0x8  Code  Wk  main.o [1]
Garland::SwitchNextMode()
                         0x800'089d   0x30  Code  Wk  main.o [1]
Garland::UpdateCurrentMode() const
                         0x800'0681   0x14  Code  Wk  main.o [1]
IButton::IButton()       0x800'072d    0x2  Code  Wk  Button.o [2]
IButton::IButton() [subobject]
                         0x800'069d    0x8  Code  Wk  Button.o [2]
IButtonObserver::IButtonObserver()
                         0x800'0753    0x2  Code  Wk  main.o [1]
IButtonObserver::IButtonObserver() [subobject]
                         0x800'06f9    0x8  Code  Wk  main.o [1]
ILed::ILed()             0x800'072b    0x2  Code  Wk  LED.o [3]
ILed::ILed() [subobject]
                         0x800'0695    0x8  Code  Wk  LED.o [3]
IMode::Clear()           0x800'06cf   0x2a  Code  Wk  AllMode.o [4]
IMode::IMode(std::array<ILed *, (unsigned int)4> const &)
                         0x800'0731    0xc  Code  Wk  AllMode.o [4]
IMode::IMode(std::array<ILed *, (unsigned int)4> const &) [subobject]
                         0x800'06b9    0x8  Code  Wk  AllMode.o [4]
IMode::Update()          0x800'08d1   0x2a  Code  Wk  AllMode.o [4]
IObservable::IObservable()
                         0x800'072f    0x2  Code  Wk  Button.o [2]
IObservable::IObservable() [subobject]
                         0x800'06a5    0x8  Code  Wk  Button.o [2]
InterruptHandler::DummyHandler()
                         0x800'049f    0x2  Code  Wk  StartUp.o [1]
InterruptHandler::Timer2Handler()
                         0x800'0995    0x2  Code  Wk  StartUp.o [1]
InterruptHandler::Timer5Handler()
                         0x800'0ac5   0x1c  Code  Wk  StartUp.o [1]
InterruptHandler::TimerHandler()
                         0x800'08fb    0x2  Code  Wk  StartUp.o [1]
InterruptHandler::USART2Handler()
                         0x800'0ab7    0x2  Code  Wk  StartUp.o [1]
Led::Led(IPin const &)   0x800'025d   0x16  Code  Gb  LED.o [3]
Led::SwitchOff() const   0x800'0279   0x10  Code  Gb  LED.o [3]
Led::Toggle() const      0x800'0289   0x10  Code  Gb  LED.o [3]
Pin<GPIOC, (int)13>::IsHigh() const
                         0x800'0c1f    0xe  Code  Wk  main.o [1]
Pin<GPIOC, (int)13>::Reset() const
                         0x800'0bb9   0x10  Code  Wk  main.o [1]
Pin<GPIOC, (int)13>::Toggle() const
                         0x800'0c51    0xc  Code  Wk  main.o [1]
Pin<GPIOC, (int)6>::IsHigh() const
                         0x800'0bd9    0xe  Code  Wk  main.o [1]
Pin<GPIOC, (int)6>::Reset() const
                         0x800'0b61   0x10  Code  Wk  main.o [1]
Pin<GPIOC, (int)6>::Toggle() const
                         0x800'0c5d    0xa  Code  Wk  main.o [1]
Pin<GPIOC, (int)7>::IsHigh() const
                         0x800'0bf5    0xe  Code  Wk  main.o [1]
Pin<GPIOC, (int)7>::Reset() const
                         0x800'0b89   0x10  Code  Wk  main.o [1]
Pin<GPIOC, (int)7>::Toggle() const
                         0x800'0c67    0xa  Code  Wk  main.o [1]
Pin<GPIOC, (int)8>::IsHigh() const
                         0x800'0c03    0xe  Code  Wk  main.o [1]
Pin<GPIOC, (int)8>::Reset() const
                         0x800'0b99   0x10  Code  Wk  main.o [1]
Pin<GPIOC, (int)8>::Toggle() const
                         0x800'0c39    0xc  Code  Wk  main.o [1]
Pin<GPIOC, (int)9>::IsHigh() const
                         0x800'0c11    0xe  Code  Wk  main.o [1]
Pin<GPIOC, (int)9>::Reset() const
                         0x800'0ba9   0x10  Code  Wk  main.o [1]
Pin<GPIOC, (int)9>::Toggle() const
                         0x800'0c45    0xc  Code  Wk  main.o [1]
Region$$Table$$Base      0x800'096c          --   Gb  - Linker created -
Region$$Table$$Limit     0x800'0994          --   Gb  - Linker created -
SHT$$INIT_ARRAY$$Base    0x800'0cc0          --   Gb  - Linker created -
SHT$$INIT_ARRAY$$Limit   0x800'0cc4          --   Gb  - Linker created -
SHT$$PREINIT_ARRAY$$Base
                         0x800'0cc0          --   Gb  - Linker created -
SHT$$PREINIT_ARRAY$$Limit
                         0x800'0cc0          --   Gb  - Linker created -
SlideMode::CalculateNextIndex()
                         0x800'0461   0x3e  Code  Gb  SlideMode.o [6]
SlideMode::SlideMode(std::array<ILed *, (unsigned int)4> const &)
                         0x800'0401   0x20  Code  Gb  SlideMode.o [6]
SlideMode::Update()      0x800'0425   0x3c  Code  Gb  SlideMode.o [6]
Thunk for (offset -4) Pin<GPIOC, (int)13>::IsHigh() const
                         0x800'0cb9    0x6  Code  Wk  main.o [1]
Thunk for (offset -4) Pin<GPIOC, (int)6>::IsHigh() const
                         0x800'0ca1    0x6  Code  Wk  main.o [1]
Thunk for (offset -4) Pin<GPIOC, (int)7>::IsHigh() const
                         0x800'0ca7    0x6  Code  Wk  main.o [1]
Thunk for (offset -4) Pin<GPIOC, (int)8>::IsHigh() const
                         0x800'0cad    0x6  Code  Wk  main.o [1]
Thunk for (offset -4) Pin<GPIOC, (int)9>::IsHigh() const
                         0x800'0cb3    0x6  Code  Wk  main.o [1]
TreeMode::TreeMode(std::array<ILed *, (unsigned int)4> const &)
                         0x800'03b1   0x1c  Code  Gb  TreeMode.o [7]
TreeMode::Update()       0x800'03d1   0x30  Code  Gb  TreeMode.o [7]
Virtual function table for AllMode
                         0x800'0b00   0x10  Data  Wk  AllMode.o [4]
Virtual function table for Button
                         0x800'0924   0x24  Data  Wk  Button.o [2]
Virtual function table for ChessMode
                         0x800'0b10   0x10  Data  Wk  ChessMode.o [5]
Virtual function table for Garland
                         0x800'0c2c    0xc  Data  Wk  main.o [1]
Virtual function table for IMode
                         0x800'0af0   0x10  Data  Wk  AllMode.o [4]
Virtual function table for Led
                         0x800'0b20   0x10  Data  Wk  LED.o [3]
Virtual function table for Pin<GPIOC, (int)13>
                         0x800'0a18   0x20  Data  Wk  main.o [1]
Virtual function table for Pin<GPIOC, (int)6>
                         0x800'0998   0x20  Data  Wk  main.o [1]
Virtual function table for Pin<GPIOC, (int)7>
                         0x800'09b8   0x20  Data  Wk  main.o [1]
Virtual function table for Pin<GPIOC, (int)8>
                         0x800'09d8   0x20  Data  Wk  main.o [1]
Virtual function table for Pin<GPIOC, (int)9>
                         0x800'09f8   0x20  Data  Wk  main.o [1]
Virtual function table for SlideMode
                         0x800'0b30   0x10  Data  Wk  SlideMode.o [6]
Virtual function table for TreeMode
                         0x800'0b40   0x10  Data  Wk  TreeMode.o [7]
__aeabi_assert           0x800'0701   0x24  Code  Gb  ABIassert.o [12]
__call_ctors             0x800'0a59   0x18  Code  Gb  cppinit.o [8]
__cmain                  0x800'0a91         Code  Gb  cmain.o [11]
__exit                   0x800'075d   0x14  Code  Gb  exit.o [12]
__iar_copy_init3         0x800'0387   0x2a  Code  Gb  copy_init3.o [11]
__iar_cstart_call_ctors
                         0x800'0a39   0x20  Code  Gb  cmain_call_ctors.o [11]
__iar_data_init3         0x800'08fd   0x28  Code  Gb  data_init.o [11]
__iar_debug_exceptions   0x800'0ac2    0x1  Data  Gb  unwind_debug.o [12]
__iar_init_vfp           0x800'0949         Code  Gb  fpinit_M.o [10]
__iar_program_start      0x800'0bc9   0x10  Code  Gb  StartUp.o [1]
__iar_tls$$INIT_ARRAY$$Base
                         0x800'0cc4          --   Gb  - Linker created -
__iar_tls$$INIT_ARRAY$$Limit
                         0x800'0cc4          --   Gb  - Linker created -
__iar_zero_init3         0x800'0865   0x38  Code  Gb  zero_init3.o [11]
__low_level_init         0x800'0aaf    0x4  Code  Gb  low_level_init.o [8]
__sti__routine           0x800'011d   0x56  Code  Lc  main.o [1]
__vector_table           0x800'0000  0x11c  Data  Lc  StartUp.o [1]
_call_main               0x800'0a9d         Code  Gb  cmain.o [11]
_exit                    0x800'0ab9         Code  Gb  cexit.o [11]
abort                    0x800'0755    0x6  Code  Gb  abort.o [8]
allMode                 0x2000'0088    0x8  Data  Gb  main.o [1]
bool FieldValueBase<TIM5_SR_UIF_Values<TIM5::SR, (unsigned int)0, (unsigned int)1, ReadWriteMode, TIM5::TIM5SRBase>, TIM5::TIM5SRBase, (unsigned int)1>::IsSet<ReadWriteMode, void>()
                         0x800'0ae1   0x10  Code  Wk  StartUp.o [1]
chessMode               0x2000'0090    0x8  Data  Gb  main.o [1]
decltype(((param#1.size)())) std::size<std::array<ILed *, (unsigned int)4>>(std::array<ILed *, (unsigned int)4> const &)
                         0x800'06c7    0x8  Code  Wk  ChessMode.o [5]
exit                     0x800'0ab3    0x4  Code  Gb  exit.o [8]
flag                    0x2000'0098    0x4  Data  Wk  main.o [1]
garland                 0x2000'005c    0xc  Data  Gb  main.o [1]
led1                    0x2000'0068    0x8  Data  Gb  main.o [1]
led2                    0x2000'0070    0x8  Data  Gb  main.o [1]
led3                    0x2000'0078    0x8  Data  Gb  main.o [1]
led4                    0x2000'0080    0x8  Data  Gb  main.o [1]
leds                    0x2000'0000   0x10  Data  Gb  main.o [1]
main                     0x800'0189   0x8c  Code  Gb  main.o [1]
modes                   0x2000'0010   0x10  Data  Gb  main.o [1]
pinC13                   0x800'0c90    0x8  Data  Wk  main.o [1]
pinC6                    0x800'0c70    0x8  Data  Wk  main.o [1]
pinC7                    0x800'0c78    0x8  Data  Wk  main.o [1]
pinC8                    0x800'0c80    0x8  Data  Wk  main.o [1]
pinC9                    0x800'0c88    0x8  Data  Wk  main.o [1]
slideMode               0x2000'0040   0x10  Data  Gb  main.o [1]
std::array<IButtonObserver *, (unsigned int)4>::operator [](unsigned int)
                         0x800'06b3    0x6  Code  Wk  Button.o [2]
std::array<IButtonObserver *, (unsigned int)4>::operator [](unsigned int) const
                         0x800'06ad    0x6  Code  Wk  Button.o [2]
std::array<ILed *, (unsigned int)4>::begin() const
                         0x800'0741    0x8  Code  Wk  AllMode.o [4]
std::array<ILed *, (unsigned int)4>::data() const
                         0x800'075b    0x2  Code  Wk  AllMode.o [4]
std::array<ILed *, (unsigned int)4>::end() const
                         0x800'0749    0xa  Code  Wk  AllMode.o [4]
std::array<ILed *, (unsigned int)4>::operator [](unsigned int) const
                         0x800'06c1    0x6  Code  Wk  ChessMode.o [5]
std::array<ILed *, (unsigned int)4>::size() const
                         0x800'073d    0x4  Code  Wk  ChessMode.o [5]
std::array<IMode *, (unsigned int)4>::operator [](unsigned int) const
                         0x800'0725    0x6  Code  Wk  main.o [1]
std::array<IMode *, (unsigned int)4>::size() const
                         0x800'08cd    0x4  Code  Wk  main.o [1]
treeMode                0x2000'0050    0xc  Data  Gb  main.o [1]
unsigned int RegisterBase<(unsigned int)1073874960, (unsigned int)32, ReadMode>::Get<ReadMode, void>()
                         0x800'0be9    0xc  Code  Wk  main.o [1]
unsigned int RegisterBase<(unsigned int)1073874964, (unsigned int)32, ReadWriteMode>::Get<ReadWriteMode, void>()
                         0x800'0b71    0xc  Code  Wk  main.o [1]
userButton1             0x2000'0020   0x20  Data  Gb  main.o [1]
void FieldValueBase<GPIOC_MODER_MODER15_Values<GPIOC::MODER, (unsigned int)12, (unsigned int)2, ReadWriteMode, GPIOC::GPIOCMODERBase>, GPIOC::GPIOCMODERBase, (unsigned int)1>::Set<ReadWriteMode, void>()
                         0x800'0631   0x14  Code  Wk  main.o [1]
void FieldValueBase<GPIOC_MODER_MODER15_Values<GPIOC::MODER, (unsigned int)14, (unsigned int)2, ReadWriteMode, GPIOC::GPIOCMODERBase>, GPIOC::GPIOCMODERBase, (unsigned int)1>::Set<ReadWriteMode, void>()
                         0x800'0645   0x14  Code  Wk  main.o [1]
void FieldValueBase<GPIOC_MODER_MODER15_Values<GPIOC::MODER, (unsigned int)16, (unsigned int)2, ReadWriteMode, GPIOC::GPIOCMODERBase>, GPIOC::GPIOCMODERBase, (unsigned int)1>::Set<ReadWriteMode, void>()
                         0x800'0659   0x14  Code  Wk  main.o [1]
void FieldValueBase<GPIOC_MODER_MODER15_Values<GPIOC::MODER, (unsigned int)18, (unsigned int)2, ReadWriteMode, GPIOC::GPIOCMODERBase>, GPIOC::GPIOCMODERBase, (unsigned int)1>::Set<ReadWriteMode, void>()
                         0x800'066d   0x14  Code  Wk  main.o [1]
void FieldValueBase<RCC_AHB1ENR_DMA2EN_Values<RCC::APB1ENR, (unsigned int)17, (unsigned int)1, ReadWriteMode, RCC::RCCAPB1ENRBase>, RCC::RCCAPB1ENRBase, (unsigned int)1>::Set<ReadWriteMode, void>()
                         0x800'04fd   0x14  Code  Wk  main.o [1]
void FieldValueBase<RCC_AHB1ENR_DMA2EN_Values<RCC::APB1ENR, (unsigned int)3, (unsigned int)1, ReadWriteMode, RCC::RCCAPB1ENRBase>, RCC::RCCAPB1ENRBase, (unsigned int)1>::Set<ReadWriteMode, void>()
                         0x800'05e9   0x14  Code  Wk  main.o [1]
void FieldValueBase<RCC_AHB1ENR_GPIOCEN_Values<RCC::AHB1ENR, (unsigned int)2, (unsigned int)1, ReadWriteMode, RCC::RCCAHB1ENRBase>, RCC::RCCAHB1ENRBase, (unsigned int)1>::Set<ReadWriteMode, void>()
                         0x800'061d   0x14  Code  Wk  main.o [1]
void FieldValueBase<TIM5_CR1_CEN_Values<TIM5::CR1, (unsigned int)0, (unsigned int)1, ReadWriteMode, TIM5::TIM5CR1Base>, TIM5::TIM5CR1Base, (unsigned int)1>::Set<ReadWriteMode, void>()
                         0x800'04e9   0x14  Code  Wk  main.o [1]
void FieldValueBase<TIM5_DIER_UIE_Values<TIM5::DIER, (unsigned int)0, (unsigned int)1, ReadWriteMode, TIM5::TIM5DIERBase>, TIM5::TIM5DIERBase, (unsigned int)1>::Set<ReadWriteMode, void>()
                         0x800'0609   0x14  Code  Wk  main.o [1]
void FieldValueBase<TIM5_SR_UIF_Values<TIM5::SR, (unsigned int)0, (unsigned int)1, ReadWriteMode, TIM5::TIM5SRBase>, TIM5::TIM5SRBase, (unsigned int)0>::Set<ReadWriteMode, void>()
                         0x800'04d9   0x10  Code  Wk  main.o [1]
void FieldValueBase<USART2_CR1_M_Values<USART2::CR1, (unsigned int)12, (unsigned int)1, ReadWriteMode, USART2::USART2CR1Base>, USART2::USART2CR1Base, (unsigned int)0>::Set<ReadWriteMode, void>()
                         0x800'0531   0x10  Code  Wk  main.o [1]
void FieldValueBase<USART2_CR1_RE_Values<USART2::CR1, (unsigned int)2, (unsigned int)1, ReadWriteMode, USART2::USART2CR1Base>, USART2::USART2CR1Base, (unsigned int)1>::Set<ReadWriteMode, void>()
                         0x800'0591   0x14  Code  Wk  main.o [1]
void FieldValueBase<USART2_CR1_RXNEIE_Values<USART2::CR1, (unsigned int)5, (unsigned int)1, ReadWriteMode, USART2::USART2CR1Base>, USART2::USART2CR1Base, (unsigned int)1>::Set<ReadWriteMode, void>()
                         0x800'0569   0x14  Code  Wk  main.o [1]
void FieldValueBase<USART2_CR1_TCIE_Values<USART2::CR1, (unsigned int)6, (unsigned int)1, ReadWriteMode, USART2::USART2CR1Base>, USART2::USART2CR1Base, (unsigned int)1>::Set<ReadWriteMode, void>()
                         0x800'0555   0x14  Code  Wk  main.o [1]
void FieldValueBase<USART2_CR1_TE_Values<USART2::CR1, (unsigned int)3, (unsigned int)1, ReadWriteMode, USART2::USART2CR1Base>, USART2::USART2CR1Base, (unsigned int)1>::Set<ReadWriteMode, void>()
                         0x800'057d   0x14  Code  Wk  main.o [1]
void FieldValueBase<USART2_CR1_TXEIE_Values<USART2::CR1, (unsigned int)7, (unsigned int)1, ReadWriteMode, USART2::USART2CR1Base>, USART2::USART2CR1Base, (unsigned int)1>::Set<ReadWriteMode, void>()
                         0x800'0541   0x14  Code  Wk  main.o [1]
void FieldValueBase<USART2_CR1_UE_Values<USART2::CR1, (unsigned int)13, (unsigned int)1, ReadWriteMode, USART2::USART2CR1Base>, USART2::USART2CR1Base, (unsigned int)1>::Set<ReadWriteMode, void>()
                         0x800'051d   0x14  Code  Wk  main.o [1]
void FieldValueBase<USART2_CR2_STOP_Values<USART2::CR2, (unsigned int)12, (unsigned int)2, ReadWriteMode, USART2::USART2CR2Base>, USART2::USART2CR2Base, (unsigned int)0>::Set<ReadWriteMode, void>()
                         0x800'05a5   0x10  Code  Wk  main.o [1]
void RegisterBase<(unsigned int)1073744932, (unsigned int)32, ReadWriteMode>::Write<ReadWriteMode, void>(unsigned int)
                         0x800'04cd    0xc  Code  Wk  main.o [1]
void RegisterBase<(unsigned int)1073744936, (unsigned int)32, ReadWriteMode>::Write<ReadWriteMode, void>(unsigned int)
                         0x800'05fd    0xc  Code  Wk  main.o [1]
void RegisterBase<(unsigned int)1073744940, (unsigned int)32, ReadWriteMode>::Write<ReadWriteMode, void>(unsigned int)
                         0x800'04c1    0xc  Code  Wk  main.o [1]
void RegisterBase<(unsigned int)1073874964, (unsigned int)32, ReadWriteMode>::Toggle<ReadWriteMode, void>(unsigned int)
                         0x800'0b51   0x10  Code  Wk  main.o [1]
void RegisterBase<(unsigned int)1073874964, (unsigned int)32, ReadWriteMode>::Write<ReadWriteMode, void>(unsigned int)
                         0x800'0b7d    0xc  Code  Wk  main.o [1]
void RegisterBase<(unsigned int)3758153988, (unsigned int)32, ReadWriteMode>::Write<ReadWriteMode, void>(unsigned int)
                         0x800'0511    0xc  Code  Wk  main.o [1]
void RegisterField<USART2::BRR, (unsigned int)4, (unsigned int)12, ReadWriteMode, void>::Set<ReadWriteMode, void>(unsigned int)
                         0x800'05b5   0x34  Code  Wk  main.o [1]
void RegisterField<USART2::BRR, (unsigned int)4, (unsigned int)12, ReadWriteMode, void>::Set<ReadWriteMode, void>(unsigned int)::string
                         0x800'0770   0x9c  Data  Wk  main.o [1]
void RegisterField<USART2::BRR, (unsigned int)4, (unsigned int)12, ReadWriteMode, void>::Set<ReadWriteMode, void>(unsigned int)::string (instance 2)
                         0x800'080c   0x58  Data  Wk  main.o [1]


[1] = R:\POIP\POIP\POIP2\Rabots\Rabota_3\Debug\Obj
[2] = R:\POIP\POIP\POIP2\Rabots\Rabota_3\Debug\Obj\Components\Button
[3] = R:\POIP\POIP\POIP2\Rabots\Rabota_3\Debug\Obj\Components\LED
[4] = R:\POIP\POIP\POIP2\Rabots\Rabota_3\Debug\Obj\Modes\AllMode
[5] = R:\POIP\POIP\POIP2\Rabots\Rabota_3\Debug\Obj\Modes\ChessMode
[6] = R:\POIP\POIP\POIP2\Rabots\Rabota_3\Debug\Obj\Modes\SlideMode
[7] = R:\POIP\POIP\POIP2\Rabots\Rabota_3\Debug\Obj\Modes\TreeMode
[8] = dl7M_tlf.a
[9] = dlpprt7M_tl_fc.a
[10] = m7M_tls.a
[11] = rt7M_tl.a
[12] = shb_l.a

  2'313 bytes of readonly  code memory
    953 bytes of readonly  data memory
  8'348 bytes of readwrite data memory

Errors: none
Warnings: none
