###############################################################################
#
# IAR ELF Linker V9.30.1.335/W64 for ARM                  10/Oct/2022  20:58:34
# Copyright 2007-2022 IAR Systems AB.
#
#    Output file  =  R:\POIP\POIP\MyFreeProject\Debug\Exe\MyFreeProject.out
#    Map file     =  R:\POIP\POIP\MyFreeProject\Debug\List\MyFreeProject.map
#    Command line =
#        -f R:\POIP\POIP\MyFreeProject\Debug\Exe\MyFreeProject.out.rsp
#        (R:\POIP\POIP\MyFreeProject\Debug\Obj\main.o --no_out_extension -o
#        R:\POIP\POIP\MyFreeProject\Debug\Exe\MyFreeProject.out --map
#        R:\POIP\POIP\MyFreeProject\Debug\List\MyFreeProject.map --config
#        R:\Program\IAR\arm\config\generic_cortex.icf --semihosting --entry
#        __iar_program_start --vfe --text_out locale --cpu=Cortex-M3
#        --fpu=None)
#
###############################################################################

*******************************************************************************
*** RUNTIME MODEL ATTRIBUTES
***

CppFlavor                     = *
__CPP_Exceptions              = Disabled
__CPP_Language                = C++14
__CPP_Library                 = DLib
__CPP_Runtime                 = 1
__Heap_Handler                = Basic
__SystemLibrary               = DLib
__dlib_dynamic_initialization = normal
__dlib_version                = 6


*******************************************************************************
*** HEAP SELECTION
***

The basic heap was selected because --advanced_heap
was not specified and the application did not appear to
be primarily optimized for speed.


*******************************************************************************
*** PLACEMENT SUMMARY
***

"A0":  place at address 0x0 { ro section .intvec };
"P1":  place in [from 0x0 to 0x7'ffff] { ro };
define block CSTACK with size = 1K, alignment = 8 { };
define block PROC_STACK with size = 0, alignment = 8 { };
define block HEAP with size = 2K, alignment = 8 { };
"P2":  place in [from 0x2000'0000 to 0x2000'ffff] {
          rw, block CSTACK, block PROC_STACK, block HEAP };
initialize by copy { rw };

  Section                Kind         Address    Size  Object
  -------                ----         -------    ----  ------
"A0":                                            0x40
  .intvec                ro code          0x0    0x40  vector_table_M.o [6]
                                       - 0x40    0x40

"P1":                                          0x3ad0
  .text                  ro code         0x40   0xca6  xprintflarge_nomb.o [2]
  .text                  ro code        0xce6    0x2a  copy_init3.o [6]
  .text                  ro code        0xd10    0x16  strchr.o [6]
  .text                  ro code        0xd26     0xa  xsprout.o [2]
  .text                  ro code        0xd30    0x40  xfail_s.o [2]
  .text                  ro code        0xd70    0x36  strlen.o [6]
  .text                  ro code        0xda6     0x6  iostream_cout.o [3]
  .text                  ro code        0xdac    0x58  memchr.o [6]
  .text                  ro code        0xe04    0x76  ABImemcpy_unaligned.o [6]
  .text                  ro code        0xe7a     0x2  iostream_cout.o [3]
  .text                  ro code        0xe7c    0x70  frexp.o [5]
  .text                  ro code        0xeec   0x246  DblDiv.o [5]
  .text                  ro code       0x1132     0x2  iostream_cout.o [3]
  .text                  ro code       0x1134    0x22  DblToU32.o [5]
  .text                  ro code       0x1156     0x2  vectortrap_M.o [6]
  .text                  ro code       0x1158    0x1c  U32ToDbl.o [5]
  .text                  ro code       0x1174   0x24e  DblAddSub.o [5]
  .rodata                const         0x13c2     0x1  main.o [1]
  .rodata                zero          0x13c3     0x1  main.o [1]
  .text                  ro code       0x13c4   0x1aa  DblMul.o [5]
  .rodata                zero          0x156e     0x1  main.o [1]
  .rodata                const         0x156f     0x1  unwind_debug.o [7]
  .text                  ro code       0x1570   0x230  I64DivMod.o [6]
  .text                  ro code       0x17a0     0x6  abort.o [2]
  .text                  ro code       0x17a8     0x2  I64DivZer.o [6]
  .text                  ro code       0x17ac    0x14  exit.o [7]
  .text                  ro code       0x17c0    0x7c  iarttio.o [7]
  .text                  ro code       0x183c     0x8  XShttio.o [2]
  .text                  ro code       0x1844   0x234  main.o [1]
  .text                  ro code       0x1a78     0x4  main.o [1]
  .text                  ro code       0x1a7c     0x6  main.o [1]
  .text                  ro code       0x1a84    0x20  main.o [1]
  .text                  ro code       0x1aa4    0x2a  main.o [1]
  .text                  ro code       0x1ace     0xc  main.o [1]
  .text                  ro code       0x1ada    0x12  main.o [1]
  .text                  ro code       0x1aec    0x30  main.o [1]
  .text                  ro code       0x1b1c     0xa  main.o [1]
  .text                  ro code       0x1b26     0xc  main.o [1]
  .text                  ro code       0x1b32     0xa  main.o [1]
  .text                  ro code       0x1b3c    0x96  main.o [1]
  .text                  ro code       0x1bd2     0xa  main.o [1]
  .text                  ro code       0x1bdc     0x4  main.o [1]
  .text                  ro code       0x1be0    0x2e  main.o [1]
  .text                  ro code       0x1c0e    0x2e  main.o [1]
  .text                  ro code       0x1c3c     0x8  main.o [1]
  .text                  ro code       0x1c44    0x12  main.o [1]
  .text                  ro code       0x1c58    0x18  main.o [1]
  .text                  ro code       0x1c70     0x8  main.o [1]
  .text                  ro code       0x1c78    0x7a  main.o [1]
  .text                  ro code       0x1cf2    0x3a  main.o [1]
  .text                  ro code       0x1d2c     0xc  main.o [1]
  .text                  ro code       0x1d38    0x18  main.o [1]
  .text                  ro code       0x1d50     0xa  cxxabi.o [4]
  .text                  ro code       0x1d5a     0xc  main.o [1]
  .text                  ro code       0x1d66     0xa  main.o [1]
  .text                  ro code       0x1d70    0x7a  main.o [1]
  .text                  ro code       0x1dea     0xe  main.o [1]
  .text                  ro code       0x1df8    0x2a  main.o [1]
  .text                  ro code       0x1e22    0x28  main.o [1]
  .text                  ro code       0x1e4a     0xa  main.o [1]
  .text                  ro code       0x1e54     0x2  main.o [1]
  .text                  ro code       0x1e56    0x2e  main.o [1]
  .text                  ro code       0x1e84     0x2  main.o [1]
  .text                  ro code       0x1e86     0x8  main.o [1]
  .text                  ro code       0x1e90    0x18  main.o [1]
  .text                  ro code       0x1ea8     0xa  main.o [1]
  .text                  ro code       0x1eb2     0x8  main.o [1]
  .text                  ro code       0x1eba     0x8  main.o [1]
  .text                  ro code       0x1ec2     0x8  main.o [1]
  .text                  ro code       0x1ecc    0x10  main.o [1]
  .text                  ro code       0x1edc     0xe  main.o [1]
  .text                  ro code       0x1eea     0x8  main.o [1]
  .text                  ro code       0x1ef2     0x8  main.o [1]
  .text                  ro code       0x1efa    0x12  main.o [1]
  .text                  ro code       0x1f0c     0x8  main.o [1]
  .text                  ro code       0x1f14    0xa0  cppinit.o [2]
  .text                  ro code       0x1fb4     0x8  main.o [1]
  .text                  ro code       0x1fbc    0x12  main.o [1]
  .text                  ro code       0x1fce    0x18  main.o [1]
  .text                  ro code       0x1fe6    0xd6  main.o [1]
  .text                  ro code       0x20bc    0x78  ABImemmove_unaligned.o [6]
  .text                  ro code       0x2134     0x6  main.o [1]
  .text                  ro code       0x213a    0x10  main.o [1]
  .text                  ro code       0x214a    0x32  main.o [1]
  .text                  ro code       0x217c    0x12  main.o [1]
  .text                  ro code       0x2190     0xc  main.o [1]
  .text                  ro code       0x219c    0x1c  main.o [1]
  .text                  ro code       0x21b8     0x2  main.o [1]
  .text                  ro code       0x21ba     0x8  main.o [1]
  .text                  ro code       0x21c2     0x2  main.o [1]
  .text                  ro code       0x21c4     0xc  main.o [1]
  .text                  ro code       0x21d0     0x2  main.o [1]
  .text                  ro code       0x21d4    0x28  main.o [1]
  .text                  ro code       0x21fc     0x2  main.o [1]
  .text                  ro code       0x21fe     0x8  main.o [1]
  .text                  ro code       0x2206     0x8  main.o [1]
  .text                  ro code       0x220e     0x8  main.o [1]
  .text                  ro code       0x2216     0x2  main.o [1]
  .text                  ro code       0x2218    0x18  main.o [1]
  .text                  ro code       0x2230    0x66  ABImemset.o [6]
  .text                  ro code       0x2296    0x18  main.o [1]
  .text                  ro code       0x22ae     0xe  main.o [1]
  .text                  ro code       0x22bc     0x4  main.o [1]
  .text                  ro code       0x22c0     0x2  main.o [1]
  .text                  ro code       0x22c2     0x8  main.o [1]
  .text                  ro code       0x22ca     0xa  main.o [1]
  .text                  ro code       0x22d4     0x2  main.o [1]
  .text                  ro code       0x22d6     0x8  main.o [1]
  .text                  ro code       0x22e0    0x44  main.o [1]
  .text                  ro code       0x2324     0x4  main.o [1]
  .text                  ro code       0x2328     0x2  main.o [1]
  .text                  ro code       0x232a     0x8  main.o [1]
  .text                  ro code       0x2332     0xc  main.o [1]
  .text                  ro code       0x233e     0x2  main.o [1]
  .text                  ro code       0x2340    0x18  main.o [1]
  .text                  ro code       0x2358     0x2  main.o [1]
  .text                  ro code       0x235a     0xa  delop_0.o [4]
  .text                  ro code       0x2364    0x34  main.o [1]
  .text                  ro code       0x2398    0x1a  main.o [1]
  .text                  ro code       0x23b2     0x6  main.o [1]
  .text                  ro code       0x23b8    0x12  main.o [1]
  .text                  ro code       0x23ca    0x20  main.o [1]
  .text                  ro code       0x23ea     0x4  heaptramp0.o [2]
  .text                  ro code       0x23f0   0x13c  heap0.o [2]
  .text                  ro code       0x252c    0x24  newop_0.o [4]
  .text                  ro code       0x2550     0x4  main.o [1]
  .text                  ro code       0x2554    0x2c  xgetmemchunk.o [2]
  .text                  ro code       0x2580     0x4  nomemory.o [4]
  .text                  ro code       0x2584   0x1b2  main.o [1]
  .text                  ro code       0x2736     0x8  main.o [1]
  .text                  ro code       0x273e    0x72  main.o [1]
  .text                  ro code       0x27b0     0x4  main.o [1]
  .text                  ro code       0x27b4     0x8  main.o [1]
  .text                  ro code       0x27bc     0x6  main.o [1]
  .text                  ro code       0x27c2     0x4  main.o [1]
  .text                  ro code       0x27c6     0xa  main.o [1]
  .text                  ro code       0x27d0    0x28  main.o [1]
  .text                  ro code       0x27f8     0xe  main.o [1]
  .text                  ro code       0x2806     0x8  main.o [1]
  .text                  ro code       0x280e    0x14  main.o [1]
  .text                  ro code       0x2822     0x4  main.o [1]
  .text                  ro code       0x2826    0x54  main.o [1]
  .text                  ro code       0x287a     0x4  main.o [1]
  .text                  ro code       0x287e    0x18  main.o [1]
  .text                  ro code       0x2896     0x8  main.o [1]
  .text                  ro code       0x289e    0x28  main.o [1]
  .text                  ro code       0x28c6     0xa  main.o [1]
  .text                  ro code       0x28d0    0x14  main.o [1]
  .text                  ro code       0x28e4   0x100  ios.o [3]
  .text                  ro code       0x29e4     0x8  main.o [1]
  .text                  ro code       0x29ec    0x54  main.o [1]
  .text                  ro code       0x2a40     0x8  main.o [1]
  .text                  ro code       0x2a48     0x4  delop4_0.o [4]
  .text                  ro code       0x2a4c    0x48  main.o [1]
  .text                  ro code       0x2a94    0x46  main.o [1]
  .text                  ro code       0x2adc   0x174  main.o [1]
  .text                  ro code       0x2c50    0xa2  main.o [1]
  .text                  ro code       0x2cf2     0x6  main.o [1]
  .text                  ro code       0x2cf8    0xaa  main.o [1]
  .text                  ro code       0x2da2    0xcc  main.o [1]
  .text                  ro code       0x2e6e    0xa2  main.o [1]
  .text                  ro code       0x2f10    0x20  main.o [1]
  .text                  ro code       0x2f30     0x8  main.o [1]
  .text                  ro code       0x2f38    0x28  main.o [1]
  .text                  ro code       0x2f60     0x4  main.o [1]
  .text                  ro code       0x2f64    0x2c  main.o [1]
  .text                  ro code       0x2f90    0x28  main.o [1]
  .text                  ro code       0x2fb8    0x28  main.o [1]
  .text                  ro code       0x2fe0    0x18  main.o [1]
  .text                  ro code       0x2ff8     0x8  main.o [1]
  .text                  ro code       0x3000     0xc  main.o [1]
  .text                  ro code       0x300c    0xa0  main.o [1]
  .text                  ro code       0x30ac    0x90  iostream_cout.o [3]
  .text                  ro code       0x313c    0x5c  iostream_cout.o [3]
  .text                  ro code       0x3198    0x7c  main.o [1]
  .text                  ro code       0x3214    0x22  main.o [1]
  .text                  ro code       0x3236    0x6c  main.o [1]
  .text                  ro code       0x32a2    0x76  main.o [1]
  .text                  ro code       0x3318    0x60  main.o [1]
  .text                  ro code       0x3378    0x40  sprintf.o [2]
  .text                  ro code       0x33b8    0x60  main.o [1]
  .text                  ro code       0x3418    0x60  main.o [1]
  .text                  ro code       0x3478    0x5e  iostream_cout.o [3]
  .text                  ro code       0x34d6    0x52  main.o [1]
  .text                  ro code       0x3528    0x32  main.o [1]
  .rodata                const         0x355c    0x44  iostream_cout.o [3]
  .rodata                const         0x35a0    0x44  iostream_cout.o [3]
  .text                  ro code       0x35e4    0x44  main.o [1]
  .text                  ro code       0x3628    0x38  iostream_cout.o [3]
  .text                  ro code       0x3660    0x20  putchar.o [2]
  .text                  ro code       0x3680    0x10  write.o [7]
  .text                  ro code       0x3690    0x1e  dwrite.o [7]
  .text                  ro code       0x36ae    0x20  iarwstd.o [7]
  .text                  ro code       0x36ce    0x22  iarwrite.o [7]
  .text                  ro code       0x36f0    0x38  zero_init3.o [6]
  .rodata                const         0x3728    0x30  main.o [1]
  .rodata                const         0x3758    0x30  main.o [1]
  .text                  ro code       0x3788    0x2e  main.o [1]
  .text                  ro code       0x37b6    0x12  main.o [1]
  .text                  ro code       0x37c8     0x6  main.o [1]
  .rodata                const         0x37d0    0x28  iostream_cout.o [3]
  .text                  ro code       0x37f8    0x28  data_init.o [6]
  .rodata                const         0x3820    0x24  main.o [1]
  .rodata                const         0x3844    0x24  main.o [1]
  .text                  ro code       0x3868    0x24  main.o [1]
  .text                  ro code       0x388c    0x18  main.o [1]
  .iar.init_table        const         0x38a4    0x28  - Linker created -
  .rodata                const         0x38cc    0x20  main.o [1]
  .rodata                const         0x38ec    0x20  main.o [1]
  .text                  ro code       0x390c    0x20  cmain_call_ctors.o [6]
  .text                  ro code       0x392c    0x1e  cmain.o [6]
  .text                  ro code       0x394a     0x4  low_level_init.o [2]
  .text                  ro code       0x394e     0x4  exit.o [2]
  .text                  ro code       0x3954     0xe  cexit.o [6]
  .text                  ro code       0x3964    0x1c  cstartup_M.o [6]
  .rodata                const         0x3980    0x18  main.o [1]
  .text                  ro code       0x3998    0x18  main.o [1]
  .text                  ro code       0x39b0    0x18  main.o [1]
  .rodata                const         0x39c8    0x14  main.o [1]
  .rodata                const         0x39dc    0x14  main.o [1]
  .rodata                const         0x39f0    0x14  main.o [1]
  .rodata                const         0x3a04    0x14  main.o [1]
  .text                  ro code       0x3a18    0x14  iostream_cout.o [3]
  .rodata                const         0x3a2c    0x10  main.o [1]
  .rodata                const         0x3a3c    0x10  main.o [1]
  .rodata                const         0x3a4c    0x10  ios.o [3]
  .rodata                const         0x3a5c    0x10  iostream_cout.o [3]
  Initializer bytes      const         0x3a6c    0x10  <for P2-1>
  .text                  ro code       0x3a7c     0xe  main.o [1]
  .text                  ro code       0x3a8a     0x8  main.o [1]
  .text                  ro code       0x3a92     0xe  iostream_cout.o [3]
  .rodata                const         0x3aa0     0xc  main.o [1]
  .rodata                const         0x3aac     0xc  main.o [1]
  .rodata                const         0x3ab8     0xc  main.o [1]
  .text                  ro code       0x3ac4     0xa  main.o [1]
  .rodata                const         0x3ad0     0x8  main.o [1]
  .rodata                const         0x3ad8     0x8  main.o [1]
  .rodata                const         0x3ae0     0x8  main.o [1]
  .rodata                const         0x3ae8     0x8  main.o [1]
  SHT$$PREINIT_ARRAY                   0x3af0     0x4  <Block>
    .preinit_array       const         0x3af0     0x4  iostream_cout.o [3]
  SHT$$INIT_ARRAY                      0x3af4     0x4  <Block>
    .init_array          const         0x3af4     0x4  ios.o [3]
  __iar_tls$$INIT_ARRAY                0x3af8     0x0  <Block>
  .rodata                const         0x3af8     0x4  main.o [1]
  .rodata                const         0x3afc     0x4  main.o [1]
  .rodata                const         0x3b00     0x4  main.o [1]
  .rodata                const         0x3b04     0x4  main.o [1]
  .text                  ro code       0x3b08     0x4  main.o [1]
  .text                  ro code       0x3b0c     0x4  iostream_cout.o [3]
  .text                  ro code       0x3b10     0x0  cstart_call_dtors.o [6]
  .rodata                const         0x3b10     0x0  zero_init3.o [6]
  .rodata                const         0x3b10     0x0  copy_init3.o [6]
                                     - 0x3b10  0x3ad0

"P2", part 1 of 3:                               0x10
  P2-1                            0x2000'0000    0x10  <Init block>
    .data                inited   0x2000'0000     0x8  main.o [1]
    .data                inited   0x2000'0008     0x8  XShttio.o [2]
                                - 0x2000'0010    0x10

"P2", part 2 of 3:                               0xf0
  .bss                   zero     0x2000'0010    0x70  iostream_cout.o [3]
  .bss                   zero     0x2000'0080    0x34  ios.o [3]
  .bss                   zero     0x2000'00b4    0x14  main.o [1]
  .bss                   zero     0x2000'00c8    0x10  ios.o [3]
  .bss                   zero     0x2000'00d8     0x8  heap0.o [2]
  .bss                   zero     0x2000'00e0     0x4  main.o [1]
  .bss                   zero     0x2000'00e4     0x4  main.o [1]
  .bss                   zero     0x2000'00e8     0x4  cppinit.o [2]
  .bss                   zero     0x2000'00ec     0x4  cppinit.o [2]
  .bss                   zero     0x2000'00f0     0x4  new.o [4]
  .bss                   zero     0x2000'00f4     0x4  xgetmemchunk.o [2]
  .bss                   zero     0x2000'00f8     0x4  xfail_s.o [2]
  .bss                   zero     0x2000'00fc     0x1  main.o [1]
  .bss                   zero     0x2000'00fd     0x1  main.o [1]
  .bss                   zero     0x2000'00fe     0x1  main.o [1]
                                - 0x2000'00ff    0xef

"P2", part 3 of 3:                              0xda8
  .iar.dynexit                    0x2000'0100   0x1a4  <Block>
    .iar.dynexit         uninit   0x2000'0100     0xc  cppinit.o [2]
    .iar.dynexit         uninit   0x2000'010c   0x198  <Block tail>
  CSTACK                          0x2000'02a8   0x400  <Block>
    CSTACK               uninit   0x2000'02a8   0x400  <Block tail>
  HEAP                            0x2000'06a8   0x800  <Block>
    HEAP                 uninit   0x2000'06a8   0x800  <Block tail>
                                - 0x2000'0ea8   0xda8

Unused ranges:

         From           To      Size
         ----           --      ----
       0x3b10     0x7'ffff  0x7'c4f0
  0x2000'0ea8  0x2000'ffff    0xf158


*******************************************************************************
*** INIT TABLE
***

          Address      Size
          -------      ----
Zero (__iar_zero_init3)
    1 destination range, total size 0xef:
          0x2000'0010  0xef

Copy (__iar_copy_init3)
    1 source range, total size 0x10:
               0x3a6c  0x10
    1 destination range, total size 0x10:
          0x2000'0000  0x10

Extra (__iar_cstart_call_ctors)



*******************************************************************************
*** MODULE SUMMARY
***

    Module                  ro code  ro data  rw data
    ------                  -------  -------  -------
command line/config:
    -------------------------------------------------
    Total:

R:\POIP\POIP\MyFreeProject\Debug\Obj: [1]
    main.o                    6'250      461       41
    -------------------------------------------------
    Total:                    6'250      461       41

dl7M_tln.a: [2]
    XShttio.o                     8        8        8
    abort.o                       6
    cppinit.o                   160                20
    exit.o                        4
    heap0.o                     316                 8
    heaptramp0.o                  4
    low_level_init.o              4
    putchar.o                    32
    sprintf.o                    64
    xfail_s.o                    64                 4
    xgetmemchunk.o               44                 4
    xprintflarge_nomb.o       3'238
    xsprout.o                    10
    -------------------------------------------------
    Total:                    3'954        8       44

dlpp7M_tl_nc.a: [3]
    ios.o                       256       20       68
    iostream_cout.o             434      196      112
    -------------------------------------------------
    Total:                      690      216      180

dlpprt7M_tl_nc.a: [4]
    cxxabi.o                     10
    delop4_0.o                    4
    delop_0.o                    10
    new.o                                           4
    newop_0.o                    36
    nomemory.o                    4
    -------------------------------------------------
    Total:                       64                 4

m7M_tl.a: [5]
    DblAddSub.o                 590
    DblDiv.o                    582
    DblMul.o                    426
    DblToU32.o                   34
    U32ToDbl.o                   28
    frexp.o                     112
    -------------------------------------------------
    Total:                    1'772

rt7M_tl.a: [6]
    ABImemcpy_unaligned.o       118
    ABImemmove_unaligned.o      120
    ABImemset.o                 102
    I64DivMod.o                 560
    I64DivZer.o                   2
    cexit.o                      14
    cmain.o                      30
    cmain_call_ctors.o           32
    copy_init3.o                 42
    cstart_call_dtors.o
    cstartup_M.o                 28
    data_init.o                  40
    memchr.o                     88
    strchr.o                     22
    strlen.o                     54
    vector_table_M.o             64
    vectortrap_M.o                2
    zero_init3.o                 56
    -------------------------------------------------
    Total:                    1'374

shb_l.a: [7]
    dwrite.o                     30
    exit.o                       20
    iarttio.o                   124
    iarwrite.o                   34
    iarwstd.o                    32
    unwind_debug.o                         1
    write.o                      16
    -------------------------------------------------
    Total:                      256        1

    Gaps                         26        6
    Linker created                        40    3'480
-----------------------------------------------------
    Grand Total:             14'386      732    3'749


*******************************************************************************
*** ENTRY LIST
***

Entry                       Address   Size  Type      Object
-----                       -------   ----  ----      ------
.iar.dynexit$$Base      0x2000'0100          --   Gb  - Linker created -
.iar.dynexit$$Limit     0x2000'02a4          --   Gb  - Linker created -
.iar.init_table$$Base        0x38a4          --   Gb  - Linker created -
.iar.init_table$$Limit       0x38cc          --   Gb  - Linker created -
?main                        0x392d         Code  Gb  cmain.o [6]
Aldata                  0x2000'00d8    0x8  Data  Lc  heap0.o [2]
BusFault_Handler             0x1157         Code  Wk  vectortrap_M.o [6]
CSTACK$$Base            0x2000'02a8          --   Gb  - Linker created -
CSTACK$$Limit           0x2000'06a8          --   Gb  - Linker created -
DebugMon_Handler             0x1157         Code  Wk  vectortrap_M.o [6]
DtorRecArray            0x2000'0100    0xc  Data  Lc  cppinit.o [2]
HEAP$$Base              0x2000'06a8          --   Gb  - Linker created -
HEAP$$Limit             0x2000'0ea8          --   Gb  - Linker created -
HardFault_Handler            0x1157         Code  Wk  vectortrap_M.o [6]
Initialization guard variable for std::ctype<char> const & std::use_facet<std::ctype<char>>()::_MyFacet
                        0x2000'00fd    0x1  Data  Wk  main.o [1]
Initialization guard variable for std::num_put<char, std::ostreambuf_iterator<char, std::char_traits<char>>> const & std::use_facet<std::num_put<char, std::ostreambuf_iterator<char, std::char_traits<char>>>>()::_MyFacet
                        0x2000'00fc    0x1  Data  Wk  main.o [1]
Initialization guard variable for std::numpunct<char> const & std::use_facet<std::numpunct<char>>()::_MyFacet
                        0x2000'00fe    0x1  Data  Wk  main.o [1]
MemManage_Handler            0x1157         Code  Wk  vectortrap_M.o [6]
NMI_Handler                  0x1157         Code  Wk  vectortrap_M.o [6]
PendSV_Handler               0x1157         Code  Wk  vectortrap_M.o [6]
Region$$Table$$Base          0x38a4          --   Gb  - Linker created -
Region$$Table$$Limit         0x38cc          --   Gb  - Linker created -
SHT$$INIT_ARRAY$$Base        0x3af4          --   Gb  - Linker created -
SHT$$INIT_ARRAY$$Limit       0x3af8          --   Gb  - Linker created -
SHT$$PREINIT_ARRAY$$Base
                             0x3af0          --   Gb  - Linker created -
SHT$$PREINIT_ARRAY$$Limit
                             0x3af4          --   Gb  - Linker created -
SVC_Handler                  0x1157         Code  Wk  vectortrap_M.o [6]
SysTick_Handler              0x1157         Code  Wk  vectortrap_M.o [6]
UsageFault_Handler           0x1157         Code  Wk  vectortrap_M.o [6]
Virtual function table for std::_Wrap_facet<std::ctype<char>>
                             0x3a3c   0x10  Data  Wk  main.o [1]
Virtual function table for std::_Wrap_facet<std::num_put<char, std::ostreambuf_iterator<char, std::char_traits<char>>>>
                             0x3758   0x30  Data  Wk  main.o [1]
Virtual function table for std::_Wrap_facet<std::numpunct<char>>
                             0x3844   0x24  Data  Wk  main.o [1]
Virtual function table for std::__nobasic_filebuf<char, std::char_traits<char>>
                             0x35a0   0x44  Data  Wk  iostream_cout.o [3]
Virtual function table for std::ctype<char>
                             0x3a2c   0x10  Data  Wk  main.o [1]
Virtual function table for std::ios
                             0x3a5c   0x10  Data  Wk  iostream_cout.o [3]
Virtual function table for std::ios_base
                             0x3a4c   0x10  Data  Wk  ios.o [3]
Virtual function table for std::num_put<char, std::ostreambuf_iterator<char, std::char_traits<char>>>
                             0x3728   0x30  Data  Wk  main.o [1]
Virtual function table for std::numpunct<char>
                             0x3820   0x24  Data  Wk  main.o [1]
Virtual function table for std::ostream
                             0x37d0   0x28  Data  Wk  iostream_cout.o [3]
Virtual function table for std::streambuf
                             0x355c   0x44  Data  Wk  iostream_cout.o [3]
[local to ios_cpp]::std::stdopens
                        0x2000'0080    0xc  Data  Lc  ios.o [3]
[local to ios_cpp]::std::stdstr
                        0x2000'008c   0x28  Data  Lc  ios.o [3]
[local to iostream_cout_cpp]::std::__iarcoutguard
                        0x2000'003c    0x1  Data  Lc  iostream_cout.o [3]
[local to iostream_cout_cpp]::std::fout
                        0x2000'0040   0x40  Data  Lc  iostream_cout.o [3]
_LC                            0x41    0x6  Code  Lc  xprintflarge_nomb.o [2]
_LitobLargeNoMb               0xadf  0x114  Code  Lc  xprintflarge_nomb.o [2]
_PrintfLargeNoMb               0x47  0xa92  Code  Gb  xprintflarge_nomb.o [2]
_PutcharsLargeNoMb            0xc4d   0x2e  Code  Lc  xprintflarge_nomb.o [2]
_SProut                       0xd27    0xa  Code  Gb  xsprout.o [2]
__aeabi_atexit               0x1d51    0xa  Code  Gb  cxxabi.o [4]
__aeabi_d2uiz                0x1135         Code  Gb  DblToU32.o [5]
__aeabi_ddiv                  0xeed         Code  Gb  DblDiv.o [5]
__aeabi_dmul                 0x13c5         Code  Gb  DblMul.o [5]
__aeabi_dsub                 0x12e1         Code  Gb  DblAddSub.o [5]
__aeabi_ldiv0                0x17a9         Code  Gb  I64DivZer.o [6]
__aeabi_memset               0x2231         Code  Gb  ABImemset.o [6]
__aeabi_ui2d                 0x1159         Code  Gb  U32ToDbl.o [5]
__aeabi_uldivmod             0x1571         Code  Gb  I64DivMod.o [6]
__basic_free                 0x249d   0x16  Code  Gb  heap0.o [2]
__basic_free_intern          0x24b3   0x74  Code  Lc  heap0.o [2]
__basic_malloc               0x23f1   0x18  Code  Gb  heap0.o [2]
__basic_malloc_intern        0x2409   0x94  Code  Lc  heap0.o [2]
__call_ctors                 0x1f15   0x18  Code  Gb  cppinit.o [2]
__call_dtors                 0x1f63    0xc  Code  Gb  cppinit.o [2]
__call_dtors0                0x1f6f   0x36  Code  Gb  cppinit.o [2]
__cexit_call_dtors           0x3957         Code  Gb  cexit.o [6]
__cmain                      0x392d         Code  Gb  cmain.o [6]
__cstart_call_dtors          0x3b10         Data  Gb  cstart_call_dtors.o [6]
__cxa_atexit                 0x1f2d   0x36  Code  Gb  cppinit.o [2]
__data_GetMemChunk           0x2555   0x2c  Code  Gb  xgetmemchunk.o [2]
__data_GetMemChunk::start
                        0x2000'00f4    0x4  Data  Lc  xgetmemchunk.o [2]
__dso_handle            0x2000'00ec    0x4  Data  Gb  cppinit.o [2]
__dwrite                     0x3691   0x1e  Code  Gb  dwrite.o [7]
__exit                       0x17ad   0x14  Code  Gb  exit.o [7]
__iar_Fail_s                  0xd31   0x1c  Code  Gb  xfail_s.o [2]
__iar_Memchr                  0xdad         Code  Gb  memchr.o [6]
__iar_Memset                 0x2231         Code  Gb  ABImemset.o [6]
__iar_Memset_word            0x2239         Code  Gb  ABImemset.o [6]
__iar_Strchr                  0xd11         Code  Gb  strchr.o [6]
__iar_close_ttio             0x17c1   0x2c  Code  Gb  iarttio.o [7]
__iar_copy_init3              0xce7   0x2a  Code  Gb  copy_init3.o [6]
__iar_cstart_call_ctors
                             0x390d   0x20  Code  Gb  cmain_call_ctors.o [6]
__iar_data_init3             0x37f9   0x28  Code  Gb  data_init.o [6]
__iar_debug_exceptions       0x156f    0x1  Data  Gb  unwind_debug.o [7]
__iar_frexp                   0xe89         Code  Gb  frexp.o [5]
__iar_frexp64                 0xe7d         Code  Gb  frexp.o [5]
__iar_frexpl                  0xe89         Code  Gb  frexp.o [5]
__iar_get_ttio               0x17ed   0x4c  Code  Gb  iarttio.o [7]
__iar_lookup_ttioh           0x183d    0x8  Code  Gb  XShttio.o [2]
__iar_program_start          0x3965         Code  Gb  cstartup_M.o [6]
__iar_sh_stdout              0x36af   0x20  Code  Gb  iarwstd.o [7]
__iar_sh_write               0x36cf   0x22  Code  Gb  iarwrite.o [7]
__iar_tls$$INIT_ARRAY$$Base
                             0x3af8          --   Gb  - Linker created -
__iar_tls$$INIT_ARRAY$$Limit
                             0x3af8          --   Gb  - Linker created -
__iar_ttio_handles      0x2000'0008    0x8  Data  Lc  XShttio.o [2]
__iar_unaligned_memcpy        0xe05         Code  Gb  ABImemcpy_unaligned.o [6]
__iar_unaligned_memcpy4
                              0xe25         Code  Gb  ABImemcpy_unaligned.o [6]
__iar_unaligned_memcpy8
                              0xe25         Code  Gb  ABImemcpy_unaligned.o [6]
__iar_unaligned_memmove
                             0x20bd         Code  Gb  ABImemmove_unaligned.o [6]
__iar_unaligned_memmove4
                             0x20bd         Code  Gb  ABImemmove_unaligned.o [6]
__iar_unaligned_memmove8
                             0x20bd         Code  Gb  ABImemmove_unaligned.o [6]
__iar_zero_init3             0x36f1   0x38  Code  Gb  zero_init3.o [6]
__low_level_init             0x394b    0x4  Code  Gb  low_level_init.o [2]
__sti__routine               0x28e7    0xa  Code  Lc  ios.o [3]
__sti__routine               0x30ad   0x90  Code  Lc  iostream_cout.o [3]
__vector_table                  0x0         Data  Gb  vector_table_M.o [6]
__write                      0x3681   0x10  Code  Gb  write.o [7]
_call_main                   0x3939         Code  Gb  cmain.o [6]
_exit                        0x3955         Code  Gb  cexit.o [6]
abort                        0x17a1    0x6  Code  Gb  abort.o [2]
char * && std::forward<char *>(std::remove_reference<char *>::type &)
                             0x233f    0x2  Code  Wk  main.o [1]
char * std::_Addressof<char>(char &, std::integral_constant<bool, (bool)0>)
                             0x21c3    0x2  Code  Wk  main.o [1]
char * std::_Allocate<char>(unsigned int, char *)
                             0x23b9   0x12  Code  Wk  main.o [1]
char * std::_Maklocstr<char>(char const *, char *)
                             0x2365   0x34  Code  Wk  main.o [1]
char * std::addressof<char>(char &)
                             0x1ecd   0x10  Code  Wk  main.o [1]
char std::_Maklocchr<char>(char, char *)
                             0x2325    0x4  Code  Wk  main.o [1]
const std::allocator<char>& && std::forward<const std::allocator<char>&>(std::remove_reference<const std::allocator<char>&>::type &)
                             0x22c1    0x2  Code  Wk  main.o [1]
exit                         0x394f    0x4  Code  Gb  exit.o [2]
free                         0x23eb    0x4  Code  Gb  heaptramp0.o [2]
frexp                         0xe7d         Code  Gb  frexp.o [5]
frexpl                        0xe7d         Code  Gb  frexp.o [5]
j                       0x2000'0000    0x8  Data  Gb  main.o [1]
main                         0x2add  0x174  Code  Gb  main.o [1]
memchr                        0xdad         Code  Gb  memchr.o [6]
next_abi_dtor_rec       0x2000'00e8    0x4  Data  Lc  cppinit.o [2]
operator delete (void *)
                             0x235b    0xa  Code  Gb  delop_0.o [4]
operator delete (void *, unsigned int)
                             0x2a49    0x4  Code  Gb  delop4_0.o [4]
operator new (unsigned int)
                             0x252d   0x24  Code  Gb  newop_0.o [4]
operator new (unsigned int, void *)
                             0x2551    0x4  Code  Wk  main.o [1]
putchar                      0x3661   0x20  Code  Gb  putchar.o [2]
scale                         0xbf3   0x46  Code  Lc  xprintflarge_nomb.o [2]
sec_hand                0x2000'00f8    0x4  Data  Lc  xfail_s.o [2]
sprintf                      0x3379   0x40  Code  Gb  sprintf.o [2]
std::_Compressed_pair<std::_Wrap_alloc<std::allocator<char>>, std::_String_val<std::_Simple_types<char>>, (bool)1>::_Compressed_pair<const std::allocator<char>&>(std::_One_then_variadic_args_t, const std::allocator<char>& &&,  &&...)
                             0x219d   0x1c  Code  Wk  main.o [1]
std::_Compressed_pair<std::_Wrap_alloc<std::allocator<char>>, std::_String_val<std::_Simple_types<char>>, (bool)1>::_Get_first()
                             0x21b9    0x2  Code  Wk  main.o [1]
std::_Compressed_pair<std::_Wrap_alloc<std::allocator<char>>, std::_String_val<std::_Simple_types<char>>, (bool)1>::_Get_first() const
                             0x2329    0x2  Code  Wk  main.o [1]
std::_Compressed_pair<std::_Wrap_alloc<std::allocator<char>>, std::_String_val<std::_Simple_types<char>>, (bool)1>::_Get_second()
                             0x21d1    0x2  Code  Wk  main.o [1]
std::_Compressed_pair<std::_Wrap_alloc<std::allocator<char>>, std::_String_val<std::_Simple_types<char>>, (bool)1>::_Get_second() const
                             0x21fd    0x2  Code  Wk  main.o [1]
std::_Fpz               0x2000'00c8   0x10  Data  Gb  ios.o [3]
std::_NomemoryNothrow()
                             0x2581    0x4  Code  Gb  nomemory.o [4]
std::_String_alloc<std::_String_base_types<char, std::allocator<char>>>::_Bx()
                             0x1eb3    0x8  Code  Wk  main.o [1]
std::_String_alloc<std::_String_base_types<char, std::allocator<char>>>::_Get_data()
                             0x1ef3    0x8  Code  Wk  main.o [1]
std::_String_alloc<std::_String_base_types<char, std::allocator<char>>>::_Get_data() const
                             0x1fb5    0x8  Code  Wk  main.o [1]
std::_String_alloc<std::_String_base_types<char, std::allocator<char>>>::_Getal()
                             0x1ebb    0x8  Code  Wk  main.o [1]
std::_String_alloc<std::_String_base_types<char, std::allocator<char>>>::_Getal() const
                             0x21ff    0x8  Code  Wk  main.o [1]
std::_String_alloc<std::_String_base_types<char, std::allocator<char>>>::_Myptr()
                             0x1d2d    0xc  Code  Wk  main.o [1]
std::_String_alloc<std::_String_base_types<char, std::allocator<char>>>::_Myptr() const
                             0x1d5b    0xc  Code  Wk  main.o [1]
std::_String_alloc<std::_String_base_types<char, std::allocator<char>>>::_Myres()
                             0x1ea9    0xa  Code  Wk  main.o [1]
std::_String_alloc<std::_String_base_types<char, std::allocator<char>>>::_Mysize()
                             0x1d67    0xa  Code  Wk  main.o [1]
std::_String_alloc<std::_String_base_types<char, std::allocator<char>>>::_Mysize() const
                             0x1e4b    0xa  Code  Wk  main.o [1]
std::_String_alloc<std::_String_base_types<char, std::allocator<char>>>::_String_alloc(const std::allocator<char>&)
                             0x1e91   0x18  Code  Wk  main.o [1]
std::_String_alloc<std::_String_base_types<char, std::allocator<char>>>::_String_alloc(const std::allocator<char>&) [subobject]
                             0x1c71    0x8  Code  Wk  main.o [1]
std::_String_val<std::_Simple_types<char>>::_Myptr()
                             0x1efb   0x12  Code  Wk  main.o [1]
std::_String_val<std::_Simple_types<char>>::_Myptr() const
                             0x1fbd   0x12  Code  Wk  main.o [1]
std::_String_val<std::_Simple_types<char>>::_String_val()
                             0x22cb    0xa  Code  Wk  main.o [1]
std::_Wrap_alloc<std::allocator<char>>::_Wrap_alloc(const std::allocator<char>&)
                             0x2359    0x2  Code  Wk  main.o [1]
std::_Wrap_alloc<std::allocator<char>>::_Wrap_alloc(const std::allocator<char>&) [subobject]
                             0x22c3    0x8  Code  Wk  main.o [1]
std::_Wrap_alloc<std::allocator<char>>::allocate(unsigned int)
                             0x220f    0x8  Code  Wk  main.o [1]
std::_Wrap_alloc<std::allocator<char>>::deallocate(char *, unsigned int)
                             0x1eeb    0x8  Code  Wk  main.o [1]
std::_Wrap_alloc<std::allocator<char>>::max_size(std::_Nil) const
                             0x2207    0x8  Code  Wk  main.o [1]
std::_Wrap_facet<std::ctype<char>>::_Wrap_facet()
                             0x1c59   0x18  Code  Wk  main.o [1]
std::_Wrap_facet<std::num_put<char, std::ostreambuf_iterator<char, std::char_traits<char>>>>::_Wrap_facet()
                             0x2fe1   0x18  Code  Wk  main.o [1]
std::_Wrap_facet<std::numpunct<char>>::_Wrap_facet()
                             0x1d39   0x18  Code  Wk  main.o [1]
std::_Wrap_facet<std::numpunct<char>>::~_Wrap_facet()
                             0x3a7d    0xe  Code  Wk  main.o [1]
std::__iar_New_hand     0x2000'00f0    0x4  Data  Gb  new.o [4]
std::__iar_cout_guard::~__iar_cout_guard()
                             0x3a19   0x14  Code  Wk  iostream_cout.o [3]
std::__nobasic_filebuf<char, std::char_traits<char>>::__nobasic_filebuf()
                             0x313d   0x5c  Code  Wk  iostream_cout.o [3]
std::__nobasic_filebuf<char, std::char_traits<char>>::overflow(int)
                             0x3629   0x38  Code  Wk  iostream_cout.o [3]
std::allocator<char>::allocate(unsigned int)
                             0x2333    0xc  Code  Wk  main.o [1]
std::allocator<char>::deallocate(char *, unsigned int)
                             0x21c5    0xc  Code  Wk  main.o [1]
std::allocator<char>::max_size() const
                             0x23b3    0x6  Code  Wk  main.o [1]
std::allocator_traits<std::allocator<char>>::max_size(const std::allocator<char>&)
                             0x232b    0x8  Code  Wk  main.o [1]
std::char_traits<char>::assign(char &, char const &)
                             0x2135    0x6  Code  Wk  main.o [1]
std::char_traits<char>::assign(char *, unsigned int, char)
                             0x213b   0x10  Code  Wk  main.o [1]
std::char_traits<char>::copy(char *, char const *, unsigned int)
                             0x1edd    0xe  Code  Wk  main.o [1]
std::char_traits<char>::eq_int_type(int const &, int const &)
                             0x217d   0x12  Code  Wk  main.o [1]
std::char_traits<char>::length(char const *)
                             0x2737    0x8  Code  Wk  main.o [1]
std::char_traits<char>::move(char *, char const *, unsigned int)
                             0x1deb    0xe  Code  Wk  main.o [1]
std::char_traits<char>::to_int_type(char const &)
                             0x22bd    0x4  Code  Wk  main.o [1]
std::cout               0x2000'0010   0x2c  Data  Gb  iostream_cout.o [3]
std::ctype<char> const & std::use_facet<std::ctype<char>>()
                             0x1a85   0x20  Code  Wk  main.o [1]
std::ctype<char> const & std::use_facet<std::ctype<char>>()::_MyFacet
                        0x2000'00e4    0x4  Data  Wk  main.o [1]
std::ctype<char>::ctype()
                             0x2191    0xc  Code  Wk  main.o [1]
std::ctype<char>::ctype() [subobject]
                             0x1e87    0x8  Code  Wk  main.o [1]
std::ctype<char>::widen(char const *, char const *, char *) const
                             0x1adb   0x12  Code  Wk  main.o [1]
std::ctype<char>::widen(char) const
                             0x37c9    0x6  Code  Wk  main.o [1]
std::ios::clear(std::_Iosb<int>::_Iostate, bool)
                             0x287f   0x18  Code  Wk  main.o [1]
std::ios::fill() const       0x27bd    0x6  Code  Wk  main.o [1]
std::ios::rdbuf() const
                             0x27c3    0x4  Code  Wk  main.o [1]
std::ios::setstate(std::_Iosb<int>::_Iostate, bool)
                             0x27d1   0x28  Code  Wk  main.o [1]
std::ios::tie() const        0x2823    0x4  Code  Wk  main.o [1]
std::ios::widen(char) const
                             0x37b7   0x12  Code  Wk  main.o [1]
std::ios_base::_Addstd(std::ios_base*)
                             0x2951   0x32  Code  Gb  ios.o [3]
std::ios_base::_Callfns(std::ios_base::event)
                             0x2935   0x1c  Code  Gb  ios.o [3]
std::ios_base::_Init()       0x2991   0x1c  Code  Gb  ios.o [3]
std::ios_base::_Tidy()       0x29ad   0x38  Code  Gb  ios.o [3]
std::ios_base::clear(std::_Iosb<int>::_Iostate, bool)
                             0x28f1   0x20  Code  Gb  ios.o [3]
std::ios_base::flags() const
                             0x1a79    0x4  Code  Wk  main.o [1]
std::ios_base::good() const
                             0x280f   0x14  Code  Wk  main.o [1]
std::ios_base::rdstate() const
                             0x287b    0x4  Code  Wk  main.o [1]
std::ios_base::width() const
                             0x1bdd    0x4  Code  Wk  main.o [1]
std::ios_base::width(int)
                             0x1c3d    0x8  Code  Wk  main.o [1]
std::ios_base::~ios_base()
                             0x2911   0x24  Code  Gb  ios.o [3]
std::ios_base::~ios_base() [subobject]
                             0x28e5    0x2  Code  Gb  ios.o [3]
std::num_put<char, std::ostreambuf_iterator<char, std::char_traits<char>>> const & std::use_facet<std::num_put<char, std::ostreambuf_iterator<char, std::char_traits<char>>>>()
                             0x2f11   0x20  Code  Wk  main.o [1]
std::num_put<char, std::ostreambuf_iterator<char, std::char_traits<char>>> const & std::use_facet<std::num_put<char, std::ostreambuf_iterator<char, std::char_traits<char>>>>()::_MyFacet
                        0x2000'00e0    0x4  Data  Wk  main.o [1]
std::num_put<char, std::ostreambuf_iterator<char, std::char_traits<char>>>::_Ifmt(char *, char const *, std::_Iosb<int>::_Fmtflags) const
                             0x300d   0xa0  Code  Wk  main.o [1]
std::num_put<char, std::ostreambuf_iterator<char, std::char_traits<char>>>::_Iput(std::ostreambuf_iterator<char, std::char_traits<char>>, std::ios_base &, char, char *, unsigned int) const
                             0x1845  0x234  Code  Wk  main.o [1]
std::num_put<char, std::ostreambuf_iterator<char, std::char_traits<char>>>::_Put(std::ostreambuf_iterator<char, std::char_traits<char>>, char const *, unsigned int) const
                             0x1c0f   0x2e  Code  Wk  main.o [1]
std::num_put<char, std::ostreambuf_iterator<char, std::char_traits<char>>>::_Rep(std::ostreambuf_iterator<char, std::char_traits<char>>, char, unsigned int) const
                             0x1be1   0x2e  Code  Wk  main.o [1]
std::num_put<char, std::ostreambuf_iterator<char, std::char_traits<char>>>::do_put(std::ostreambuf_iterator<char, std::char_traits<char>>, std::ios_base &, char, long long) const
                             0x3419   0x60  Code  Wk  main.o [1]
std::num_put<char, std::ostreambuf_iterator<char, std::char_traits<char>>>::do_put(std::ostreambuf_iterator<char, std::char_traits<char>>, std::ios_base &, char, long long) const::string
                             0x3b00    0x4  Data  Wk  main.o [1]
std::num_put<char, std::ostreambuf_iterator<char, std::char_traits<char>>>::do_put(std::ostreambuf_iterator<char, std::char_traits<char>>, std::ios_base &, char, long) const
                             0x3319   0x60  Code  Wk  main.o [1]
std::num_put<char, std::ostreambuf_iterator<char, std::char_traits<char>>>::do_put(std::ostreambuf_iterator<char, std::char_traits<char>>, std::ios_base &, char, long) const::string
                             0x3af8    0x4  Data  Wk  main.o [1]
std::num_put<char, std::ostreambuf_iterator<char, std::char_traits<char>>>::do_put(std::ostreambuf_iterator<char, std::char_traits<char>>, std::ios_base &, char, unsigned long) const
                             0x33b9   0x60  Code  Wk  main.o [1]
std::num_put<char, std::ostreambuf_iterator<char, std::char_traits<char>>>::do_put(std::ostreambuf_iterator<char, std::char_traits<char>>, std::ios_base &, char, unsigned long) const::string
                             0x3afc    0x4  Data  Wk  main.o [1]
std::num_put<char, std::ostreambuf_iterator<char, std::char_traits<char>>>::do_put(std::ostreambuf_iterator<char, std::char_traits<char>>, std::ios_base &, char, void const *) const
                             0x35e5   0x44  Code  Wk  main.o [1]
std::num_put<char, std::ostreambuf_iterator<char, std::char_traits<char>>>::do_put(std::ostreambuf_iterator<char, std::char_traits<char>>, std::ios_base &, char, void const *) const::string
                             0x3b04    0x4  Data  Wk  main.o [1]
std::num_put<char, std::ostreambuf_iterator<char, std::char_traits<char>>>::num_put()
                             0x3001    0xc  Code  Wk  main.o [1]
std::num_put<char, std::ostreambuf_iterator<char, std::char_traits<char>>>::num_put() [subobject]
                             0x2ff9    0x8  Code  Wk  main.o [1]
std::num_put<char, std::ostreambuf_iterator<char, std::char_traits<char>>>::put(std::ostreambuf_iterator<char, std::char_traits<char>>, std::ios_base &, char, long long) const
                             0x2f65   0x2c  Code  Wk  main.o [1]
std::num_put<char, std::ostreambuf_iterator<char, std::char_traits<char>>>::put(std::ostreambuf_iterator<char, std::char_traits<char>>, std::ios_base &, char, long) const
                             0x2f91   0x28  Code  Wk  main.o [1]
std::num_put<char, std::ostreambuf_iterator<char, std::char_traits<char>>>::put(std::ostreambuf_iterator<char, std::char_traits<char>>, std::ios_base &, char, unsigned long) const
                             0x2f39   0x28  Code  Wk  main.o [1]
std::num_put<char, std::ostreambuf_iterator<char, std::char_traits<char>>>::put(std::ostreambuf_iterator<char, std::char_traits<char>>, std::ios_base &, char, void const *) const
                             0x2fb9   0x28  Code  Wk  main.o [1]
std::numpunct<char> const & std::use_facet<std::numpunct<char>>()
                             0x1aed   0x30  Code  Wk  main.o [1]
std::numpunct<char> const & std::use_facet<std::numpunct<char>>()::_MyFacet
                        0x2000'00b4   0x14  Data  Wk  main.o [1]
std::numpunct<char>::_Init()
                             0x22e1   0x44  Code  Wk  main.o [1]
std::numpunct<char>::_Init()::string
                             0x13c2    0x1  Data  Wk  main.o [1]
std::numpunct<char>::_Init()::string (instance 2)
                             0x3ad0    0x8  Data  Wk  main.o [1]
std::numpunct<char>::_Init()::string (instance 3)
                             0x3ad8    0x8  Data  Wk  main.o [1]
std::numpunct<char>::_Tidy()
                             0x39b1   0x18  Code  Wk  main.o [1]
std::numpunct<char>::do_grouping() const
                             0x3ac5    0xa  Code  Wk  main.o [1]
std::numpunct<char>::do_thousands_sep() const
                             0x3b09    0x4  Code  Wk  main.o [1]
std::numpunct<char>::grouping() const
                             0x1b1d    0xa  Code  Wk  main.o [1]
std::numpunct<char>::numpunct()
                             0x21d5   0x28  Code  Wk  main.o [1]
std::numpunct<char>::numpunct() [subobject]
                             0x1f0d    0x8  Code  Wk  main.o [1]
std::numpunct<char>::thousands_sep() const
                             0x1b33    0xa  Code  Wk  main.o [1]
std::numpunct<char>::~numpunct()
                             0x3999   0x18  Code  Wk  main.o [1]
std::numpunct<char>::~numpunct() [subobject]
                             0x3a8b    0x8  Code  Wk  main.o [1]
std::operator &(std::_Iosb<int>::_Fmtflags, std::_Iosb<int>::_Fmtflags)
                             0x1a7d    0x6  Code  Wk  main.o [1]
std::operator |=(std::_Iosb<int>::_Iostate &, std::_Iosb<int>::_Iostate)
                             0x27b5    0x8  Code  Wk  main.o [1]
std::ostream & std::endl<char, std::char_traits<char>>(std::ostream &)
                             0x3789   0x2e  Code  Wk  main.o [1]
std::ostream & std::operator <<<std::char_traits<char>>(std::ostream &, char const *)
                             0x2585  0x1b2  Code  Wk  main.o [1]
std::ostream::_Flush_sentry::_Flush_sentry(std::ostream&)
                             0x289f   0x28  Code  Wk  main.o [1]
std::ostream::_Flush_sentry::_Flush_sentry(std::ostream&) [subobject]
                             0x2807    0x8  Code  Wk  main.o [1]
std::ostream::_Flush_sentry::operator bool() const
                             0x27b1    0x4  Code  Wk  main.o [1]
std::ostream::_Flush_sentry::~_Flush_sentry()
                             0x28d1   0x14  Code  Wk  main.o [1]
std::ostream::_Flush_sentry::~_Flush_sentry() [subobject]
                             0x2897    0x8  Code  Wk  main.o [1]
std::ostream::_Osfx()        0x29ed   0x54  Code  Wk  main.o [1]
std::ostream::_Sentry_base::_Sentry_base(std::ostream&)
                             0x2a4d   0x48  Code  Wk  main.o [1]
std::ostream::_Sentry_base::_Sentry_base(std::ostream&) [subobject]
                             0x29e5    0x8  Code  Wk  main.o [1]
std::ostream::_Sentry_base::~_Sentry_base()
                             0x2a95   0x46  Code  Wk  main.o [1]
std::ostream::_Sentry_base::~_Sentry_base() [subobject]
                             0x2a41    0x8  Code  Wk  main.o [1]
std::ostream::flush()        0x2827   0x54  Code  Wk  main.o [1]
std::ostream::operator <<(int)
                             0x2da3   0xcc  Code  Wk  main.o [1]
std::ostream::operator <<(long long)
                             0x2cf9   0xaa  Code  Wk  main.o [1]
std::ostream::operator <<(std::ostream&(*)(std::ostream&))
                             0x2cf3    0x6  Code  Wk  main.o [1]
std::ostream::operator <<(unsigned int)
                             0x2c51   0xa2  Code  Wk  main.o [1]
std::ostream::operator <<(void const *)
                             0x2e6f   0xa2  Code  Wk  main.o [1]
std::ostream::put(char)
                             0x32a3   0x76  Code  Wk  main.o [1]
std::ostream::sentry::sentry(std::ostream&)
                             0x273f   0x72  Code  Wk  main.o [1]
std::ostream::sentry::~sentry()
                             0x27f9    0xe  Code  Wk  main.o [1]
std::ostream::~basic_ostream()
                             0x3a93    0xe  Code  Wk  iostream_cout.o [3]
std::ostreambuf_iterator<char, std::char_traits<char>>::failed() const
                             0x2f61    0x4  Code  Wk  main.o [1]
std::ostreambuf_iterator<char, std::char_traits<char>>::operator *()
                             0x1e55    0x2  Code  Wk  main.o [1]
std::ostreambuf_iterator<char, std::char_traits<char>>::operator ++()
                             0x1e85    0x2  Code  Wk  main.o [1]
std::ostreambuf_iterator<char, std::char_traits<char>>::operator =(char)
                             0x1e57   0x2e  Code  Wk  main.o [1]
std::ostreambuf_iterator<char, std::char_traits<char>>::ostreambuf_iterator(std::streambuf *)
                             0x2f31    0x8  Code  Wk  main.o [1]
std::remove_reference<char *&>::type && std::move<char *&>(char *& &&)
                             0x2217    0x2  Code  Wk  main.o [1]
std::streambuf::_Lock()
                              0xe7b    0x2  Code  Wk  iostream_cout.o [3]
std::streambuf::_Pnavail() const
                             0x2297   0x18  Code  Wk  main.o [1]
std::streambuf::_Pninc()
                             0x22af    0xe  Code  Wk  main.o [1]
std::streambuf::_Unlock()
                             0x1133    0x2  Code  Wk  iostream_cout.o [3]
std::streambuf::overflow(int)
                              0xda7    0x6  Code  Wk  iostream_cout.o [3]
std::streambuf::pubsync()
                             0x28c7    0xa  Code  Wk  main.o [1]
std::streambuf::sputc(char)
                             0x214b   0x32  Code  Wk  main.o [1]
std::streambuf::sputn(char const *, int)
                             0x27c7    0xa  Code  Wk  main.o [1]
std::streambuf::sync()       0x3b0d    0x4  Code  Wk  iostream_cout.o [3]
std::streambuf::xsputn(char const *, int)
                             0x3479   0x5e  Code  Wk  iostream_cout.o [3]
std::string::_Chassign(unsigned int, unsigned int, char)
                             0x1df9   0x2a  Code  Wk  main.o [1]
std::string::_Copy(unsigned int, unsigned int)
                             0x1fe7   0xd6  Code  Wk  main.o [1]
std::string::_Eos(unsigned int)
                             0x1e23   0x28  Code  Wk  main.o [1]
std::string::_Grow(unsigned int, bool)
                             0x1d71   0x7a  Code  Wk  main.o [1]
std::string::_Inside(char const *)
                             0x3529   0x32  Code  Wk  main.o [1]
std::string::_Tidy(bool, unsigned int)
                             0x1c79   0x7a  Code  Wk  main.o [1]
std::string::assign(char const *)
                             0x388d   0x18  Code  Wk  main.o [1]
std::string::assign(char const *, unsigned int)
                             0x34d7   0x52  Code  Wk  main.o [1]
std::string::assign(const std::string&, unsigned int, unsigned int)
                             0x3199   0x7c  Code  Wk  main.o [1]
std::string::assign(unsigned int, char)
                             0x1cf3   0x3a  Code  Wk  main.o [1]
std::string::basic_string(char const *)
                             0x3869   0x24  Code  Wk  main.o [1]
std::string::basic_string(unsigned int, char)
                             0x1aa5   0x2a  Code  Wk  main.o [1]
std::string::erase(unsigned int)
                             0x3215   0x22  Code  Wk  main.o [1]
std::string::erase(unsigned int, unsigned int)
                             0x3237   0x6c  Code  Wk  main.o [1]
std::string::insert(unsigned int, unsigned int, char)
                             0x1b3d   0x96  Code  Wk  main.o [1]
std::string::max_size() const
                             0x1fcf   0x18  Code  Wk  main.o [1]
std::string::operator [](unsigned int)
                             0x1acf    0xc  Code  Wk  main.o [1]
std::string::operator [](unsigned int) const
                             0x1b27    0xc  Code  Wk  main.o [1]
std::string::size() const
                             0x1bd3    0xa  Code  Wk  main.o [1]
std::string::~basic_string()
                             0x1c45   0x12  Code  Wk  main.o [1]
strchr                        0xd11         Code  Gb  strchr.o [6]
strlen                        0xd71         Code  Gb  strlen.o [6]
void std::_Deallocate<char>(char *, unsigned int)
                             0x22d7    0x8  Code  Wk  main.o [1]
void std::_Wrap_alloc<std::allocator<char>>::construct<char *, char *>(char * *, char * &&...)
                             0x2219   0x18  Code  Wk  main.o [1]
void std::_Wrap_alloc<std::allocator<char>>::destroy<char *>(char * *)
                             0x1ec3    0x8  Code  Wk  main.o [1]
void std::allocator<char>::construct<char *, char *>(char * *, char * &&...)
                             0x23cb   0x20  Code  Wk  main.o [1]
void std::allocator<char>::destroy<char *>(char * *)
                             0x22d5    0x2  Code  Wk  main.o [1]
void std::allocator_traits<std::allocator<char>>::construct<char *, char *>(std::allocator<char>&, char * *, char * &&...)
                             0x2341   0x18  Code  Wk  main.o [1]
void std::allocator_traits<std::allocator<char>>::destroy<char *>(std::allocator<char>&, char * *)
                             0x21bb    0x8  Code  Wk  main.o [1]
void std::numpunct<char>::_Getvals<char>(char)
                             0x2399   0x1a  Code  Wk  main.o [1]


[1] = R:\POIP\POIP\MyFreeProject\Debug\Obj
[2] = dl7M_tln.a
[3] = dlpp7M_tl_nc.a
[4] = dlpprt7M_tl_nc.a
[5] = m7M_tl.a
[6] = rt7M_tl.a
[7] = shb_l.a

  14'386 bytes of readonly  code memory
     732 bytes of readonly  data memory
   3'749 bytes of readwrite data memory

Errors: none
Warnings: none
