###############################################################################
#
# IAR ELF Linker V9.30.1.335/W64 for ARM                  18/Dec/2022  12:40:44
# Copyright 2007-2022 IAR Systems AB.
#
#    Output file  =  R:\POIP\POIP\Project_8\Debug\Exe\Project_8.out
#    Map file     =  R:\POIP\POIP\Project_8\Debug\List\Project_8.map
#    Command line =
#        -f R:\POIP\POIP\Project_8\Debug\Exe\Project_8.out.rsp
#        (R:\POIP\POIP\Project_8\Debug\Obj\Modes\AllMode\AllMode.o
#        R:\POIP\POIP\Project_8\Debug\Obj\Components\Button\Button.o
#        R:\POIP\POIP\Project_8\Debug\Obj\Modes\ChessMode\ChessMode.o
#        R:\POIP\POIP\Project_8\Debug\Obj\Components\LED\LED.o
#        R:\POIP\POIP\Project_8\Debug\Obj\main.o
#        R:\POIP\POIP\Project_8\Debug\Obj\Modes\Slide\SlideMode.o
#        R:\POIP\POIP\Project_8\Debug\Obj\Modes\TreeMode\TreeMode.o
#        --no_out_extension -o R:\POIP\POIP\Project_8\Debug\Exe\Project_8.out
#        --map R:\POIP\POIP\Project_8\Debug\List\Project_8.map --config
#        R:\POIP\POIP\Project_8\Project_8.icf --semihosting --entry
#        __iar_program_start --vfe --text_out locale --cpu=Cortex-M4
#        --fpu=VFPv4_sp)
#
###############################################################################

*******************************************************************************
*** RUNTIME MODEL ATTRIBUTES
***

CppFlavor                     = *
__CPP_Exceptions              = Disabled
__CPP_Language                = C++14
__CPP_Library                 = DLib
__CPP_Runtime                 = 1
__Heap_Handler                = Basic
__SystemLibrary               = DLib
__dlib_dynamic_initialization = normal
__dlib_version                = 6


*******************************************************************************
*** HEAP SELECTION
***

The basic heap was selected because --advanced_heap
was not specified and the application did not appear to
be primarily optimized for speed.


*******************************************************************************
*** PLACEMENT SUMMARY
***

"A0":  place at address 0x800'0000 { ro section .intvec };
"P1":  place in [from 0x800'0000 to 0x803'ffff] { ro };
define block CSTACK with size = 8K, alignment = 8 { };
define block HEAP with size = 0, alignment = 8 { };
"P2":  place in [from 0x2000'0000 to 0x2001'ffff] {
          rw, block CSTACK, block HEAP };
initialize by copy { rw };

  Section                Kind         Address    Size  Object
  -------                ----         -------    ----  ------
"A0":                                            0x40
  .intvec                ro code   0x800'0000    0x40  vector_table_M.o [11]
                                 - 0x800'0040    0x40

"P1":                                           0x918
  .text                  ro code   0x800'0040    0xf4  main.o [1]
  .text                  ro code   0x800'0134    0x3c  LED.o [3]
  .text                  ro code   0x800'0170    0x4a  Button.o [2]
  .text                  ro code   0x800'01ba    0x2a  copy_init3.o [11]
  .text                  ro code   0x800'01e4    0x1c  AllMode.o [4]
  .text                  ro code   0x800'0200    0x4a  ChessMode.o [5]
  .text                  ro code   0x800'024a     0x2  vectortrap_M.o [11]
  .text                  ro code   0x800'024c    0x58  TreeMode.o [7]
  .text                  ro code   0x800'02a4    0xac  SlideMode.o [6]
  .text                  ro code   0x800'0350     0x8  main.o [1]
  .text                  ro code   0x800'0358    0x14  main.o [1]
  .text                  ro code   0x800'036c    0x14  main.o [1]
  .text                  ro code   0x800'0380    0x14  main.o [1]
  .text                  ro code   0x800'0394    0x14  main.o [1]
  .text                  ro code   0x800'03a8    0x14  main.o [1]
  .text                  ro code   0x800'03bc    0x30  main.o [1]
  .text                  ro code   0x800'03ec    0x16  main.o [1]
  .text                  ro code   0x800'0402     0xc  LED.o [3]
  .text                  ro code   0x800'040e     0xc  Button.o [2]
  .text                  ro code   0x800'041a     0xc  AllMode.o [4]
  .text                  ro code   0x800'0426     0xc  ChessMode.o [5]
  .text                  ro code   0x800'0432     0x6  ChessMode.o [5]
  .text                  ro code   0x800'0438    0x3e  AllMode.o [4]
  .text                  ro code   0x800'0476     0x6  main.o [1]
  .text                  ro code   0x800'047c     0x6  main.o [1]
  .text                  ro code   0x800'0482     0x2  LED.o [3]
  .text                  ro code   0x800'0484     0x2  Button.o [2]
  .rodata                zero      0x800'0486     0x1  AllMode.o [4]
  .rodata                const     0x800'0487     0x1  unwind_debug.o [12]
  .text                  ro code   0x800'0488     0xc  AllMode.o [4]
  .text                  ro code   0x800'0494     0x6  ChessMode.o [5]
  .text                  ro code   0x800'049a    0x18  AllMode.o [4]
  .text                  ro code   0x800'04b2    0x18  AllMode.o [4]
  .text                  ro code   0x800'04ca    0x1c  AllMode.o [4]
  .text                  ro code   0x800'04e6     0x4  AllMode.o [4]
  .text                  ro code   0x800'04ea     0x8  AllMode.o [4]
  .text                  ro code   0x800'04f4    0x14  AllMode.o [4]
  .text                  ro code   0x800'0508     0x8  AllMode.o [4]
  .text                  ro code   0x800'0510    0x12  AllMode.o [4]
  .text                  ro code   0x800'0522     0x2  AllMode.o [4]
  .text                  ro code   0x800'0524    0x3e  AllMode.o [4]
  .text                  ro code   0x800'0562    0x38  zero_init3.o [11]
  .text                  ro code   0x800'059c    0x28  data_init.o [11]
  .text                  ro code   0x800'05c4    0x22  fpinit_M.o [10]
  .iar.init_table        const     0x800'05e8    0x28  - Linker created -
  .rodata                const     0x800'0610    0x20  main.o [1]
  .rodata                const     0x800'0630    0x20  main.o [1]
  .rodata                const     0x800'0650    0x20  main.o [1]
  .rodata                const     0x800'0670    0x20  main.o [1]
  .rodata                const     0x800'0690    0x20  main.o [1]
  .text                  ro code   0x800'06b0    0x20  cmain_call_ctors.o [11]
  .text                  ro code   0x800'06d0    0x18  cppinit.o [8]
  .text                  ro code   0x800'06e8    0x1e  cmain.o [11]
  .text                  ro code   0x800'0706     0x4  low_level_init.o [8]
  .text                  ro code   0x800'070a     0x4  exit.o [8]
  .text                  ro code   0x800'0710     0xa  cexit.o [11]
  .text                  ro code   0x800'071c    0x14  exit.o [12]
  .text                  ro code   0x800'0730    0x1c  cstartup_M.o [11]
  Initializer bytes      const     0x800'074c    0x1c  <for P2-1>
  .text                  ro code   0x800'0768    0x16  main.o [1]
  .text                  ro code   0x800'0780     0xc  main.o [1]
  .text                  ro code   0x800'078c     0xc  main.o [1]
  .text                  ro code   0x800'0798    0x16  main.o [1]
  .text                  ro code   0x800'07ae    0x16  main.o [1]
  .text                  ro code   0x800'07c4    0x16  main.o [1]
  .text                  ro code   0x800'07da    0x16  main.o [1]
  .rodata                const     0x800'07f0    0x10  AllMode.o [4]
  .rodata                const     0x800'0800    0x10  AllMode.o [4]
  .rodata                const     0x800'0810    0x10  ChessMode.o [5]
  .rodata                const     0x800'0820    0x10  LED.o [3]
  .rodata                const     0x800'0830    0x10  SlideMode.o [6]
  .rodata                const     0x800'0840    0x10  TreeMode.o [7]
  .text                  ro code   0x800'0850    0x10  main.o [1]
  .text                  ro code   0x800'0860    0x10  main.o [1]
  .text                  ro code   0x800'0870     0xc  main.o [1]
  .text                  ro code   0x800'087c    0x10  main.o [1]
  .text                  ro code   0x800'088c    0x10  main.o [1]
  .text                  ro code   0x800'089c    0x10  main.o [1]
  .text                  ro code   0x800'08ac    0x10  main.o [1]
  .text                  ro code   0x800'08bc     0xe  main.o [1]
  .text                  ro code   0x800'08ca     0xe  main.o [1]
  .text                  ro code   0x800'08d8     0xe  main.o [1]
  .rodata                const     0x800'08e8     0xc  Button.o [2]
  .text                  ro code   0x800'08f4     0xc  main.o [1]
  .text                  ro code   0x800'0900     0xc  main.o [1]
  .rodata                const     0x800'090c     0x8  main.o [1]
  .rodata                const     0x800'0914     0x8  main.o [1]
  .rodata                const     0x800'091c     0x8  main.o [1]
  .rodata                const     0x800'0924     0x8  main.o [1]
  .rodata                const     0x800'092c     0x8  main.o [1]
  .text                  ro code   0x800'0934     0x6  main.o [1]
  .text                  ro code   0x800'093a     0x6  main.o [1]
  .text                  ro code   0x800'0940     0x6  main.o [1]
  .text                  ro code   0x800'0946     0x6  main.o [1]
  .text                  ro code   0x800'094c     0x6  main.o [1]
  SHT$$PREINIT_ARRAY               0x800'0954     0x0  <Block>
  SHT$$INIT_ARRAY                  0x800'0954     0x4  <Block>
    .init_array          const     0x800'0954     0x4  main.o [1]
  __iar_tls$$INIT_ARRAY            0x800'0958     0x0  <Block>
  .rodata                const     0x800'0958     0x0  zero_init3.o [11]
  .rodata                const     0x800'0958     0x0  copy_init3.o [11]
                                 - 0x800'0958   0x918

"P2", part 1 of 3:                               0x1c
  P2-1                            0x2000'0000    0x1c  <Init block>
    .data                inited   0x2000'0000     0xc  main.o [1]
    .data                inited   0x2000'000c    0x10  main.o [1]
                                - 0x2000'001c    0x1c

"P2", part 2 of 3:                               0x5c
  .bss                   zero     0x2000'001c    0x10  main.o [1]
  .bss                   zero     0x2000'002c     0xc  main.o [1]
  .bss                   zero     0x2000'0038     0x8  main.o [1]
  .bss                   zero     0x2000'0040     0x8  main.o [1]
  .bss                   zero     0x2000'0048     0x8  main.o [1]
  .bss                   zero     0x2000'0050     0x8  main.o [1]
  .bss                   zero     0x2000'0058     0x8  main.o [1]
  .bss                   zero     0x2000'0060     0x8  main.o [1]
  .bss                   zero     0x2000'0068     0x8  main.o [1]
  .bss                   zero     0x2000'0070     0x8  main.o [1]
                                - 0x2000'0078    0x5c

"P2", part 3 of 3:                             0x2000
  CSTACK                          0x2000'0078  0x2000  <Block>
    CSTACK               uninit   0x2000'0078  0x2000  <Block tail>
                                - 0x2000'2078  0x2000

Unused ranges:

         From           To      Size
         ----           --      ----
   0x800'0958   0x803'ffff  0x3'f6a8
  0x2000'2078  0x2001'ffff  0x1'df88


*******************************************************************************
*** INIT TABLE
***

          Address      Size
          -------      ----
Zero (__iar_zero_init3)
    1 destination range, total size 0x5c:
          0x2000'001c  0x5c

Copy (__iar_copy_init3)
    1 source range, total size 0x1c:
           0x800'074c  0x1c
    1 destination range, total size 0x1c:
          0x2000'0000  0x1c

Extra (__iar_cstart_call_ctors)



*******************************************************************************
*** MODULE SUMMARY
***

    Module              ro code  ro data  rw data
    ------              -------  -------  -------
command line/config:
    ---------------------------------------------
    Total:

R:\POIP\POIP\Project_8\Debug\Obj: [1]
    main.o                  772      232      120
    ---------------------------------------------
    Total:                  772      232      120

R:\POIP\POIP\Project_8\Debug\Obj\Components\Button: [2]
    Button.o                 88       12
    ---------------------------------------------
    Total:                   88       12

R:\POIP\POIP\Project_8\Debug\Obj\Components\LED: [3]
    LED.o                    74       16
    ---------------------------------------------
    Total:                   74       16

R:\POIP\POIP\Project_8\Debug\Obj\Modes\AllMode: [4]
    AllMode.o               312       32        1
    ---------------------------------------------
    Total:                  312       32        1

R:\POIP\POIP\Project_8\Debug\Obj\Modes\ChessMode: [5]
    ChessMode.o              98       16
    ---------------------------------------------
    Total:                   98       16

R:\POIP\POIP\Project_8\Debug\Obj\Modes\Slide: [6]
    SlideMode.o             172       16
    ---------------------------------------------
    Total:                  172       16

R:\POIP\POIP\Project_8\Debug\Obj\Modes\TreeMode: [7]
    TreeMode.o               88       16
    ---------------------------------------------
    Total:                   88       16

dl7M_tln.a: [8]
    cppinit.o                24
    exit.o                    4
    low_level_init.o          4
    ---------------------------------------------
    Total:                   32

dlpprt7M_tl_nc.a: [9]
    ---------------------------------------------
    Total:

m7M_tls.a: [10]
    fpinit_M.o               34
    ---------------------------------------------
    Total:                   34

rt7M_tl.a: [11]
    cexit.o                  10
    cmain.o                  30
    cmain_call_ctors.o       32
    copy_init3.o             42
    cstartup_M.o             28
    data_init.o              40
    vector_table_M.o         64
    vectortrap_M.o            2
    zero_init3.o             56
    ---------------------------------------------
    Total:                  304

shb_l.a: [12]
    exit.o                   20
    unwind_debug.o                     1
    ---------------------------------------------
    Total:                   20        1

    Gaps                     10        4
    Linker created                    40    8'192
-------------------------------------------------
    Grand Total:          2'004      385    8'313


*******************************************************************************
*** ENTRY LIST
***

Entry                       Address  Size  Type      Object
-----                       -------  ----  ----      ------
.iar.init_table$$Base    0x800'05e8         --   Gb  - Linker created -
.iar.init_table$$Limit   0x800'0610         --   Gb  - Linker created -
?main                    0x800'06e9        Code  Gb  cmain.o [11]
AllMode::AllMode(std::array<ILed *, (unsigned int)3> const &)
                         0x800'01e5  0x16  Code  Gb  AllMode.o [4]
BusFault_Handler         0x800'024b        Code  Wk  vectortrap_M.o [11]
Button::Button(IPinReadable const &)
                         0x800'0171  0x16  Code  Gb  Button.o [2]
Button::IsPressed() const
                         0x800'018d  0x2e  Code  Gb  Button.o [2]
CSTACK$$Base            0x2000'0078         --   Gb  - Linker created -
CSTACK$$Limit           0x2000'2078         --   Gb  - Linker created -
ChessMode::ChessMode(std::array<ILed *, (unsigned int)3> const &)
                         0x800'0201  0x1c  Code  Gb  ChessMode.o [5]
ChessMode::Clear()       0x800'0221  0x2a  Code  Gb  ChessMode.o [5]
DebugMon_Handler         0x800'024b        Code  Wk  vectortrap_M.o [11]
Delay(unsigned long long)
                         0x800'0097  0x20  Code  Gb  main.o [1]
Garland::Garland(std::array<IMode *, (unsigned int)4> const &)
                         0x800'0351   0x8  Code  Wk  main.o [1]
Garland::SwithNextMode()
                         0x800'03bd  0x30  Code  Wk  main.o [1]
Garland::UpdateCurrentMode() const
                         0x800'03ed  0x16  Code  Wk  main.o [1]
HardFault_Handler        0x800'024b        Code  Wk  vectortrap_M.o [11]
IButton::IButton()       0x800'0485   0x2  Code  Wk  Button.o [2]
IButton::IButton() [subobject]
                         0x800'040f   0xc  Code  Wk  Button.o [2]
ILed *const  * std::_Addressof<ILed *const >(ILed *const  &, std::integral_constant<bool, (bool)0>)
                         0x800'0523   0x2  Code  Wk  AllMode.o [4]
ILed *const  * std::addressof<ILed *const >(ILed *const  &)
                         0x800'04f5  0x14  Code  Wk  AllMode.o [4]
ILed::ILed()             0x800'0483   0x2  Code  Wk  LED.o [3]
ILed::ILed() [subobject]
                         0x800'0403   0xc  Code  Wk  LED.o [3]
IMode::Clear()           0x800'0439  0x3e  Code  Wk  AllMode.o [4]
IMode::IMode(std::array<ILed *, (unsigned int)3> const &)
                         0x800'0489   0xc  Code  Wk  AllMode.o [4]
IMode::IMode(std::array<ILed *, (unsigned int)3> const &) [subobject]
                         0x800'041b   0xc  Code  Wk  AllMode.o [4]
IMode::Update()          0x800'0525  0x3e  Code  Wk  AllMode.o [4]
Led::Led(IPin const &)   0x800'0135  0x16  Code  Gb  LED.o [3]
Led::SwithOff() const    0x800'0151  0x10  Code  Gb  LED.o [3]
Led::Toggle() const      0x800'0161  0x10  Code  Gb  LED.o [3]
MemManage_Handler        0x800'024b        Code  Wk  vectortrap_M.o [11]
NMI_Handler              0x800'024b        Code  Wk  vectortrap_M.o [11]
PendSV_Handler           0x800'024b        Code  Wk  vectortrap_M.o [11]
Pin<GPIOC, (int)13>::IsHigh() const
                         0x800'08ad  0x10  Code  Wk  main.o [1]
Pin<GPIOC, (int)13>::Reset() const
                         0x800'07db  0x16  Code  Wk  main.o [1]
Pin<GPIOC, (int)13>::Toggle() const
                         0x800'08d9   0xe  Code  Wk  main.o [1]
Pin<GPIOC, (int)6>::IsHigh() const
                         0x800'0861  0x10  Code  Wk  main.o [1]
Pin<GPIOC, (int)6>::Reset() const
                         0x800'0769  0x16  Code  Wk  main.o [1]
Pin<GPIOC, (int)6>::Toggle() const
                         0x800'08f5   0xc  Code  Wk  main.o [1]
Pin<GPIOC, (int)7>::IsHigh() const
                         0x800'087d  0x10  Code  Wk  main.o [1]
Pin<GPIOC, (int)7>::Reset() const
                         0x800'0799  0x16  Code  Wk  main.o [1]
Pin<GPIOC, (int)7>::Toggle() const
                         0x800'0901   0xc  Code  Wk  main.o [1]
Pin<GPIOC, (int)8>::IsHigh() const
                         0x800'088d  0x10  Code  Wk  main.o [1]
Pin<GPIOC, (int)8>::Reset() const
                         0x800'07af  0x16  Code  Wk  main.o [1]
Pin<GPIOC, (int)8>::Toggle() const
                         0x800'08bd   0xe  Code  Wk  main.o [1]
Pin<GPIOC, (int)9>::IsHigh() const
                         0x800'089d  0x10  Code  Wk  main.o [1]
Pin<GPIOC, (int)9>::Reset() const
                         0x800'07c5  0x16  Code  Wk  main.o [1]
Pin<GPIOC, (int)9>::Toggle() const
                         0x800'08cb   0xe  Code  Wk  main.o [1]
Region$$Table$$Base      0x800'05e8         --   Gb  - Linker created -
Region$$Table$$Limit     0x800'0610         --   Gb  - Linker created -
SHT$$INIT_ARRAY$$Base    0x800'0954         --   Gb  - Linker created -
SHT$$INIT_ARRAY$$Limit   0x800'0958         --   Gb  - Linker created -
SHT$$PREINIT_ARRAY$$Base
                         0x800'0954         --   Gb  - Linker created -
SHT$$PREINIT_ARRAY$$Limit
                         0x800'0954         --   Gb  - Linker created -
SVC_Handler              0x800'024b        Code  Wk  vectortrap_M.o [11]
SlideMode::SlideMode(std::array<ILed *, (unsigned int)3> const &)
                         0x800'02a5  0x2c  Code  Gb  SlideMode.o [6]
SlideMode::Update()      0x800'02d5  0x7c  Code  Gb  SlideMode.o [6]
SysTick_Handler          0x800'024b        Code  Wk  vectortrap_M.o [11]
Thunk for (offset -4) Pin<GPIOC, (int)13>::IsHigh() const
                         0x800'094d   0x6  Code  Wk  main.o [1]
Thunk for (offset -4) Pin<GPIOC, (int)6>::IsHigh() const
                         0x800'0935   0x6  Code  Wk  main.o [1]
Thunk for (offset -4) Pin<GPIOC, (int)7>::IsHigh() const
                         0x800'093b   0x6  Code  Wk  main.o [1]
Thunk for (offset -4) Pin<GPIOC, (int)8>::IsHigh() const
                         0x800'0941   0x6  Code  Wk  main.o [1]
Thunk for (offset -4) Pin<GPIOC, (int)9>::IsHigh() const
                         0x800'0947   0x6  Code  Wk  main.o [1]
TreeMode::TreeMode(std::array<ILed *, (unsigned int)3> const &)
                         0x800'024d  0x24  Code  Gb  TreeMode.o [7]
TreeMode::Update()       0x800'0275  0x30  Code  Gb  TreeMode.o [7]
UsageFault_Handler       0x800'024b        Code  Wk  vectortrap_M.o [11]
Virtual function table for AllMode
                         0x800'0800  0x10  Data  Wk  AllMode.o [4]
Virtual function table for Button
                         0x800'08e8   0xc  Data  Wk  Button.o [2]
Virtual function table for ChessMode
                         0x800'0810  0x10  Data  Wk  ChessMode.o [5]
Virtual function table for IMode
                         0x800'07f0  0x10  Data  Wk  AllMode.o [4]
Virtual function table for Led
                         0x800'0820  0x10  Data  Wk  LED.o [3]
Virtual function table for Pin<GPIOC, (int)13>
                         0x800'0690  0x20  Data  Wk  main.o [1]
Virtual function table for Pin<GPIOC, (int)6>
                         0x800'0610  0x20  Data  Wk  main.o [1]
Virtual function table for Pin<GPIOC, (int)7>
                         0x800'0630  0x20  Data  Wk  main.o [1]
Virtual function table for Pin<GPIOC, (int)8>
                         0x800'0650  0x20  Data  Wk  main.o [1]
Virtual function table for Pin<GPIOC, (int)9>
                         0x800'0670  0x20  Data  Wk  main.o [1]
Virtual function table for SlideMode
                         0x800'0830  0x10  Data  Wk  SlideMode.o [6]
Virtual function table for TreeMode
                         0x800'0840  0x10  Data  Wk  TreeMode.o [7]
__call_ctors             0x800'06d1  0x18  Code  Gb  cppinit.o [8]
__cmain                  0x800'06e9        Code  Gb  cmain.o [11]
__exit                   0x800'071d  0x14  Code  Gb  exit.o [12]
__iar_copy_init3         0x800'01bb  0x2a  Code  Gb  copy_init3.o [11]
__iar_cstart_call_ctors
                         0x800'06b1  0x20  Code  Gb  cmain_call_ctors.o [11]
__iar_data_init3         0x800'059d  0x28  Code  Gb  data_init.o [11]
__iar_debug_exceptions   0x800'0487   0x1  Data  Gb  unwind_debug.o [12]
__iar_init_vfp           0x800'05c5        Code  Gb  fpinit_M.o [10]
__iar_program_start      0x800'0731        Code  Gb  cstartup_M.o [11]
__iar_tls$$INIT_ARRAY$$Base
                         0x800'0958         --   Gb  - Linker created -
__iar_tls$$INIT_ARRAY$$Limit
                         0x800'0958         --   Gb  - Linker created -
__iar_zero_init3         0x800'0563  0x38  Code  Gb  zero_init3.o [11]
__low_level_init         0x800'0707   0x4  Code  Gb  low_level_init.o [8]
__sti__routine           0x800'0041  0x56  Code  Lc  main.o [1]
__vector_table           0x800'0000        Data  Gb  vector_table_M.o [11]
_call_main               0x800'06f5        Code  Gb  cmain.o [11]
_exit                    0x800'0711        Code  Gb  cexit.o [11]
allMode                 0x2000'0060   0x8  Data  Gb  main.o [1]
chessMode               0x2000'0068   0x8  Data  Gb  main.o [1]
decltype(((param#1.size)())) std::size<std::array<ILed *, (unsigned int)3>>(std::array<ILed *, (unsigned int)3> const &)
                         0x800'0427   0xc  Code  Wk  ChessMode.o [5]
exit                     0x800'070b   0x4  Code  Gb  exit.o [8]
garland                 0x2000'0070   0x8  Data  Gb  main.o [1]
led1                    0x2000'0038   0x8  Data  Gb  main.o [1]
led2                    0x2000'0040   0x8  Data  Gb  main.o [1]
led3                    0x2000'0048   0x8  Data  Gb  main.o [1]
led4                    0x2000'0050   0x8  Data  Gb  main.o [1]
leds                    0x2000'0000   0xc  Data  Gb  main.o [1]
main                     0x800'00b7  0x36  Code  Gb  main.o [1]
modes                   0x2000'000c  0x10  Data  Gb  main.o [1]
pinC13                   0x800'092c   0x8  Data  Wk  main.o [1]
pinC6                    0x800'090c   0x8  Data  Wk  main.o [1]
pinC7                    0x800'0914   0x8  Data  Wk  main.o [1]
pinC8                    0x800'091c   0x8  Data  Wk  main.o [1]
pinC9                    0x800'0924   0x8  Data  Wk  main.o [1]
slideMode               0x2000'001c  0x10  Data  Gb  main.o [1]
std::_Array_const_iterator<ILed *, (unsigned int)3>::_Array_const_iterator(ILed *const *, unsigned int)
                         0x800'0509   0x8  Code  Wk  AllMode.o [4]
std::_Array_const_iterator<ILed *, (unsigned int)3>::operator !=(const std::_Array_const_iterator<ILed *, (unsigned int)3>&) const
                         0x800'04cb  0x1c  Code  Wk  AllMode.o [4]
std::_Array_const_iterator<ILed *, (unsigned int)3>::operator *() const
                         0x800'04e7   0x4  Code  Wk  AllMode.o [4]
std::_Array_const_iterator<ILed *, (unsigned int)3>::operator ++()
                         0x800'04eb   0x8  Code  Wk  AllMode.o [4]
std::_Array_const_iterator<ILed *, (unsigned int)3>::operator ==(const std::_Array_const_iterator<ILed *, (unsigned int)3>&) const
                         0x800'0511  0x12  Code  Wk  AllMode.o [4]
std::array<ILed *, (unsigned int)3>::begin() const
                         0x800'049b  0x18  Code  Wk  AllMode.o [4]
std::array<ILed *, (unsigned int)3>::end() const
                         0x800'04b3  0x18  Code  Wk  AllMode.o [4]
std::array<ILed *, (unsigned int)3>::operator [](unsigned int) const
                         0x800'0433   0x6  Code  Wk  ChessMode.o [5]
std::array<ILed *, (unsigned int)3>::size() const
                         0x800'0495   0x6  Code  Wk  ChessMode.o [5]
std::array<IMode *, (unsigned int)4>::operator [](unsigned int) const
                         0x800'047d   0x6  Code  Wk  main.o [1]
std::array<IMode *, (unsigned int)4>::size() const
                         0x800'0477   0x6  Code  Wk  main.o [1]
treeMode                0x2000'002c   0xc  Data  Gb  main.o [1]
unsigned int RegisterBase<(unsigned int)1073874960, (unsigned int)32, ReadMode>::Get<ReadMode, void>()
                         0x800'0871   0xc  Code  Wk  main.o [1]
unsigned int RegisterBase<(unsigned int)1073874964, (unsigned int)32, ReadWriteMode>::Get<ReadWriteMode, void>()
                         0x800'0781   0xc  Code  Wk  main.o [1]
userButton1             0x2000'0058   0x8  Data  Gb  main.o [1]
void FieldValueBase<GPIOC_MODER_MODER15_Values<GPIOC::MODER, (unsigned int)12, (unsigned int)2, ReadWriteMode, GPIOC::GPIOCMODERBase>, GPIOC::GPIOCMODERBase, (unsigned int)1>::Set<ReadWriteMode, void>()
                         0x800'036d  0x14  Code  Wk  main.o [1]
void FieldValueBase<GPIOC_MODER_MODER15_Values<GPIOC::MODER, (unsigned int)14, (unsigned int)2, ReadWriteMode, GPIOC::GPIOCMODERBase>, GPIOC::GPIOCMODERBase, (unsigned int)1>::Set<ReadWriteMode, void>()
                         0x800'0381  0x14  Code  Wk  main.o [1]
void FieldValueBase<GPIOC_MODER_MODER15_Values<GPIOC::MODER, (unsigned int)16, (unsigned int)2, ReadWriteMode, GPIOC::GPIOCMODERBase>, GPIOC::GPIOCMODERBase, (unsigned int)1>::Set<ReadWriteMode, void>()
                         0x800'0395  0x14  Code  Wk  main.o [1]
void FieldValueBase<GPIOC_MODER_MODER15_Values<GPIOC::MODER, (unsigned int)18, (unsigned int)2, ReadWriteMode, GPIOC::GPIOCMODERBase>, GPIOC::GPIOCMODERBase, (unsigned int)1>::Set<ReadWriteMode, void>()
                         0x800'03a9  0x14  Code  Wk  main.o [1]
void FieldValueBase<RCC_AHB1ENR_GPIOCEN_Values<RCC::AHB1ENR, (unsigned int)2, (unsigned int)1, ReadWriteMode, RCC::RCCAHB1ENRBase>, RCC::RCCAHB1ENRBase, (unsigned int)1>::Set<ReadWriteMode, void>()
                         0x800'0359  0x14  Code  Wk  main.o [1]
void RegisterBase<(unsigned int)1073874964, (unsigned int)32, ReadWriteMode>::Toggle<ReadWriteMode, void>(unsigned int)
                         0x800'0851  0x10  Code  Wk  main.o [1]
void RegisterBase<(unsigned int)1073874964, (unsigned int)32, ReadWriteMode>::Write<ReadWriteMode, void>(unsigned int)
                         0x800'078d   0xc  Code  Wk  main.o [1]


[1] = R:\POIP\POIP\Project_8\Debug\Obj
[2] = R:\POIP\POIP\Project_8\Debug\Obj\Components\Button
[3] = R:\POIP\POIP\Project_8\Debug\Obj\Components\LED
[4] = R:\POIP\POIP\Project_8\Debug\Obj\Modes\AllMode
[5] = R:\POIP\POIP\Project_8\Debug\Obj\Modes\ChessMode
[6] = R:\POIP\POIP\Project_8\Debug\Obj\Modes\Slide
[7] = R:\POIP\POIP\Project_8\Debug\Obj\Modes\TreeMode
[8] = dl7M_tln.a
[9] = dlpprt7M_tl_nc.a
[10] = m7M_tls.a
[11] = rt7M_tl.a
[12] = shb_l.a

  2'004 bytes of readonly  code memory
    385 bytes of readonly  data memory
  8'313 bytes of readwrite data memory

Errors: none
Warnings: none
