###############################################################################
#
# IAR ELF Linker V9.30.1.335/W64 for ARM                  26/Dec/2022  10:24:08
# Copyright 2007-2022 IAR Systems AB.
#
#    Output file  =  R:\POIP\POIP\Project_8\Debug\Exe\Project_8.out
#    Map file     =  R:\POIP\POIP\Project_8\Debug\List\Project_8.map
#    Command line =
#        -f R:\POIP\POIP\Project_8\Debug\Exe\Project_8.out.rsp
#        (R:\POIP\POIP\Project_8\Debug\Obj\Modes\AllMode\AllMode.o
#        R:\POIP\POIP\Project_8\Debug\Obj\Components\Button\Button.o
#        R:\POIP\POIP\Project_8\Debug\Obj\Modes\ChessMode\ChessMode.o
#        R:\POIP\POIP\Project_8\Debug\Obj\Components\LED\LED.o
#        R:\POIP\POIP\Project_8\Debug\Obj\main.o
#        R:\POIP\POIP\Project_8\Debug\Obj\Modes\SlideMode\SlideMode.o
#        R:\POIP\POIP\Project_8\Debug\Obj\Modes\TreeMode\TreeMode.o
#        --no_out_extension -o R:\POIP\POIP\Project_8\Debug\Exe\Project_8.out
#        --map R:\POIP\POIP\Project_8\Debug\List\Project_8.map --config
#        R:\POIP\POIP\Project_8\Project_8.icf --semihosting --entry
#        __iar_program_start --vfe --text_out locale --cpu=Cortex-M4
#        --fpu=VFPv4_sp)
#
###############################################################################

*******************************************************************************
*** RUNTIME MODEL ATTRIBUTES
***

CppFlavor                     = *
__CPP_Exceptions              = Disabled
__CPP_Language                = C++14
__CPP_Library                 = DLib
__CPP_Runtime                 = 1
__Heap_Handler                = Basic
__SystemLibrary               = DLib
__dlib_dynamic_initialization = normal
__dlib_version                = 6


*******************************************************************************
*** HEAP SELECTION
***

The basic heap was selected because --advanced_heap
was not specified and the application did not appear to
be primarily optimized for speed.


*******************************************************************************
*** PLACEMENT SUMMARY
***

"A0":  place at address 0x800'0000 { ro section .intvec };
"P1":  place in [from 0x800'0000 to 0x803'ffff] { ro };
define block CSTACK with size = 8K, alignment = 8 { };
define block HEAP with size = 0, alignment = 8 { };
"P2":  place in [from 0x2000'0000 to 0x2001'ffff] {
          rw, block CSTACK, block HEAP };
initialize by copy { rw };

  Section                Kind         Address    Size  Object
  -------                ----         -------    ----  ------
"A0":                                            0x40
  .intvec                ro code   0x800'0000    0x40  vector_table_M.o [12]
                                 - 0x800'0040    0x40

"P1":                                          0x179c
  .text                  ro code   0x800'0040   0x1ce  main.o [1]
  .text                  ro code   0x800'020e     0xc  main.o [1]
  .text                  ro code   0x800'021a     0x4  main.o [1]
  .text                  ro code   0x800'021e    0x72  main.o [1]
  .text                  ro code   0x800'0290     0x4  main.o [1]
  .text                  ro code   0x800'0294     0x8  main.o [1]
  .text                  ro code   0x800'029c     0x4  main.o [1]
  .text                  ro code   0x800'02a0     0x6  main.o [1]
  .text                  ro code   0x800'02a6     0x6  main.o [1]
  .text                  ro code   0x800'02ac     0x4  main.o [1]
  .text                  ro code   0x800'02b0    0x32  main.o [1]
  .text                  ro code   0x800'02e2    0x12  main.o [1]
  .text                  ro code   0x800'02f4    0x16  main.o [1]
  .text                  ro code   0x800'030a     0x8  main.o [1]
  .text                  ro code   0x800'0312    0x28  main.o [1]
  .text                  ro code   0x800'033a     0xe  main.o [1]
  .text                  ro code   0x800'0348    0x36  strlen.o [12]
  .text                  ro code   0x800'037e     0xc  main.o [1]
  .text                  ro code   0x800'038a    0x18  main.o [1]
  .text                  ro code   0x800'03a2     0x4  main.o [1]
  .text                  ro code   0x800'03a6    0x54  main.o [1]
  .text                  ro code   0x800'03fa    0x18  main.o [1]
  .text                  ro code   0x800'0412     0xe  main.o [1]
  .text                  ro code   0x800'0420     0x4  main.o [1]
  .text                  ro code   0x800'0424     0x4  main.o [1]
  .text                  ro code   0x800'0428    0x24  main.o [1]
  .text                  ro code   0x800'044c     0xc  main.o [1]
  .text                  ro code   0x800'0458    0x28  main.o [1]
  .text                  ro code   0x800'0480     0xe  main.o [1]
  .text                  ro code   0x800'048e    0x14  main.o [1]
  .text                  ro code   0x800'04a2    0x2a  copy_init3.o [12]
  .text                  ro code   0x800'04cc   0x100  ios.o [9]
  .text                  ro code   0x800'05cc     0xc  main.o [1]
  .text                  ro code   0x800'05d8    0x54  main.o [1]
  .text                  ro code   0x800'062c     0xc  main.o [1]
  .text                  ro code   0x800'0638     0x6  abort.o [8]
  .text                  ro code   0x800'063e     0x4  delop4_0.o [10]
  .text                  ro code   0x800'0642    0x4a  main.o [1]
  .text                  ro code   0x800'068c    0x46  main.o [1]
  .text                  ro code   0x800'06d2     0x6  iostream_cout.o [9]
  .text                  ro code   0x800'06d8    0x14  exit.o [13]
  .text                  ro code   0x800'06ec     0xa  delop_0.o [10]
  .text                  ro code   0x800'06f6     0x2  iostream_cout.o [9]
  .text                  ro code   0x800'06f8    0x7c  iarttio.o [13]
  .text                  ro code   0x800'0774     0x4  heaptramp0.o [8]
  .text                  ro code   0x800'0778     0x8  XShttio.o [8]
  .text                  ro code   0x800'0780    0x90  heap0.o [8]
  .text                  ro code   0x800'0810   0x124  main.o [1]
  .text                  ro code   0x800'0934    0x3c  LED.o [3]
  .text                  ro code   0x800'0970    0xee  Button.o [2]
  .text                  ro code   0x800'0a5e     0x2  iostream_cout.o [9]
  .text                  ro code   0x800'0a60    0x1c  AllMode.o [4]
  .text                  ro code   0x800'0a7c    0x4a  ChessMode.o [5]
  .text                  ro code   0x800'0ac6     0x2  vectortrap_M.o [12]
  .text                  ro code   0x800'0ac8    0x54  TreeMode.o [7]
  .text                  ro code   0x800'0b1c    0xa4  SlideMode.o [6]
  .text                  ro code   0x800'0bc0    0x20  main.o [1]
  .text                  ro code   0x800'0be0    0x14  main.o [1]
  .text                  ro code   0x800'0bf4    0x14  main.o [1]
  .text                  ro code   0x800'0c08    0x14  main.o [1]
  .text                  ro code   0x800'0c1c    0x14  main.o [1]
  .text                  ro code   0x800'0c30    0x14  main.o [1]
  .text                  ro code   0x800'0c44    0x16  main.o [1]
  .text                  ro code   0x800'0c5a     0xc  LED.o [3]
  .text                  ro code   0x800'0c66     0xc  Button.o [2]
  .text                  ro code   0x800'0c72     0xc  Button.o [2]
  .text                  ro code   0x800'0c7e     0x6  Button.o [2]
  .text                  ro code   0x800'0c84     0x6  Button.o [2]
  .text                  ro code   0x800'0c8a     0xc  AllMode.o [4]
  .text                  ro code   0x800'0c96     0xc  ChessMode.o [5]
  .text                  ro code   0x800'0ca2     0x6  ChessMode.o [5]
  .text                  ro code   0x800'0ca8    0x3e  AllMode.o [4]
  .text                  ro code   0x800'0ce6     0xc  main.o [1]
  .text                  ro code   0x800'0cf2     0x6  main.o [1]
  .text                  ro code   0x800'0cf8     0x2  LED.o [3]
  .text                  ro code   0x800'0cfa     0x2  Button.o [2]
  .text                  ro code   0x800'0cfc     0x2  Button.o [2]
  .rodata                zero      0x800'0cfe     0x1  AllMode.o [4]
  .rodata                const     0x800'0cff     0x1  unwind_debug.o [13]
  .text                  ro code   0x800'0d00     0xc  AllMode.o [4]
  .text                  ro code   0x800'0d0c     0x6  ChessMode.o [5]
  .text                  ro code   0x800'0d12    0x18  AllMode.o [4]
  .text                  ro code   0x800'0d2a    0x18  AllMode.o [4]
  .text                  ro code   0x800'0d42    0x1c  AllMode.o [4]
  .text                  ro code   0x800'0d5e     0x4  AllMode.o [4]
  .text                  ro code   0x800'0d62     0x8  AllMode.o [4]
  .text                  ro code   0x800'0d6a     0x2  main.o [1]
  .text                  ro code   0x800'0d6c    0x14  AllMode.o [4]
  .text                  ro code   0x800'0d80     0x8  AllMode.o [4]
  .text                  ro code   0x800'0d88    0x12  AllMode.o [4]
  .text                  ro code   0x800'0d9a     0x2  AllMode.o [4]
  .text                  ro code   0x800'0d9c    0xa0  cppinit.o [8]
  .text                  ro code   0x800'0e3c    0x90  iostream_cout.o [9]
  .text                  ro code   0x800'0ecc    0x5c  iostream_cout.o [9]
  .text                  ro code   0x800'0f28     0xa  cxxabi.o [10]
  .text                  ro code   0x800'0f32    0x82  main.o [1]
  .text                  ro code   0x800'0fb4    0x76  ABImemcpy_unaligned.o [12]
  .text                  ro code   0x800'102a    0x5e  iostream_cout.o [9]
  .rodata                const     0x800'1088    0x44  iostream_cout.o [9]
  .rodata                const     0x800'10cc    0x44  iostream_cout.o [9]
  .text                  ro code   0x800'1110    0x3e  AllMode.o [4]
  .text                  ro code   0x800'114e    0x38  iostream_cout.o [9]
  .text                  ro code   0x800'1186    0x20  putchar.o [8]
  .text                  ro code   0x800'11a6    0x10  write.o [13]
  .text                  ro code   0x800'11b6    0x1e  dwrite.o [13]
  .text                  ro code   0x800'11d4    0x20  iarwstd.o [13]
  .text                  ro code   0x800'11f4    0x22  iarwrite.o [13]
  .text                  ro code   0x800'1216    0x38  zero_init3.o [12]
  Initializer bytes      const     0x800'1250    0x34  <for P2-1>
  .text                  ro code   0x800'1284    0x30  main.o [1]
  .text                  ro code   0x800'12b4     0x6  main.o [1]
  .text                  ro code   0x800'12ba    0x2e  main.o [1]
  .text                  ro code   0x800'12e8    0x18  main.o [1]
  .text                  ro code   0x800'1300    0x20  main.o [1]
  .text                  ro code   0x800'1320     0x8  main.o [1]
  .text                  ro code   0x800'1328    0x18  main.o [1]
  .text                  ro code   0x800'1340     0xc  main.o [1]
  .text                  ro code   0x800'134c     0xc  main.o [1]
  .rodata                const     0x800'1358    0x28  iostream_cout.o [9]
  .text                  ro code   0x800'1380    0x28  data_init.o [12]
  .rodata                const     0x800'13a8    0x24  Button.o [2]
  .text                  ro code   0x800'13cc    0x22  fpinit_M.o [11]
  .iar.init_table        const     0x800'13f0    0x28  - Linker created -
  .rodata                const     0x800'1418    0x20  main.o [1]
  .rodata                const     0x800'1438    0x20  main.o [1]
  .rodata                const     0x800'1458    0x20  main.o [1]
  .rodata                const     0x800'1478    0x20  main.o [1]
  .rodata                const     0x800'1498    0x20  main.o [1]
  .text                  ro code   0x800'14b8    0x20  main.o [1]
  .text                  ro code   0x800'14d8     0xc  main.o [1]
  .text                  ro code   0x800'14e4    0x20  cmain_call_ctors.o [12]
  .text                  ro code   0x800'1504    0x1e  cmain.o [12]
  .text                  ro code   0x800'1522     0x4  low_level_init.o [8]
  .text                  ro code   0x800'1526     0x4  exit.o [8]
  .text                  ro code   0x800'152c     0xe  cexit.o [12]
  .text                  ro code   0x800'153c    0x1c  cstartup_M.o [12]
  .text                  ro code   0x800'1558    0x16  main.o [1]
  .text                  ro code   0x800'1570     0xc  main.o [1]
  .text                  ro code   0x800'157c     0xc  main.o [1]
  .text                  ro code   0x800'1588    0x16  main.o [1]
  .text                  ro code   0x800'159e    0x16  main.o [1]
  .text                  ro code   0x800'15b4    0x16  main.o [1]
  .text                  ro code   0x800'15ca    0x16  main.o [1]
  .text                  ro code   0x800'15e0    0x14  iostream_cout.o [9]
  .rodata                const     0x800'15f4    0x10  AllMode.o [4]
  .rodata                const     0x800'1604    0x10  AllMode.o [4]
  .rodata                const     0x800'1614    0x10  ChessMode.o [5]
  .rodata                const     0x800'1624    0x10  LED.o [3]
  .rodata                const     0x800'1634    0x10  main.o [1]
  .rodata                const     0x800'1644    0x10  main.o [1]
  .rodata                const     0x800'1654    0x10  main.o [1]
  .rodata                const     0x800'1664    0x10  SlideMode.o [6]
  .rodata                const     0x800'1674    0x10  TreeMode.o [7]
  .rodata                const     0x800'1684    0x10  ios.o [9]
  .rodata                const     0x800'1694    0x10  iostream_cout.o [9]
  .text                  ro code   0x800'16a4    0x10  main.o [1]
  .text                  ro code   0x800'16b4    0x10  main.o [1]
  .text                  ro code   0x800'16c4     0xc  main.o [1]
  .text                  ro code   0x800'16d0    0x10  main.o [1]
  .text                  ro code   0x800'16e0    0x10  main.o [1]
  .text                  ro code   0x800'16f0    0x10  main.o [1]
  .text                  ro code   0x800'1700    0x10  main.o [1]
  .text                  ro code   0x800'1710     0xe  main.o [1]
  .text                  ro code   0x800'171e     0xe  main.o [1]
  .text                  ro code   0x800'172c     0xe  main.o [1]
  .text                  ro code   0x800'173a     0xe  iostream_cout.o [9]
  .rodata                const     0x800'1748     0xc  main.o [1]
  .rodata                const     0x800'1754     0xc  main.o [1]
  .text                  ro code   0x800'1760     0xc  main.o [1]
  .text                  ro code   0x800'176c     0xc  main.o [1]
  .text                  ro code   0x800'1778     0xc  main.o [1]
  SHT$$PREINIT_ARRAY               0x800'1784     0x4  <Block>
    .preinit_array       const     0x800'1784     0x4  iostream_cout.o [9]
  SHT$$INIT_ARRAY                  0x800'1788     0x8  <Block>
    .init_array          const     0x800'1788     0x4  main.o [1]
    .init_array          const     0x800'178c     0x4  ios.o [9]
  __iar_tls$$INIT_ARRAY            0x800'1790     0x0  <Block>
  .rodata                const     0x800'1790     0x8  main.o [1]
  .rodata                const     0x800'1798     0x8  main.o [1]
  .rodata                const     0x800'17a0     0x8  main.o [1]
  .rodata                const     0x800'17a8     0x8  main.o [1]
  .rodata                const     0x800'17b0     0x8  main.o [1]
  .text                  ro code   0x800'17b8     0x6  main.o [1]
  .text                  ro code   0x800'17be     0x6  main.o [1]
  .text                  ro code   0x800'17c4     0x6  main.o [1]
  .text                  ro code   0x800'17ca     0x6  main.o [1]
  .text                  ro code   0x800'17d0     0x6  main.o [1]
  .text                  ro code   0x800'17d6     0x4  iostream_cout.o [9]
  .text                  ro code   0x800'17dc     0x0  cstart_call_dtors.o [12]
  .rodata                const     0x800'17dc     0x0  zero_init3.o [12]
  .rodata                const     0x800'17dc     0x0  copy_init3.o [12]
                                 - 0x800'17dc  0x179c

"P2", part 1 of 3:                               0x34
  P2-1                            0x2000'0000    0x34  <Init block>
    .data                inited   0x2000'0000    0x10  main.o [1]
    .data                inited   0x2000'0010    0x10  main.o [1]
    .data                inited   0x2000'0020     0x4  main.o [1]
    .data                inited   0x2000'0024     0x4  main.o [1]
    .data                inited   0x2000'0028     0x4  main.o [1]
    .data                inited   0x2000'002c     0x8  XShttio.o [8]
                                - 0x2000'0034    0x34

"P2", part 2 of 3:                              0x148
  .bss                   zero     0x2000'0034    0x70  iostream_cout.o [9]
  .bss                   zero     0x2000'00a4    0x34  ios.o [9]
  .bss                   zero     0x2000'00d8    0x20  main.o [1]
  .bss                   zero     0x2000'00f8    0x10  main.o [1]
  .bss                   zero     0x2000'0108     0xc  main.o [1]
  .bss                   zero     0x2000'0118    0x10  ios.o [9]
  .bss                   zero     0x2000'0128     0xc  main.o [1]
  .bss                   zero     0x2000'0134     0x8  main.o [1]
  .bss                   zero     0x2000'013c     0x8  main.o [1]
  .bss                   zero     0x2000'0144     0x8  main.o [1]
  .bss                   zero     0x2000'014c     0x8  main.o [1]
  .bss                   zero     0x2000'0154     0x8  main.o [1]
  .bss                   zero     0x2000'015c     0x8  main.o [1]
  .bss                   zero     0x2000'0164     0x8  heap0.o [8]
  .bss                   zero     0x2000'016c     0x4  main.o [1]
  .bss                   zero     0x2000'0170     0x4  cppinit.o [8]
  .bss                   zero     0x2000'0174     0x4  cppinit.o [8]
  .bss                   zero     0x2000'0178     0x1  main.o [1]
                                - 0x2000'0179   0x145

"P2", part 3 of 3:                             0x219c
  .iar.dynexit                    0x2000'017c   0x198  <Block>
    .iar.dynexit         uninit   0x2000'017c     0xc  cppinit.o [8]
    .iar.dynexit         uninit   0x2000'0188   0x18c  <Block tail>
  CSTACK                          0x2000'0318  0x2000  <Block>
    CSTACK               uninit   0x2000'0318  0x2000  <Block tail>
                                - 0x2000'2318  0x219c

Unused ranges:

         From           To      Size
         ----           --      ----
   0x800'17dc   0x803'ffff  0x3'e824
  0x2000'2318  0x2001'ffff  0x1'dce8


*******************************************************************************
*** INIT TABLE
***

          Address      Size
          -------      ----
Zero (__iar_zero_init3)
    1 destination range, total size 0x145:
          0x2000'0034  0x145

Copy (__iar_copy_init3)
    1 source range, total size 0x34:
           0x800'1250   0x34
    1 destination range, total size 0x34:
          0x2000'0000   0x34

Extra (__iar_cstart_call_ctors)



*******************************************************************************
*** MODULE SUMMARY
***

    Module                 ro code  ro data  rw data
    ------                 -------  -------  -------
command line/config:
    ------------------------------------------------
    Total:

R:\POIP\POIP\Project_8\Debug\Obj: [1]
    main.o                   2'522      320      169
    ------------------------------------------------
    Total:                   2'522      320      169

R:\POIP\POIP\Project_8\Debug\Obj\Components\Button: [2]
    Button.o                   278       36
    ------------------------------------------------
    Total:                     278       36

R:\POIP\POIP\Project_8\Debug\Obj\Components\LED: [3]
    LED.o                       74       16
    ------------------------------------------------
    Total:                      74       16

R:\POIP\POIP\Project_8\Debug\Obj\Modes\AllMode: [4]
    AllMode.o                  312       32        1
    ------------------------------------------------
    Total:                     312       32        1

R:\POIP\POIP\Project_8\Debug\Obj\Modes\ChessMode: [5]
    ChessMode.o                 98       16
    ------------------------------------------------
    Total:                      98       16

R:\POIP\POIP\Project_8\Debug\Obj\Modes\SlideMode: [6]
    SlideMode.o                164       16
    ------------------------------------------------
    Total:                     164       16

R:\POIP\POIP\Project_8\Debug\Obj\Modes\TreeMode: [7]
    TreeMode.o                  84       16
    ------------------------------------------------
    Total:                      84       16

dl7M_tln.a: [8]
    XShttio.o                    8        8        8
    abort.o                      6
    cppinit.o                  160                20
    exit.o                       4
    heap0.o                    144                 8
    heaptramp0.o                 4
    low_level_init.o             4
    putchar.o                   32
    ------------------------------------------------
    Total:                     362        8       36

dlpp7M_tls_nc.a: [9]
    ios.o                      256       20       68
    iostream_cout.o            434      196      112
    ------------------------------------------------
    Total:                     690      216      180

dlpprt7M_tl_nc.a: [10]
    cxxabi.o                    10
    delop4_0.o                   4
    delop_0.o                   10
    ------------------------------------------------
    Total:                      24

m7M_tls.a: [11]
    fpinit_M.o                  34
    ------------------------------------------------
    Total:                      34

rt7M_tl.a: [12]
    ABImemcpy_unaligned.o      118
    cexit.o                     14
    cmain.o                     30
    cmain_call_ctors.o          32
    copy_init3.o                42
    cstart_call_dtors.o
    cstartup_M.o                28
    data_init.o                 40
    strlen.o                    54
    vector_table_M.o            64
    vectortrap_M.o               2
    zero_init3.o                56
    ------------------------------------------------
    Total:                     480

shb_l.a: [13]
    dwrite.o                    30
    exit.o                      20
    iarttio.o                  124
    iarwrite.o                  34
    iarwstd.o                   32
    unwind_debug.o                        1
    write.o                     16
    ------------------------------------------------
    Total:                     256        1

    Gaps                         8        2        4
    Linker created                       42    8'588
----------------------------------------------------
    Grand Total:             5'386      721    8'978


*******************************************************************************
*** ENTRY LIST
***

Entry                       Address   Size  Type      Object
-----                       -------   ----  ----      ------
.iar.dynexit$$Base      0x2000'017c          --   Gb  - Linker created -
.iar.dynexit$$Limit     0x2000'0314          --   Gb  - Linker created -
.iar.init_table$$Base    0x800'13f0          --   Gb  - Linker created -
.iar.init_table$$Limit   0x800'1418          --   Gb  - Linker created -
?main                    0x800'1505         Code  Gb  cmain.o [12]
Aldata                  0x2000'0164    0x8  Data  Lc  heap0.o [8]
AllMode::AllMode(std::array<ILed *, (unsigned int)4> const &)
                         0x800'0a61   0x16  Code  Gb  AllMode.o [4]
BusFault_Handler         0x800'0ac7         Code  Wk  vectortrap_M.o [12]
Button::AddObserver(IButtonObserver &)
                         0x800'09ed   0x1a  Code  Gb  Button.o [2]
Button::Button(IPinReadable const &)
                         0x800'0971   0x2a  Code  Gb  Button.o [2]
Button::IsPressed() const
                         0x800'09a1   0x4c  Code  Gb  Button.o [2]
Button::RemoveObserver(IButtonObserver &)
                         0x800'0a07   0x58  Code  Gb  Button.o [2]
CSTACK$$Base            0x2000'0318          --   Gb  - Linker created -
CSTACK$$Limit           0x2000'2318          --   Gb  - Linker created -
ChessMode::ChessMode(std::array<ILed *, (unsigned int)4> const &)
                         0x800'0a7d   0x1c  Code  Gb  ChessMode.o [5]
ChessMode::Clear()       0x800'0a9d   0x2a  Code  Gb  ChessMode.o [5]
DebugMon_Handler         0x800'0ac7         Code  Wk  vectortrap_M.o [12]
Delay(unsigned long long)
                         0x800'0867   0x20  Code  Gb  main.o [1]
DtorRecArray            0x2000'017c    0xc  Data  Lc  cppinit.o [8]
Garland::Garland(std::array<IMode *, (unsigned int)4> const &)
                         0x800'0bc1   0x20  Code  Wk  main.o [1]
Garland::OnButtonPress()
                         0x800'1779    0xc  Code  Wk  main.o [1]
Garland::SwitchNextMode()
                         0x800'1285   0x30  Code  Wk  main.o [1]
Garland::UpdateCurrentMode() const
                         0x800'0c45   0x16  Code  Wk  main.o [1]
Gyru::OnButtonPress()    0x800'14b9   0x20  Code  Wk  main.o [1]
Gyru::OnButtonPress()::string
                         0x800'1654   0x10  Data  Wk  main.o [1]
HardFault_Handler        0x800'0ac7         Code  Wk  vectortrap_M.o [12]
IButton::IButton()       0x800'0cfb    0x2  Code  Wk  Button.o [2]
IButton::IButton() [subobject]
                         0x800'0c67    0xc  Code  Wk  Button.o [2]
IButtonObserver::IButtonObserver()
                         0x800'0d6b    0x2  Code  Wk  main.o [1]
IButtonObserver::IButtonObserver() [subobject]
                         0x800'0ce7    0xc  Code  Wk  main.o [1]
ILed *const  * std::_Addressof<ILed *const >(ILed *const  &, std::integral_constant<bool, (bool)0>)
                         0x800'0d9b    0x2  Code  Wk  AllMode.o [4]
ILed *const  * std::addressof<ILed *const >(ILed *const  &)
                         0x800'0d6d   0x14  Code  Wk  AllMode.o [4]
ILed::ILed()             0x800'0cf9    0x2  Code  Wk  LED.o [3]
ILed::ILed() [subobject]
                         0x800'0c5b    0xc  Code  Wk  LED.o [3]
IMode::Clear()           0x800'0ca9   0x3e  Code  Wk  AllMode.o [4]
IMode::IMode(std::array<ILed *, (unsigned int)4> const &)
                         0x800'0d01    0xc  Code  Wk  AllMode.o [4]
IMode::IMode(std::array<ILed *, (unsigned int)4> const &) [subobject]
                         0x800'0c8b    0xc  Code  Wk  AllMode.o [4]
IMode::Update()          0x800'1111   0x3e  Code  Wk  AllMode.o [4]
IObservable::IObservable()
                         0x800'0cfd    0x2  Code  Wk  Button.o [2]
IObservable::IObservable() [subobject]
                         0x800'0c73    0xc  Code  Wk  Button.o [2]
Initialization guard variable for std::ctype<char> const & std::use_facet<std::ctype<char>>()::_MyFacet
                        0x2000'0178    0x1  Data  Wk  main.o [1]
Led::Led(IPin const &)   0x800'0935   0x16  Code  Gb  LED.o [3]
Led::SwitchOff() const   0x800'0951   0x10  Code  Gb  LED.o [3]
Led::Toggle() const      0x800'0961   0x10  Code  Gb  LED.o [3]
MemManage_Handler        0x800'0ac7         Code  Wk  vectortrap_M.o [12]
NMI_Handler              0x800'0ac7         Code  Wk  vectortrap_M.o [12]
PendSV_Handler           0x800'0ac7         Code  Wk  vectortrap_M.o [12]
Pin<GPIOC, (int)13>::IsHigh() const
                         0x800'1701   0x10  Code  Wk  main.o [1]
Pin<GPIOC, (int)13>::Reset() const
                         0x800'15cb   0x16  Code  Wk  main.o [1]
Pin<GPIOC, (int)13>::Toggle() const
                         0x800'172d    0xe  Code  Wk  main.o [1]
Pin<GPIOC, (int)6>::IsHigh() const
                         0x800'16b5   0x10  Code  Wk  main.o [1]
Pin<GPIOC, (int)6>::Reset() const
                         0x800'1559   0x16  Code  Wk  main.o [1]
Pin<GPIOC, (int)6>::Toggle() const
                         0x800'1761    0xc  Code  Wk  main.o [1]
Pin<GPIOC, (int)7>::IsHigh() const
                         0x800'16d1   0x10  Code  Wk  main.o [1]
Pin<GPIOC, (int)7>::Reset() const
                         0x800'1589   0x16  Code  Wk  main.o [1]
Pin<GPIOC, (int)7>::Toggle() const
                         0x800'176d    0xc  Code  Wk  main.o [1]
Pin<GPIOC, (int)8>::IsHigh() const
                         0x800'16e1   0x10  Code  Wk  main.o [1]
Pin<GPIOC, (int)8>::Reset() const
                         0x800'159f   0x16  Code  Wk  main.o [1]
Pin<GPIOC, (int)8>::Toggle() const
                         0x800'1711    0xe  Code  Wk  main.o [1]
Pin<GPIOC, (int)9>::IsHigh() const
                         0x800'16f1   0x10  Code  Wk  main.o [1]
Pin<GPIOC, (int)9>::Reset() const
                         0x800'15b5   0x16  Code  Wk  main.o [1]
Pin<GPIOC, (int)9>::Toggle() const
                         0x800'171f    0xe  Code  Wk  main.o [1]
Region$$Table$$Base      0x800'13f0          --   Gb  - Linker created -
Region$$Table$$Limit     0x800'1418          --   Gb  - Linker created -
SHT$$INIT_ARRAY$$Base    0x800'1788          --   Gb  - Linker created -
SHT$$INIT_ARRAY$$Limit   0x800'1790          --   Gb  - Linker created -
SHT$$PREINIT_ARRAY$$Base
                         0x800'1784          --   Gb  - Linker created -
SHT$$PREINIT_ARRAY$$Limit
                         0x800'1788          --   Gb  - Linker created -
SVC_Handler              0x800'0ac7         Code  Wk  vectortrap_M.o [12]
SlideMode::CalculateNextIndex()
                         0x800'0b83   0x3e  Code  Gb  SlideMode.o [6]
SlideMode::SlideMode(std::array<ILed *, (unsigned int)4> const &)
                         0x800'0b1d   0x24  Code  Gb  SlideMode.o [6]
SlideMode::Update()      0x800'0b45   0x3e  Code  Gb  SlideMode.o [6]
SysTick_Handler          0x800'0ac7         Code  Wk  vectortrap_M.o [12]
Thunk for (offset -4) Pin<GPIOC, (int)13>::IsHigh() const
                         0x800'17d1    0x6  Code  Wk  main.o [1]
Thunk for (offset -4) Pin<GPIOC, (int)6>::IsHigh() const
                         0x800'17b9    0x6  Code  Wk  main.o [1]
Thunk for (offset -4) Pin<GPIOC, (int)7>::IsHigh() const
                         0x800'17bf    0x6  Code  Wk  main.o [1]
Thunk for (offset -4) Pin<GPIOC, (int)8>::IsHigh() const
                         0x800'17c5    0x6  Code  Wk  main.o [1]
Thunk for (offset -4) Pin<GPIOC, (int)9>::IsHigh() const
                         0x800'17cb    0x6  Code  Wk  main.o [1]
TreeMode::TreeMode(std::array<ILed *, (unsigned int)4> const &)
                         0x800'0ac9   0x20  Code  Gb  TreeMode.o [7]
TreeMode::Update()       0x800'0aed   0x30  Code  Gb  TreeMode.o [7]
UsageFault_Handler       0x800'0ac7         Code  Wk  vectortrap_M.o [12]
Virtual function table for AllMode
                         0x800'1604   0x10  Data  Wk  AllMode.o [4]
Virtual function table for Button
                         0x800'13a8   0x24  Data  Wk  Button.o [2]
Virtual function table for ChessMode
                         0x800'1614   0x10  Data  Wk  ChessMode.o [5]
Virtual function table for Garland
                         0x800'1748    0xc  Data  Wk  main.o [1]
Virtual function table for Gyru
                         0x800'1754    0xc  Data  Wk  main.o [1]
Virtual function table for IMode
                         0x800'15f4   0x10  Data  Wk  AllMode.o [4]
Virtual function table for Led
                         0x800'1624   0x10  Data  Wk  LED.o [3]
Virtual function table for Pin<GPIOC, (int)13>
                         0x800'1498   0x20  Data  Wk  main.o [1]
Virtual function table for Pin<GPIOC, (int)6>
                         0x800'1418   0x20  Data  Wk  main.o [1]
Virtual function table for Pin<GPIOC, (int)7>
                         0x800'1438   0x20  Data  Wk  main.o [1]
Virtual function table for Pin<GPIOC, (int)8>
                         0x800'1458   0x20  Data  Wk  main.o [1]
Virtual function table for Pin<GPIOC, (int)9>
                         0x800'1478   0x20  Data  Wk  main.o [1]
Virtual function table for SlideMode
                         0x800'1664   0x10  Data  Wk  SlideMode.o [6]
Virtual function table for TreeMode
                         0x800'1674   0x10  Data  Wk  TreeMode.o [7]
Virtual function table for std::_Wrap_facet<std::ctype<char>>
                         0x800'1644   0x10  Data  Wk  main.o [1]
Virtual function table for std::__nobasic_filebuf<char, std::char_traits<char>>
                         0x800'10cc   0x44  Data  Wk  iostream_cout.o [9]
Virtual function table for std::ctype<char>
                         0x800'1634   0x10  Data  Wk  main.o [1]
Virtual function table for std::ios
                         0x800'1694   0x10  Data  Wk  iostream_cout.o [9]
Virtual function table for std::ios_base
                         0x800'1684   0x10  Data  Wk  ios.o [9]
Virtual function table for std::ostream
                         0x800'1358   0x28  Data  Wk  iostream_cout.o [9]
Virtual function table for std::streambuf
                         0x800'1088   0x44  Data  Wk  iostream_cout.o [9]
[local to ios_cpp]::std::stdopens
                        0x2000'00a4    0xc  Data  Lc  ios.o [9]
[local to ios_cpp]::std::stdstr
                        0x2000'00b0   0x28  Data  Lc  ios.o [9]
[local to iostream_cout_cpp]::std::__iarcoutguard
                        0x2000'0060    0x1  Data  Lc  iostream_cout.o [9]
[local to iostream_cout_cpp]::std::fout
                        0x2000'0064   0x40  Data  Lc  iostream_cout.o [9]
__aeabi_atexit           0x800'0f29    0xa  Code  Gb  cxxabi.o [10]
__basic_free             0x800'0781   0x16  Code  Gb  heap0.o [8]
__basic_free_intern      0x800'0797   0x74  Code  Lc  heap0.o [8]
__call_ctors             0x800'0d9d   0x18  Code  Gb  cppinit.o [8]
__call_dtors             0x800'0deb    0xc  Code  Gb  cppinit.o [8]
__call_dtors0            0x800'0df7   0x36  Code  Gb  cppinit.o [8]
__cexit_call_dtors       0x800'152f         Code  Gb  cexit.o [12]
__cmain                  0x800'1505         Code  Gb  cmain.o [12]
__cstart_call_dtors      0x800'17dc         Data  Gb  cstart_call_dtors.o [12]
__cxa_atexit             0x800'0db5   0x36  Code  Gb  cppinit.o [8]
__dso_handle            0x2000'0174    0x4  Data  Gb  cppinit.o [8]
__dwrite                 0x800'11b7   0x1e  Code  Gb  dwrite.o [13]
__exit                   0x800'06d9   0x14  Code  Gb  exit.o [13]
__iar_close_ttio         0x800'06f9   0x2c  Code  Gb  iarttio.o [13]
__iar_copy_init3         0x800'04a3   0x2a  Code  Gb  copy_init3.o [12]
__iar_cstart_call_ctors
                         0x800'14e5   0x20  Code  Gb  cmain_call_ctors.o [12]
__iar_data_init3         0x800'1381   0x28  Code  Gb  data_init.o [12]
__iar_debug_exceptions   0x800'0cff    0x1  Data  Gb  unwind_debug.o [13]
__iar_get_ttio           0x800'0725   0x4c  Code  Gb  iarttio.o [13]
__iar_init_vfp           0x800'13cd         Code  Gb  fpinit_M.o [11]
__iar_lookup_ttioh       0x800'0779    0x8  Code  Gb  XShttio.o [8]
__iar_program_start      0x800'153d         Code  Gb  cstartup_M.o [12]
__iar_sh_stdout          0x800'11d5   0x20  Code  Gb  iarwstd.o [13]
__iar_sh_write           0x800'11f5   0x22  Code  Gb  iarwrite.o [13]
__iar_tls$$INIT_ARRAY$$Base
                         0x800'1790          --   Gb  - Linker created -
__iar_tls$$INIT_ARRAY$$Limit
                         0x800'1790          --   Gb  - Linker created -
__iar_ttio_handles      0x2000'002c    0x8  Data  Lc  XShttio.o [8]
__iar_unaligned_memcpy   0x800'0fb5         Code  Gb  ABImemcpy_unaligned.o [12]
__iar_unaligned_memcpy4
                         0x800'0fd5         Code  Gb  ABImemcpy_unaligned.o [12]
__iar_unaligned_memcpy8
                         0x800'0fd5         Code  Gb  ABImemcpy_unaligned.o [12]
__iar_zero_init3         0x800'1217   0x38  Code  Gb  zero_init3.o [12]
__low_level_init         0x800'1523    0x4  Code  Gb  low_level_init.o [8]
__sti__routine           0x800'0811   0x56  Code  Lc  main.o [1]
__sti__routine           0x800'04cf    0xa  Code  Lc  ios.o [9]
__sti__routine           0x800'0e3d   0x90  Code  Lc  iostream_cout.o [9]
__vector_table           0x800'0000         Data  Gb  vector_table_M.o [12]
__write                  0x800'11a7   0x10  Code  Gb  write.o [13]
_call_main               0x800'1511         Code  Gb  cmain.o [12]
_exit                    0x800'152d         Code  Gb  cexit.o [12]
abort                    0x800'0639    0x6  Code  Gb  abort.o [8]
allMode                 0x2000'0154    0x8  Data  Gb  main.o [1]
chessMode               0x2000'015c    0x8  Data  Gb  main.o [1]
decltype(((param#1.size)())) std::size<std::array<ILed *, (unsigned int)4>>(std::array<ILed *, (unsigned int)4> const &)
                         0x800'0c97    0xc  Code  Wk  ChessMode.o [5]
exit                     0x800'1527    0x4  Code  Gb  exit.o [8]
free                     0x800'0775    0x4  Code  Gb  heaptramp0.o [8]
garland                 0x2000'0128    0xc  Data  Gb  main.o [1]
gyru                    0x2000'0028    0x4  Data  Gb  main.o [1]
gyru0                   0x2000'0020    0x4  Data  Gb  main.o [1]
gyru1                   0x2000'0024    0x4  Data  Gb  main.o [1]
led1                    0x2000'0134    0x8  Data  Gb  main.o [1]
led2                    0x2000'013c    0x8  Data  Gb  main.o [1]
led3                    0x2000'0144    0x8  Data  Gb  main.o [1]
led4                    0x2000'014c    0x8  Data  Gb  main.o [1]
leds                    0x2000'0000   0x10  Data  Gb  main.o [1]
main                     0x800'0887   0x58  Code  Gb  main.o [1]
modes                   0x2000'0010   0x10  Data  Gb  main.o [1]
next_abi_dtor_rec       0x2000'0170    0x4  Data  Lc  cppinit.o [8]
operator delete (void *)
                         0x800'06ed    0xa  Code  Gb  delop_0.o [10]
operator delete (void *, unsigned int)
                         0x800'063f    0x4  Code  Gb  delop4_0.o [10]
pinC13                   0x800'17b0    0x8  Data  Wk  main.o [1]
pinC6                    0x800'1790    0x8  Data  Wk  main.o [1]
pinC7                    0x800'1798    0x8  Data  Wk  main.o [1]
pinC8                    0x800'17a0    0x8  Data  Wk  main.o [1]
pinC9                    0x800'17a8    0x8  Data  Wk  main.o [1]
putchar                  0x800'1187   0x20  Code  Gb  putchar.o [8]
slideMode               0x2000'00f8   0x10  Data  Gb  main.o [1]
std::_Array_const_iterator<ILed *, (unsigned int)4>::_Array_const_iterator(ILed *const *, unsigned int)
                         0x800'0d81    0x8  Code  Wk  AllMode.o [4]
std::_Array_const_iterator<ILed *, (unsigned int)4>::operator !=(const std::_Array_const_iterator<ILed *, (unsigned int)4>&) const
                         0x800'0d43   0x1c  Code  Wk  AllMode.o [4]
std::_Array_const_iterator<ILed *, (unsigned int)4>::operator *() const
                         0x800'0d5f    0x4  Code  Wk  AllMode.o [4]
std::_Array_const_iterator<ILed *, (unsigned int)4>::operator ++()
                         0x800'0d63    0x8  Code  Wk  AllMode.o [4]
std::_Array_const_iterator<ILed *, (unsigned int)4>::operator ==(const std::_Array_const_iterator<ILed *, (unsigned int)4>&) const
                         0x800'0d89   0x12  Code  Wk  AllMode.o [4]
std::_Fpz               0x2000'0118   0x10  Data  Gb  ios.o [9]
std::_Wrap_facet<std::ctype<char>>::_Wrap_facet()
                         0x800'1329   0x18  Code  Wk  main.o [1]
std::__iar_cout_guard::~__iar_cout_guard()
                         0x800'15e1   0x14  Code  Wk  iostream_cout.o [9]
std::__nobasic_filebuf<char, std::char_traits<char>>::__nobasic_filebuf()
                         0x800'0ecd   0x5c  Code  Wk  iostream_cout.o [9]
std::__nobasic_filebuf<char, std::char_traits<char>>::overflow(int)
                         0x800'114f   0x38  Code  Wk  iostream_cout.o [9]
std::array<IButtonObserver *, (unsigned int)4>::operator [](unsigned int)
                         0x800'0c85    0x6  Code  Wk  Button.o [2]
std::array<IButtonObserver *, (unsigned int)4>::operator [](unsigned int) const
                         0x800'0c7f    0x6  Code  Wk  Button.o [2]
std::array<ILed *, (unsigned int)4>::begin() const
                         0x800'0d13   0x18  Code  Wk  AllMode.o [4]
std::array<ILed *, (unsigned int)4>::end() const
                         0x800'0d2b   0x18  Code  Wk  AllMode.o [4]
std::array<ILed *, (unsigned int)4>::operator [](unsigned int) const
                         0x800'0ca3    0x6  Code  Wk  ChessMode.o [5]
std::array<ILed *, (unsigned int)4>::size() const
                         0x800'0d0d    0x6  Code  Wk  ChessMode.o [5]
std::array<IMode *, (unsigned int)4>::operator [](unsigned int) const
                         0x800'0cf3    0x6  Code  Wk  main.o [1]
std::array<IMode *, (unsigned int)4>::size() const
                         0x800'12b5    0x6  Code  Wk  main.o [1]
std::char_traits<char>::eq_int_type(int const &, int const &)
                         0x800'02e3   0x12  Code  Wk  main.o [1]
std::char_traits<char>::length(char const *)
                         0x800'020f    0xc  Code  Wk  main.o [1]
std::char_traits<char>::to_int_type(char const &)
                         0x800'0421    0x4  Code  Wk  main.o [1]
std::cout               0x2000'0034   0x2c  Data  Gb  iostream_cout.o [9]
std::ctype<char> const & std::use_facet<std::ctype<char>>()
                         0x800'1301   0x20  Code  Wk  main.o [1]
std::ctype<char> const & std::use_facet<std::ctype<char>>()::_MyFacet
                        0x2000'016c    0x4  Data  Wk  main.o [1]
std::ctype<char>::ctype()
                         0x800'134d    0xc  Code  Wk  main.o [1]
std::ctype<char>::ctype() [subobject]
                         0x800'1341    0xc  Code  Wk  main.o [1]
std::ctype<char>::widen(char) const
                         0x800'1321    0x8  Code  Wk  main.o [1]
std::ios::clear(std::_Iosb<int>::_Iostate, bool)
                         0x800'0429   0x24  Code  Wk  main.o [1]
std::ios::fill() const   0x800'02a7    0x6  Code  Wk  main.o [1]
std::ios::rdbuf() const
                         0x800'02ad    0x4  Code  Wk  main.o [1]
std::ios::setstate(std::_Iosb<int>::_Iostate, bool)
                         0x800'0313   0x28  Code  Wk  main.o [1]
std::ios::tie() const    0x800'03a3    0x4  Code  Wk  main.o [1]
std::ios::widen(char) const
                         0x800'12e9   0x18  Code  Wk  main.o [1]
std::ios_base::_Addstd(std::ios_base*)
                         0x800'0539   0x32  Code  Gb  ios.o [9]
std::ios_base::_Callfns(std::ios_base::event)
                         0x800'051d   0x1c  Code  Gb  ios.o [9]
std::ios_base::_Init()   0x800'0579   0x1c  Code  Gb  ios.o [9]
std::ios_base::_Tidy()   0x800'0595   0x38  Code  Gb  ios.o [9]
std::ios_base::clear(std::_Iosb<int>::_Iostate, bool)
                         0x800'04d9   0x20  Code  Gb  ios.o [9]
std::ios_base::flags() const
                         0x800'029d    0x4  Code  Wk  main.o [1]
std::ios_base::good() const
                         0x800'038b   0x18  Code  Wk  main.o [1]
std::ios_base::rdstate() const
                         0x800'0425    0x4  Code  Wk  main.o [1]
std::ios_base::width() const
                         0x800'021b    0x4  Code  Wk  main.o [1]
std::ios_base::width(int)
                         0x800'030b    0x8  Code  Wk  main.o [1]
std::ios_base::~ios_base()
                         0x800'04f9   0x24  Code  Gb  ios.o [9]
std::ios_base::~ios_base() [subobject]
                         0x800'04cd    0x2  Code  Gb  ios.o [9]
std::operator &(std::_Iosb<int>::_Fmtflags, std::_Iosb<int>::_Fmtflags)
                         0x800'02a1    0x6  Code  Wk  main.o [1]
std::operator |=(std::_Iosb<int>::_Iostate &, std::_Iosb<int>::_Iostate)
                         0x800'0295    0x8  Code  Wk  main.o [1]
std::ostream & std::endl<char, std::char_traits<char>>(std::ostream &)
                         0x800'12bb   0x2e  Code  Wk  main.o [1]
std::ostream & std::operator <<<std::char_traits<char>>(std::ostream &, char const *)
                         0x800'0041  0x1ce  Code  Wk  main.o [1]
std::ostream::_Flush_sentry::_Flush_sentry(std::ostream&)
                         0x800'0459   0x28  Code  Wk  main.o [1]
std::ostream::_Flush_sentry::_Flush_sentry(std::ostream&) [subobject]
                         0x800'037f    0xc  Code  Wk  main.o [1]
std::ostream::_Flush_sentry::operator bool() const
                         0x800'0291    0x4  Code  Wk  main.o [1]
std::ostream::_Flush_sentry::~_Flush_sentry()
                         0x800'048f   0x14  Code  Wk  main.o [1]
std::ostream::_Flush_sentry::~_Flush_sentry() [subobject]
                         0x800'044d    0xc  Code  Wk  main.o [1]
std::ostream::_Osfx()    0x800'05d9   0x54  Code  Wk  main.o [1]
std::ostream::_Sentry_base::_Sentry_base(std::ostream&)
                         0x800'0643   0x4a  Code  Wk  main.o [1]
std::ostream::_Sentry_base::_Sentry_base(std::ostream&) [subobject]
                         0x800'05cd    0xc  Code  Wk  main.o [1]
std::ostream::_Sentry_base::~_Sentry_base()
                         0x800'068d   0x46  Code  Wk  main.o [1]
std::ostream::_Sentry_base::~_Sentry_base() [subobject]
                         0x800'062d    0xc  Code  Wk  main.o [1]
std::ostream::flush()    0x800'03a7   0x54  Code  Wk  main.o [1]
std::ostream::operator <<(std::ostream&(*)(std::ostream&))
                         0x800'14d9    0xc  Code  Wk  main.o [1]
std::ostream::put(char)
                         0x800'0f33   0x82  Code  Wk  main.o [1]
std::ostream::sentry::sentry(std::ostream&)
                         0x800'021f   0x72  Code  Wk  main.o [1]
std::ostream::sentry::~sentry()
                         0x800'033b    0xe  Code  Wk  main.o [1]
std::ostream::~basic_ostream()
                         0x800'173b    0xe  Code  Wk  iostream_cout.o [9]
std::streambuf::_Lock()
                         0x800'06f7    0x2  Code  Wk  iostream_cout.o [9]
std::streambuf::_Pnavail() const
                         0x800'03fb   0x18  Code  Wk  main.o [1]
std::streambuf::_Pninc()
                         0x800'0413    0xe  Code  Wk  main.o [1]
std::streambuf::_Unlock()
                         0x800'0a5f    0x2  Code  Wk  iostream_cout.o [9]
std::streambuf::overflow(int)
                         0x800'06d3    0x6  Code  Wk  iostream_cout.o [9]
std::streambuf::pubsync()
                         0x800'0481    0xe  Code  Wk  main.o [1]
std::streambuf::sputc(char)
                         0x800'02b1   0x32  Code  Wk  main.o [1]
std::streambuf::sputn(char const *, int)
                         0x800'02f5   0x16  Code  Wk  main.o [1]
std::streambuf::sync()   0x800'17d7    0x4  Code  Wk  iostream_cout.o [9]
std::streambuf::xsputn(char const *, int)
                         0x800'102b   0x5e  Code  Wk  iostream_cout.o [9]
strlen                   0x800'0349         Code  Gb  strlen.o [12]
treeMode                0x2000'0108    0xc  Data  Gb  main.o [1]
unsigned int RegisterBase<(unsigned int)1073874960, (unsigned int)32, ReadMode>::Get<ReadMode, void>()
                         0x800'16c5    0xc  Code  Wk  main.o [1]
unsigned int RegisterBase<(unsigned int)1073874964, (unsigned int)32, ReadWriteMode>::Get<ReadWriteMode, void>()
                         0x800'1571    0xc  Code  Wk  main.o [1]
userButton1             0x2000'00d8   0x20  Data  Gb  main.o [1]
void FieldValueBase<GPIOC_MODER_MODER15_Values<GPIOC::MODER, (unsigned int)12, (unsigned int)2, ReadWriteMode, GPIOC::GPIOCMODERBase>, GPIOC::GPIOCMODERBase, (unsigned int)1>::Set<ReadWriteMode, void>()
                         0x800'0bf5   0x14  Code  Wk  main.o [1]
void FieldValueBase<GPIOC_MODER_MODER15_Values<GPIOC::MODER, (unsigned int)14, (unsigned int)2, ReadWriteMode, GPIOC::GPIOCMODERBase>, GPIOC::GPIOCMODERBase, (unsigned int)1>::Set<ReadWriteMode, void>()
                         0x800'0c09   0x14  Code  Wk  main.o [1]
void FieldValueBase<GPIOC_MODER_MODER15_Values<GPIOC::MODER, (unsigned int)16, (unsigned int)2, ReadWriteMode, GPIOC::GPIOCMODERBase>, GPIOC::GPIOCMODERBase, (unsigned int)1>::Set<ReadWriteMode, void>()
                         0x800'0c1d   0x14  Code  Wk  main.o [1]
void FieldValueBase<GPIOC_MODER_MODER15_Values<GPIOC::MODER, (unsigned int)18, (unsigned int)2, ReadWriteMode, GPIOC::GPIOCMODERBase>, GPIOC::GPIOCMODERBase, (unsigned int)1>::Set<ReadWriteMode, void>()
                         0x800'0c31   0x14  Code  Wk  main.o [1]
void FieldValueBase<RCC_AHB1ENR_GPIOCEN_Values<RCC::AHB1ENR, (unsigned int)2, (unsigned int)1, ReadWriteMode, RCC::RCCAHB1ENRBase>, RCC::RCCAHB1ENRBase, (unsigned int)1>::Set<ReadWriteMode, void>()
                         0x800'0be1   0x14  Code  Wk  main.o [1]
void RegisterBase<(unsigned int)1073874964, (unsigned int)32, ReadWriteMode>::Toggle<ReadWriteMode, void>(unsigned int)
                         0x800'16a5   0x10  Code  Wk  main.o [1]
void RegisterBase<(unsigned int)1073874964, (unsigned int)32, ReadWriteMode>::Write<ReadWriteMode, void>(unsigned int)
                         0x800'157d    0xc  Code  Wk  main.o [1]


[1] = R:\POIP\POIP\Project_8\Debug\Obj
[2] = R:\POIP\POIP\Project_8\Debug\Obj\Components\Button
[3] = R:\POIP\POIP\Project_8\Debug\Obj\Components\LED
[4] = R:\POIP\POIP\Project_8\Debug\Obj\Modes\AllMode
[5] = R:\POIP\POIP\Project_8\Debug\Obj\Modes\ChessMode
[6] = R:\POIP\POIP\Project_8\Debug\Obj\Modes\SlideMode
[7] = R:\POIP\POIP\Project_8\Debug\Obj\Modes\TreeMode
[8] = dl7M_tln.a
[9] = dlpp7M_tls_nc.a
[10] = dlpprt7M_tl_nc.a
[11] = m7M_tls.a
[12] = rt7M_tl.a
[13] = shb_l.a

  5'386 bytes of readonly  code memory
    721 bytes of readonly  data memory
  8'978 bytes of readwrite data memory

Errors: none
Warnings: none
