###############################################################################
#
# IAR ELF Linker V9.30.1.335/W64 for ARM                  05/Mar/2023  17:26:36
# Copyright 2007-2022 IAR Systems AB.
#
#    Output file  =  R:\POIP\POIP\POIP2\Rabots\Rabota_1\Debug\Exe\Rabota_1.out
#    Map file     =  R:\POIP\POIP\POIP2\Rabots\Rabota_1\Debug\List\Rabota_1.map
#    Command line =
#        -f R:\POIP\POIP\POIP2\Rabots\Rabota_1\Debug\Exe\Rabota_1.out.rsp
#        (R:\POIP\POIP\POIP2\Rabots\Rabota_1\Debug\Obj\Modes\AllMode\AllMode.o
#        R:\POIP\POIP\POIP2\Rabots\Rabota_1\Debug\Obj\Components\Button\Button.o
#        R:\POIP\POIP\POIP2\Rabots\Rabota_1\Debug\Obj\Modes\ChessMode\ChessMode.o
#        R:\POIP\POIP\POIP2\Rabots\Rabota_1\Debug\Obj\Components\LED\LED.o
#        R:\POIP\POIP\POIP2\Rabots\Rabota_1\Debug\Obj\main.o
#        R:\POIP\POIP\POIP2\Rabots\Rabota_1\Debug\Obj\Modes\SlideMode\SlideMode.o
#        R:\POIP\POIP\POIP2\Rabots\Rabota_1\Debug\Obj\Modes\TreeMode\TreeMode.o
#        --no_out_extension -o
#        R:\POIP\POIP\POIP2\Rabots\Rabota_1\Debug\Exe\Rabota_1.out --redirect
#        _Printf=_PrintfFullNoMb --redirect _Scanf=_ScanfFullNoMb --map
#        R:\POIP\POIP\POIP2\Rabots\Rabota_1\Debug\List\Rabota_1.map --config
#        R:\Program\IAR\arm/config/linker/ST/stm32f411xC.icf --semihosting
#        --entry __iar_program_start --vfe --text_out locale --cpu=Cortex-M4
#        --fpu=VFPv4_sp)
#
###############################################################################

*******************************************************************************
*** RUNTIME MODEL ATTRIBUTES
***

CppFlavor                     = *
__CPP_Exceptions              = Disabled
__CPP_Language                = C++14
__CPP_Library                 = libc++
__CPP_Runtime                 = 1
__Heap_Handler                = Basic
__SystemLibrary               = DLib
__dlib_dynamic_initialization = normal
__dlib_version                = 6


*******************************************************************************
*** HEAP SELECTION
***

The basic heap was selected because --advanced_heap
was not specified and the application did not appear to
be primarily optimized for speed.


*******************************************************************************
*** PLACEMENT SUMMARY
***

"A0":  place at address 0x800'0000 { ro section .intvec };
"P1":  place in [from 0x800'0000 to 0x803'ffff] { ro };
define block CSTACK with size = 8K, alignment = 8 { };
define block HEAP with size = 8K, alignment = 8 { };
"P2":  place in [from 0x2000'0000 to 0x2001'ffff] {
          rw, block CSTACK, block HEAP };
initialize by copy { rw };

  Section                Kind         Address    Size  Object
  -------                ----         -------    ----  ------
"A0":                                            0x40
  .intvec                ro code   0x800'0000    0x40  vector_table_M.o [12]
                                 - 0x800'0040    0x40

"P1":                                           0xc2c
  .text                  ro code   0x800'0040   0x10c  main.o [1]
  .text                  ro code   0x800'014c    0x3c  LED.o [3]
  .text                  ro code   0x800'0188    0x90  Button.o [2]
  .text                  ro code   0x800'0218    0x18  AllMode.o [4]
  .text                  ro code   0x800'0230    0x46  ChessMode.o [5]
  .text                  ro code   0x800'0276    0x2a  copy_init3.o [12]
  .text                  ro code   0x800'02a0    0x50  TreeMode.o [7]
  .text                  ro code   0x800'02f0    0x9e  SlideMode.o [6]
  .text                  ro code   0x800'038e     0x2  vectortrap_M.o [12]
  .text                  ro code   0x800'0390    0x20  main.o [1]
  .text                  ro code   0x800'03b0     0xc  main.o [1]
  .text                  ro code   0x800'03bc     0xc  main.o [1]
  .text                  ro code   0x800'03c8    0x14  main.o [1]
  .text                  ro code   0x800'03dc    0x10  main.o [1]
  .text                  ro code   0x800'03ec    0x10  main.o [1]
  .text                  ro code   0x800'03fc    0x10  main.o [1]
  .text                  ro code   0x800'040c    0x14  main.o [1]
  .text                  ro code   0x800'0420     0xc  main.o [1]
  .text                  ro code   0x800'042c    0x14  main.o [1]
  .text                  ro code   0x800'0440    0x14  main.o [1]
  .text                  ro code   0x800'0454    0x14  main.o [1]
  .text                  ro code   0x800'0468    0x14  main.o [1]
  .text                  ro code   0x800'047c    0x14  main.o [1]
  .text                  ro code   0x800'0490    0x14  main.o [1]
  .text                  ro code   0x800'04a4     0x8  LED.o [3]
  .text                  ro code   0x800'04ac     0x8  Button.o [2]
  .text                  ro code   0x800'04b4     0x8  Button.o [2]
  .text                  ro code   0x800'04bc     0x6  Button.o [2]
  .text                  ro code   0x800'04c2     0x6  Button.o [2]
  .text                  ro code   0x800'04c8     0x8  AllMode.o [4]
  .text                  ro code   0x800'04d0     0x6  ChessMode.o [5]
  .text                  ro code   0x800'04d6     0x8  ChessMode.o [5]
  .text                  ro code   0x800'04de    0x2a  AllMode.o [4]
  .text                  ro code   0x800'0508     0x8  main.o [1]
  .text                  ro code   0x800'0510     0x6  main.o [1]
  .text                  ro code   0x800'0516     0x2  LED.o [3]
  .text                  ro code   0x800'0518     0x2  Button.o [2]
  .text                  ro code   0x800'051a     0x2  Button.o [2]
  .text                  ro code   0x800'051c     0xc  AllMode.o [4]
  .text                  ro code   0x800'0528     0x4  ChessMode.o [5]
  .text                  ro code   0x800'052c     0x8  AllMode.o [4]
  .text                  ro code   0x800'0534     0xa  AllMode.o [4]
  .text                  ro code   0x800'053e     0x2  main.o [1]
  .text                  ro code   0x800'0540     0x2  AllMode.o [4]
  .rodata                const     0x800'0542     0x1  unwind_debug.o [13]
  .text                  ro code   0x800'0544    0xa0  cppinit.o [8]
  .text                  ro code   0x800'05e4    0x90  heap0.o [8]
  .text                  ro code   0x800'0674    0x44  iar_newlocale.o [9]
  .text                  ro code   0x800'06b8     0xa  cxxabi.o [10]
  .text                  ro code   0x800'06c2    0x38  zero_init3.o [12]
  .text                  ro code   0x800'06fa    0x32  main.o [1]
  .text                  ro code   0x800'072c     0xe  main.o [1]
  .text                  ro code   0x800'073a     0x8  main.o [1]
  .text                  ro code   0x800'0742     0xa  main.o [1]
  .text                  ro code   0x800'074c     0xe  main.o [1]
  .text                  ro code   0x800'075a     0x8  main.o [1]
  .text                  ro code   0x800'0762     0x8  main.o [1]
  .text                  ro code   0x800'076a     0x8  main.o [1]
  .text                  ro code   0x800'0772     0x8  main.o [1]
  .text                  ro code   0x800'077a     0xe  main.o [1]
  .text                  ro code   0x800'0788     0x2  main.o [1]
  .text                  ro code   0x800'078a     0x2  main.o [1]
  .text                  ro code   0x800'078c     0x2  main.o [1]
  .text                  ro code   0x800'078e    0x20  main.o [1]
  .text                  ro code   0x800'07ae     0x8  main.o [1]
  .text                  ro code   0x800'07b6     0x8  main.o [1]
  .text                  ro code   0x800'07be     0x8  main.o [1]
  .text                  ro code   0x800'07c6     0x8  main.o [1]
  .text                  ro code   0x800'07ce     0x4  delop6_0.o [10]
  .text                  ro code   0x800'07d2     0x4  delop4_0.o [10]
  .text                  ro code   0x800'07d6     0xa  delop_0.o [10]
  .text                  ro code   0x800'07e0     0x4  heaptramp0.o [8]
  .text                  ro code   0x800'07e4    0x30  main.o [1]
  .text                  ro code   0x800'0814     0x4  main.o [1]
  .text                  ro code   0x800'0818    0x2c  iarttio.o [13]
  .text                  ro code   0x800'0844     0x8  XShttio.o [8]
  .text                  ro code   0x800'084c    0x2a  AllMode.o [4]
  .text                  ro code   0x800'0878    0x28  data_init.o [12]
  Initializer bytes      const     0x800'08a0    0x28  <for P2-1>
  .text                  ro code   0x800'08c8    0x26  iar_newlocale.o [9]
  .text                  ro code   0x800'08ee     0xc  iar_newlocale.o [9]
  .rodata                const     0x800'08fc    0x24  Button.o [2]
  .text                  ro code   0x800'0920    0x22  fpinit_M.o [11]
  .iar.init_table        const     0x800'0944    0x28  - Linker created -
  .rodata                const     0x800'096c    0x20  main.o [1]
  .rodata                const     0x800'098c    0x20  main.o [1]
  .rodata                const     0x800'09ac    0x20  main.o [1]
  .rodata                const     0x800'09cc    0x20  main.o [1]
  .rodata                const     0x800'09ec    0x20  main.o [1]
  .text                  ro code   0x800'0a0c    0x20  cmain_call_ctors.o [12]
  .text                  ro code   0x800'0a2c    0x1e  cmain.o [12]
  .text                  ro code   0x800'0a4a     0x4  low_level_init.o [8]
  .text                  ro code   0x800'0a4e     0x4  exit.o [8]
  .text                  ro code   0x800'0a54     0xe  cexit.o [12]
  .text                  ro code   0x800'0a64    0x14  exit.o [13]
  .text                  ro code   0x800'0a78    0x1c  cstartup_M.o [12]
  .rodata                const     0x800'0a94    0x10  AllMode.o [4]
  .rodata                const     0x800'0aa4    0x10  AllMode.o [4]
  .rodata                const     0x800'0ab4    0x10  ChessMode.o [5]
  .rodata                const     0x800'0ac4    0x10  LED.o [3]
  .rodata                const     0x800'0ad4    0x10  SlideMode.o [6]
  .rodata                const     0x800'0ae4    0x10  TreeMode.o [7]
  .text                  ro code   0x800'0af4    0x10  main.o [1]
  .text                  ro code   0x800'0b04    0x10  main.o [1]
  .text                  ro code   0x800'0b14     0xc  main.o [1]
  .text                  ro code   0x800'0b20     0xc  main.o [1]
  .text                  ro code   0x800'0b2c    0x10  main.o [1]
  .text                  ro code   0x800'0b3c    0x10  main.o [1]
  .text                  ro code   0x800'0b4c    0x10  main.o [1]
  .text                  ro code   0x800'0b5c    0x10  main.o [1]
  .text                  ro code   0x800'0b6c     0xe  main.o [1]
  .text                  ro code   0x800'0b7c     0xc  main.o [1]
  .text                  ro code   0x800'0b88     0xe  main.o [1]
  .text                  ro code   0x800'0b96     0xe  main.o [1]
  .text                  ro code   0x800'0ba4     0xe  main.o [1]
  .text                  ro code   0x800'0bb2     0xe  main.o [1]
  .text                  ro code   0x800'0bc0     0xe  iar_newlocale.o [9]
  .rodata                const     0x800'0bd0     0xc  main.o [1]
  .text                  ro code   0x800'0bdc     0xc  main.o [1]
  .text                  ro code   0x800'0be8     0xc  main.o [1]
  .text                  ro code   0x800'0bf4     0xc  main.o [1]
  .text                  ro code   0x800'0c00     0xa  main.o [1]
  .text                  ro code   0x800'0c0a     0xa  main.o [1]
  .rodata                const     0x800'0c14     0x8  main.o [1]
  .rodata                const     0x800'0c1c     0x8  main.o [1]
  .rodata                const     0x800'0c24     0x8  main.o [1]
  .rodata                const     0x800'0c2c     0x8  main.o [1]
  .rodata                const     0x800'0c34     0x8  main.o [1]
  .text                  ro code   0x800'0c3c     0x8  main.o [1]
  SHT$$PREINIT_ARRAY               0x800'0c44     0x0  <Block>
  SHT$$INIT_ARRAY                  0x800'0c44     0x8  <Block>
    .init_array          const     0x800'0c44     0x4  main.o [1]
    .init_array          const     0x800'0c48     0x4  iar_newlocale.o [9]
  __iar_tls$$INIT_ARRAY            0x800'0c4c     0x0  <Block>
  .text                  ro code   0x800'0c4c     0x6  main.o [1]
  .text                  ro code   0x800'0c52     0x6  main.o [1]
  .text                  ro code   0x800'0c58     0x6  main.o [1]
  .text                  ro code   0x800'0c5e     0x6  main.o [1]
  .text                  ro code   0x800'0c64     0x6  main.o [1]
  .text                  ro code   0x800'0c6c     0x0  cstart_call_dtors.o [12]
  .rodata                const     0x800'0c6c     0x0  zero_init3.o [12]
  .rodata                const     0x800'0c6c     0x0  copy_init3.o [12]
                                 - 0x800'0c6c   0xc2c

"P2", part 1 of 3:                               0x28
  P2-1                            0x2000'0000    0x28  <Init block>
    .data                inited   0x2000'0000    0x10  main.o [1]
    .data                inited   0x2000'0010    0x10  main.o [1]
    .data                inited   0x2000'0020     0x8  XShttio.o [8]
                                - 0x2000'0028    0x28

"P2", part 2 of 3:                               0xa4
  .bss                   zero     0x2000'0028    0x20  main.o [1]
  .bss                   zero     0x2000'0048    0x1c  iar_newlocale.o [9]
  .bss                   zero     0x2000'0064    0x10  main.o [1]
  .bss                   zero     0x2000'0074     0xc  main.o [1]
  .bss                   zero     0x2000'0080     0xc  main.o [1]
  .bss                   zero     0x2000'008c     0x8  main.o [1]
  .bss                   zero     0x2000'0094     0x8  main.o [1]
  .bss                   zero     0x2000'009c     0x8  main.o [1]
  .bss                   zero     0x2000'00a4     0x8  main.o [1]
  .bss                   zero     0x2000'00ac     0x8  main.o [1]
  .bss                   zero     0x2000'00b4     0x8  main.o [1]
  .bss                   zero     0x2000'00bc     0x8  heap0.o [8]
  .bss                   zero     0x2000'00c4     0x4  cppinit.o [8]
  .bss                   zero     0x2000'00c8     0x4  cppinit.o [8]
                                - 0x2000'00cc    0xa4

"P2", part 3 of 3:                             0x219c
  .iar.dynexit                    0x2000'00cc   0x198  <Block>
    .iar.dynexit         uninit   0x2000'00cc     0xc  cppinit.o [8]
    .iar.dynexit         uninit   0x2000'00d8   0x18c  <Block tail>
  CSTACK                          0x2000'0268  0x2000  <Block>
    CSTACK               uninit   0x2000'0268  0x2000  <Block tail>
                                - 0x2000'2268  0x219c

Unused ranges:

         From           To      Size
         ----           --      ----
   0x800'0c6c   0x803'ffff  0x3'f394
  0x2000'2268  0x2001'ffff  0x1'dd98


*******************************************************************************
*** INIT TABLE
***

          Address      Size
          -------      ----
Zero (__iar_zero_init3)
    1 destination range, total size 0xa4:
          0x2000'0028  0xa4

Copy (__iar_copy_init3)
    1 source range, total size 0x28:
           0x800'08a0  0x28
    1 destination range, total size 0x28:
          0x2000'0000  0x28

Extra (__iar_cstart_call_ctors)



*******************************************************************************
*** MODULE SUMMARY
***

    Module               ro code  ro data  rw data
    ------               -------  -------  -------
command line/config:
    ----------------------------------------------
    Total:

R:\POIP\POIP\POIP2\Rabots\Rabota_1\Debug\Obj: [1]
    main.o                 1'120      248      152
    ----------------------------------------------
    Total:                 1'120      248      152

R:\POIP\POIP\POIP2\Rabots\Rabota_1\Debug\Obj\Components\Button: [2]
    Button.o                 176       36
    ----------------------------------------------
    Total:                   176       36

R:\POIP\POIP\POIP2\Rabots\Rabota_1\Debug\Obj\Components\LED: [3]
    LED.o                     70       16
    ----------------------------------------------
    Total:                    70       16

R:\POIP\POIP\POIP2\Rabots\Rabota_1\Debug\Obj\Modes\AllMode: [4]
    AllMode.o                148       32
    ----------------------------------------------
    Total:                   148       32

R:\POIP\POIP\POIP2\Rabots\Rabota_1\Debug\Obj\Modes\ChessMode: [5]
    ChessMode.o               88       16
    ----------------------------------------------
    Total:                    88       16

R:\POIP\POIP\POIP2\Rabots\Rabota_1\Debug\Obj\Modes\SlideMode: [6]
    SlideMode.o              158       16
    ----------------------------------------------
    Total:                   158       16

R:\POIP\POIP\POIP2\Rabots\Rabota_1\Debug\Obj\Modes\TreeMode: [7]
    TreeMode.o                80       16
    ----------------------------------------------
    Total:                    80       16

dl7M_tlf.a: [8]
    XShttio.o                  8        8        8
    cppinit.o                160                20
    exit.o                     4
    heap0.o                  144                 8
    heaptramp0.o               4
    low_level_init.o           4
    ----------------------------------------------
    Total:                   324        8       36

dllibcpp7M_tls_fc.a: [9]
    iar_newlocale.o          132        4       28
    ----------------------------------------------
    Total:                   132        4       28

dlpprt7M_tl_fc.a: [10]
    cxxabi.o                  10
    delop4_0.o                 4
    delop6_0.o                 4
    delop_0.o                 10
    ----------------------------------------------
    Total:                    28

m7M_tls.a: [11]
    fpinit_M.o                34
    ----------------------------------------------
    Total:                    34

rt7M_tl.a: [12]
    cexit.o                   14
    cmain.o                   30
    cmain_call_ctors.o        32
    copy_init3.o              42
    cstart_call_dtors.o
    cstartup_M.o              28
    data_init.o               40
    vector_table_M.o          64
    vectortrap_M.o             2
    zero_init3.o              56
    ----------------------------------------------
    Total:                   308

shb_l.a: [13]
    exit.o                    20
    iarttio.o                 44
    unwind_debug.o                      1
    ----------------------------------------------
    Total:                    64        1

    Gaps                      11        6
    Linker created                     40    8'588
--------------------------------------------------
    Grand Total:           2'741      439    8'804


*******************************************************************************
*** ENTRY LIST
***

Entry                       Address  Size  Type      Object
-----                       -------  ----  ----      ------
.iar.dynexit$$Base      0x2000'00cc         --   Gb  - Linker created -
.iar.dynexit$$Limit     0x2000'0264         --   Gb  - Linker created -
.iar.init_table$$Base    0x800'0944         --   Gb  - Linker created -
.iar.init_table$$Limit   0x800'096c         --   Gb  - Linker created -
?main                    0x800'0a2d        Code  Gb  cmain.o [12]
Aldata                  0x2000'00bc   0x8  Data  Lc  heap0.o [8]
AllMode::AllMode(std::array<ILed *, (unsigned int)4> const &)
                         0x800'0219  0x12  Code  Gb  AllMode.o [4]
BusFault_Handler         0x800'038f        Code  Wk  vectortrap_M.o [12]
Button::AddObserver(IButtonObserver &)
                         0x800'0203  0x16  Code  Gb  Button.o [2]
Button::Button(IPinReadable const &)
                         0x800'0189  0x2a  Code  Gb  Button.o [2]
Button::IsPressed() const
                         0x800'01b9  0x4a  Code  Gb  Button.o [2]
CSTACK$$Base            0x2000'0268         --   Gb  - Linker created -
CSTACK$$Limit           0x2000'2268         --   Gb  - Linker created -
ChessMode::ChessMode(std::array<ILed *, (unsigned int)4> const &)
                         0x800'0231  0x18  Code  Gb  ChessMode.o [5]
ChessMode::Clear()       0x800'024d  0x2a  Code  Gb  ChessMode.o [5]
DebugMon_Handler         0x800'038f        Code  Wk  vectortrap_M.o [12]
Delay(unsigned int)      0x800'0097  0x2c  Code  Gb  main.o [1]
DtorRecArray            0x2000'00cc   0xc  Data  Lc  cppinit.o [8]
Garland::Garland(std::array<IMode *, (unsigned int)4> const &)
                         0x800'0391  0x20  Code  Wk  main.o [1]
Garland::OnButtonPress()
                         0x800'0c3d   0x8  Code  Wk  main.o [1]
Garland::SwitchNextMode()
                         0x800'07e5  0x30  Code  Wk  main.o [1]
Garland::UpdateCurrentMode() const
                         0x800'0491  0x14  Code  Wk  main.o [1]
HardFault_Handler        0x800'038f        Code  Wk  vectortrap_M.o [12]
IButton::IButton()       0x800'0519   0x2  Code  Wk  Button.o [2]
IButton::IButton() [subobject]
                         0x800'04ad   0x8  Code  Wk  Button.o [2]
IButtonObserver::IButtonObserver()
                         0x800'053f   0x2  Code  Wk  main.o [1]
IButtonObserver::IButtonObserver() [subobject]
                         0x800'0509   0x8  Code  Wk  main.o [1]
ILed::ILed()             0x800'0517   0x2  Code  Wk  LED.o [3]
ILed::ILed() [subobject]
                         0x800'04a5   0x8  Code  Wk  LED.o [3]
IMode::Clear()           0x800'04df  0x2a  Code  Wk  AllMode.o [4]
IMode::IMode(std::array<ILed *, (unsigned int)4> const &)
                         0x800'051d   0xc  Code  Wk  AllMode.o [4]
IMode::IMode(std::array<ILed *, (unsigned int)4> const &) [subobject]
                         0x800'04c9   0x8  Code  Wk  AllMode.o [4]
IMode::Update()          0x800'084d  0x2a  Code  Wk  AllMode.o [4]
IObservable::IObservable()
                         0x800'051b   0x2  Code  Wk  Button.o [2]
IObservable::IObservable() [subobject]
                         0x800'04b5   0x8  Code  Wk  Button.o [2]
Led::Led(IPin const &)   0x800'014d  0x16  Code  Gb  LED.o [3]
Led::SwitchOff() const   0x800'0169  0x10  Code  Gb  LED.o [3]
Led::Toggle() const      0x800'0179  0x10  Code  Gb  LED.o [3]
MemManage_Handler        0x800'038f        Code  Wk  vectortrap_M.o [12]
NMI_Handler              0x800'038f        Code  Wk  vectortrap_M.o [12]
PendSV_Handler           0x800'038f        Code  Wk  vectortrap_M.o [12]
Pin<GPIOC, (int)13>::IsHigh() const
                         0x800'0bb3   0xe  Code  Wk  main.o [1]
Pin<GPIOC, (int)13>::Reset() const
                         0x800'0b5d  0x10  Code  Wk  main.o [1]
Pin<GPIOC, (int)13>::Toggle() const
                         0x800'0bf5   0xc  Code  Wk  main.o [1]
Pin<GPIOC, (int)6>::IsHigh() const
                         0x800'0b6d   0xe  Code  Wk  main.o [1]
Pin<GPIOC, (int)6>::Reset() const
                         0x800'0b05  0x10  Code  Wk  main.o [1]
Pin<GPIOC, (int)6>::Toggle() const
                         0x800'0c01   0xa  Code  Wk  main.o [1]
Pin<GPIOC, (int)7>::IsHigh() const
                         0x800'0b89   0xe  Code  Wk  main.o [1]
Pin<GPIOC, (int)7>::Reset() const
                         0x800'0b2d  0x10  Code  Wk  main.o [1]
Pin<GPIOC, (int)7>::Toggle() const
                         0x800'0c0b   0xa  Code  Wk  main.o [1]
Pin<GPIOC, (int)8>::IsHigh() const
                         0x800'0b97   0xe  Code  Wk  main.o [1]
Pin<GPIOC, (int)8>::Reset() const
                         0x800'0b3d  0x10  Code  Wk  main.o [1]
Pin<GPIOC, (int)8>::Toggle() const
                         0x800'0bdd   0xc  Code  Wk  main.o [1]
Pin<GPIOC, (int)9>::IsHigh() const
                         0x800'0ba5   0xe  Code  Wk  main.o [1]
Pin<GPIOC, (int)9>::Reset() const
                         0x800'0b4d  0x10  Code  Wk  main.o [1]
Pin<GPIOC, (int)9>::Toggle() const
                         0x800'0be9   0xc  Code  Wk  main.o [1]
Region$$Table$$Base      0x800'0944         --   Gb  - Linker created -
Region$$Table$$Limit     0x800'096c         --   Gb  - Linker created -
SHT$$INIT_ARRAY$$Base    0x800'0c44         --   Gb  - Linker created -
SHT$$INIT_ARRAY$$Limit   0x800'0c4c         --   Gb  - Linker created -
SHT$$PREINIT_ARRAY$$Base
                         0x800'0c44         --   Gb  - Linker created -
SHT$$PREINIT_ARRAY$$Limit
                         0x800'0c44         --   Gb  - Linker created -
SVC_Handler              0x800'038f        Code  Wk  vectortrap_M.o [12]
SlideMode::CalculateNextIndex()
                         0x800'0351  0x3e  Code  Gb  SlideMode.o [6]
SlideMode::SlideMode(std::array<ILed *, (unsigned int)4> const &)
                         0x800'02f1  0x20  Code  Gb  SlideMode.o [6]
SlideMode::Update()      0x800'0315  0x3c  Code  Gb  SlideMode.o [6]
SysTick_Handler          0x800'038f        Code  Wk  vectortrap_M.o [12]
Thunk for (offset -4) Pin<GPIOC, (int)13>::IsHigh() const
                         0x800'0c65   0x6  Code  Wk  main.o [1]
Thunk for (offset -4) Pin<GPIOC, (int)6>::IsHigh() const
                         0x800'0c4d   0x6  Code  Wk  main.o [1]
Thunk for (offset -4) Pin<GPIOC, (int)7>::IsHigh() const
                         0x800'0c53   0x6  Code  Wk  main.o [1]
Thunk for (offset -4) Pin<GPIOC, (int)8>::IsHigh() const
                         0x800'0c59   0x6  Code  Wk  main.o [1]
Thunk for (offset -4) Pin<GPIOC, (int)9>::IsHigh() const
                         0x800'0c5f   0x6  Code  Wk  main.o [1]
TreeMode::TreeMode(std::array<ILed *, (unsigned int)4> const &)
                         0x800'02a1  0x1c  Code  Gb  TreeMode.o [7]
TreeMode::Update()       0x800'02c1  0x30  Code  Gb  TreeMode.o [7]
UsageFault_Handler       0x800'038f        Code  Wk  vectortrap_M.o [12]
Virtual function table for AllMode
                         0x800'0aa4  0x10  Data  Wk  AllMode.o [4]
Virtual function table for Button
                         0x800'08fc  0x24  Data  Wk  Button.o [2]
Virtual function table for ChessMode
                         0x800'0ab4  0x10  Data  Wk  ChessMode.o [5]
Virtual function table for Garland
                         0x800'0bd0   0xc  Data  Wk  main.o [1]
Virtual function table for IMode
                         0x800'0a94  0x10  Data  Wk  AllMode.o [4]
Virtual function table for Led
                         0x800'0ac4  0x10  Data  Wk  LED.o [3]
Virtual function table for Pin<GPIOC, (int)13>
                         0x800'09ec  0x20  Data  Wk  main.o [1]
Virtual function table for Pin<GPIOC, (int)6>
                         0x800'096c  0x20  Data  Wk  main.o [1]
Virtual function table for Pin<GPIOC, (int)7>
                         0x800'098c  0x20  Data  Wk  main.o [1]
Virtual function table for Pin<GPIOC, (int)8>
                         0x800'09ac  0x20  Data  Wk  main.o [1]
Virtual function table for Pin<GPIOC, (int)9>
                         0x800'09cc  0x20  Data  Wk  main.o [1]
Virtual function table for SlideMode
                         0x800'0ad4  0x10  Data  Wk  SlideMode.o [6]
Virtual function table for TreeMode
                         0x800'0ae4  0x10  Data  Wk  TreeMode.o [7]
[local to iar_newlocale_cpp]::std::sLast
                        0x2000'0060   0x4  Data  Lc  iar_newlocale.o [9]
[local to iar_newlocale_cpp]::std::sLastName
                        0x2000'0048   0xc  Data  Lc  iar_newlocale.o [9]
[local to iar_newlocale_cpp]::std::sRefCounts
                        0x2000'0054   0xc  Data  Lc  iar_newlocale.o [9]
__aeabi_atexit           0x800'06b9   0xa  Code  Gb  cxxabi.o [10]
__basic_free             0x800'05e5  0x16  Code  Gb  heap0.o [8]
__basic_free_intern      0x800'05fb  0x74  Code  Lc  heap0.o [8]
__call_ctors             0x800'0545  0x18  Code  Gb  cppinit.o [8]
__call_dtors             0x800'0593   0xc  Code  Gb  cppinit.o [8]
__call_dtors0            0x800'059f  0x36  Code  Gb  cppinit.o [8]
__cexit_call_dtors       0x800'0a57        Code  Gb  cexit.o [12]
__cmain                  0x800'0a2d        Code  Gb  cmain.o [12]
__cstart_call_dtors      0x800'0c6c        Data  Gb  cstart_call_dtors.o [12]
__cxa_atexit             0x800'055d  0x36  Code  Gb  cppinit.o [8]
__dso_handle            0x2000'00c8   0x4  Data  Gb  cppinit.o [8]
__exit                   0x800'0a65  0x14  Code  Gb  exit.o [13]
__iar_close_ttio         0x800'0819  0x2c  Code  Gb  iarttio.o [13]
__iar_copy_init3         0x800'0277  0x2a  Code  Gb  copy_init3.o [12]
__iar_cstart_call_ctors
                         0x800'0a0d  0x20  Code  Gb  cmain_call_ctors.o [12]
__iar_data_init3         0x800'0879  0x28  Code  Gb  data_init.o [12]
__iar_debug_exceptions   0x800'0542   0x1  Data  Gb  unwind_debug.o [13]
__iar_init_vfp           0x800'0921        Code  Gb  fpinit_M.o [11]
__iar_lookup_ttioh       0x800'0845   0x8  Code  Gb  XShttio.o [8]
__iar_program_start      0x800'0a79        Code  Gb  cstartup_M.o [12]
__iar_tls$$INIT_ARRAY$$Base
                         0x800'0c4c         --   Gb  - Linker created -
__iar_tls$$INIT_ARRAY$$Limit
                         0x800'0c4c         --   Gb  - Linker created -
__iar_ttio_handles      0x2000'0020   0x8  Data  Lc  XShttio.o [8]
__iar_zero_init3         0x800'06c3  0x38  Code  Gb  zero_init3.o [12]
__low_level_init         0x800'0a4b   0x4  Code  Gb  low_level_init.o [8]
__sti__routine           0x800'0041  0x56  Code  Lc  main.o [1]
__sti__routine           0x800'0675  0x32  Code  Lc  iar_newlocale.o [9]
__vector_table           0x800'0000        Data  Gb  vector_table_M.o [12]
_call_main               0x800'0a39        Code  Gb  cmain.o [12]
_exit                    0x800'0a55        Code  Gb  cexit.o [12]
allMode                 0x2000'00ac   0x8  Data  Gb  main.o [1]
bool FieldValueBase<TIM5_SR_UIF_Values<TIM5::SR, (unsigned int)0, (unsigned int)1, ReadWriteMode, TIM5::TIM5SRBase>, TIM5::TIM5SRBase, (unsigned int)1>::IsSet<ReadWriteMode, void>()
                         0x800'03dd  0x10  Code  Wk  main.o [1]
chessMode               0x2000'00b4   0x8  Data  Gb  main.o [1]
decltype(((param#1.size)())) std::size<std::array<ILed *, (unsigned int)4>>(std::array<ILed *, (unsigned int)4> const &)
                         0x800'04d7   0x8  Code  Wk  ChessMode.o [5]
exit                     0x800'0a4f   0x4  Code  Gb  exit.o [8]
free                     0x800'07e1   0x4  Code  Gb  heaptramp0.o [8]
garland                 0x2000'0080   0xc  Data  Gb  main.o [1]
led1                    0x2000'008c   0x8  Data  Gb  main.o [1]
led2                    0x2000'0094   0x8  Data  Gb  main.o [1]
led3                    0x2000'009c   0x8  Data  Gb  main.o [1]
led4                    0x2000'00a4   0x8  Data  Gb  main.o [1]
leds                    0x2000'0000  0x10  Data  Gb  main.o [1]
main                     0x800'00c3  0x44  Code  Gb  main.o [1]
modes                   0x2000'0010  0x10  Data  Gb  main.o [1]
next_abi_dtor_rec       0x2000'00c4   0x4  Data  Lc  cppinit.o [8]
operator delete (void *)
                         0x800'07d7   0xa  Code  Gb  delop_0.o [10]
operator delete (void *, unsigned int)
                         0x800'07d3   0x4  Code  Gb  delop4_0.o [10]
operator delete (void *, unsigned int, std::align_val_t)
                         0x800'07cf   0x4  Code  Gb  delop6_0.o [10]
pinC13                   0x800'0c34   0x8  Data  Wk  main.o [1]
pinC6                    0x800'0c14   0x8  Data  Wk  main.o [1]
pinC7                    0x800'0c1c   0x8  Data  Wk  main.o [1]
pinC8                    0x800'0c24   0x8  Data  Wk  main.o [1]
pinC9                    0x800'0c2c   0x8  Data  Wk  main.o [1]
slideMode               0x2000'0064  0x10  Data  Gb  main.o [1]
std::__compressed_pair<std::string::__rep, std::allocator<char>>::first()
                         0x800'0773   0x8  Code  Wk  main.o [1]
std::__compressed_pair<std::string::__rep, std::allocator<char>>::first() const
                         0x800'0763   0x8  Code  Wk  main.o [1]
std::__compressed_pair<std::string::__rep, std::allocator<char>>::second()
                         0x800'076b   0x8  Code  Wk  main.o [1]
std::__compressed_pair_elem<std::allocator<char>, (int)1, (bool)1>::__get()
                         0x800'078b   0x2  Code  Wk  main.o [1]
std::__compressed_pair_elem<std::string::__rep, (int)0, (bool)0>::__get()
                         0x800'078d   0x2  Code  Wk  main.o [1]
std::__compressed_pair_elem<std::string::__rep, (int)0, (bool)0>::__get() const
                         0x800'0789   0x2  Code  Wk  main.o [1]
std::__libcpp_deallocate(void *, unsigned int, unsigned int)
                         0x800'078f  0x20  Code  Wk  main.o [1]
std::__tree<std::__value_type<_Locale_Profile_t const *, int>, std::__map_value_compare<_Locale_Profile_t const *, std::__value_type<_Locale_Profile_t const *, int>, std::less<_Locale_Profile_t const *>, (bool)1>, std::allocator<std::__value_type<_Locale_Profile_t const *, int>>>::destroy(std::__tree_node<std::__value_type<_Locale_Profile_t const *, int>, void *> *)
                         0x800'08c9  0x26  Code  Wk  iar_newlocale.o [9]
std::allocator<char>::deallocate(char *, unsigned int)
                         0x800'077b   0xe  Code  Wk  main.o [1]
std::allocator_traits<std::allocator<char>>::deallocate(std::allocator<char>&, char *, unsigned int)
                         0x800'075b   0x8  Code  Wk  main.o [1]
std::allocator_traits<std::allocator<std::__tree_node<std::__value_type<_Locale_Profile_t const *, int>, void *>>>::deallocate(std::allocator<std::__tree_node<std::__value_type<_Locale_Profile_t const *, int>, void *>>&, std::__tree_node<std::__value_type<_Locale_Profile_t const *, int>, void *> *, unsigned int)
                         0x800'08ef   0xc  Code  Wk  iar_newlocale.o [9]
std::array<IButtonObserver *, (unsigned int)4>::operator [](unsigned int)
                         0x800'04c3   0x6  Code  Wk  Button.o [2]
std::array<IButtonObserver *, (unsigned int)4>::operator [](unsigned int) const
                         0x800'04bd   0x6  Code  Wk  Button.o [2]
std::array<ILed *, (unsigned int)4>::begin() const
                         0x800'052d   0x8  Code  Wk  AllMode.o [4]
std::array<ILed *, (unsigned int)4>::data() const
                         0x800'0541   0x2  Code  Wk  AllMode.o [4]
std::array<ILed *, (unsigned int)4>::end() const
                         0x800'0535   0xa  Code  Wk  AllMode.o [4]
std::array<ILed *, (unsigned int)4>::operator [](unsigned int) const
                         0x800'04d1   0x6  Code  Wk  ChessMode.o [5]
std::array<ILed *, (unsigned int)4>::size() const
                         0x800'0529   0x4  Code  Wk  ChessMode.o [5]
std::array<IMode *, (unsigned int)4>::operator [](unsigned int) const
                         0x800'0511   0x6  Code  Wk  main.o [1]
std::array<IMode *, (unsigned int)4>::size() const
                         0x800'0815   0x4  Code  Wk  main.o [1]
std::map<_Locale_Profile_t const *, int, std::less<_Locale_Profile_t const *>, std::allocator<std::pair<_Locale_Profile_t const *const , int>>>::~map()
                         0x800'0bc1   0xe  Code  Wk  iar_newlocale.o [9]
std::string::__alloc()   0x800'073b   0x8  Code  Wk  main.o [1]
std::string::__get_long_cap() const
                         0x800'074d   0xe  Code  Wk  main.o [1]
std::string::__get_long_pointer()
                         0x800'0743   0xa  Code  Wk  main.o [1]
std::string::__is_long() const
                         0x800'072d   0xe  Code  Wk  main.o [1]
std::string::~basic_string()
                         0x800'06fb  0x32  Code  Wk  main.o [1]
treeMode                0x2000'0074   0xc  Data  Gb  main.o [1]
unsigned int RegisterBase<(unsigned int)1073874960, (unsigned int)32, ReadMode>::Get<ReadMode, void>()
                         0x800'0b7d   0xc  Code  Wk  main.o [1]
unsigned int RegisterBase<(unsigned int)1073874964, (unsigned int)32, ReadWriteMode>::Get<ReadWriteMode, void>()
                         0x800'0b15   0xc  Code  Wk  main.o [1]
userButton1             0x2000'0028  0x20  Data  Gb  main.o [1]
void FieldValueBase<GPIOC_MODER_MODER15_Values<GPIOC::MODER, (unsigned int)12, (unsigned int)2, ReadWriteMode, GPIOC::GPIOCMODERBase>, GPIOC::GPIOCMODERBase, (unsigned int)1>::Set<ReadWriteMode, void>()
                         0x800'0441  0x14  Code  Wk  main.o [1]
void FieldValueBase<GPIOC_MODER_MODER15_Values<GPIOC::MODER, (unsigned int)14, (unsigned int)2, ReadWriteMode, GPIOC::GPIOCMODERBase>, GPIOC::GPIOCMODERBase, (unsigned int)1>::Set<ReadWriteMode, void>()
                         0x800'0455  0x14  Code  Wk  main.o [1]
void FieldValueBase<GPIOC_MODER_MODER15_Values<GPIOC::MODER, (unsigned int)16, (unsigned int)2, ReadWriteMode, GPIOC::GPIOCMODERBase>, GPIOC::GPIOCMODERBase, (unsigned int)1>::Set<ReadWriteMode, void>()
                         0x800'0469  0x14  Code  Wk  main.o [1]
void FieldValueBase<GPIOC_MODER_MODER15_Values<GPIOC::MODER, (unsigned int)18, (unsigned int)2, ReadWriteMode, GPIOC::GPIOCMODERBase>, GPIOC::GPIOCMODERBase, (unsigned int)1>::Set<ReadWriteMode, void>()
                         0x800'047d  0x14  Code  Wk  main.o [1]
void FieldValueBase<RCC_AHB1ENR_DMA2EN_Values<RCC::APB1ENR, (unsigned int)3, (unsigned int)1, ReadWriteMode, RCC::RCCAPB1ENRBase>, RCC::RCCAPB1ENRBase, (unsigned int)1>::Set<ReadWriteMode, void>()
                         0x800'040d  0x14  Code  Wk  main.o [1]
void FieldValueBase<RCC_AHB1ENR_GPIOCEN_Values<RCC::AHB1ENR, (unsigned int)2, (unsigned int)1, ReadWriteMode, RCC::RCCAHB1ENRBase>, RCC::RCCAHB1ENRBase, (unsigned int)1>::Set<ReadWriteMode, void>()
                         0x800'042d  0x14  Code  Wk  main.o [1]
void FieldValueBase<TIM5_CR1_CEN_Values<TIM5::CR1, (unsigned int)0, (unsigned int)1, ReadWriteMode, TIM5::TIM5CR1Base>, TIM5::TIM5CR1Base, (unsigned int)0>::Set<ReadWriteMode, void>()
                         0x800'03fd  0x10  Code  Wk  main.o [1]
void FieldValueBase<TIM5_CR1_CEN_Values<TIM5::CR1, (unsigned int)0, (unsigned int)1, ReadWriteMode, TIM5::TIM5CR1Base>, TIM5::TIM5CR1Base, (unsigned int)1>::Set<ReadWriteMode, void>()
                         0x800'03c9  0x14  Code  Wk  main.o [1]
void FieldValueBase<TIM5_SR_UIF_Values<TIM5::SR, (unsigned int)0, (unsigned int)1, ReadWriteMode, TIM5::TIM5SRBase>, TIM5::TIM5SRBase, (unsigned int)0>::Set<ReadWriteMode, void>()
                         0x800'03ed  0x10  Code  Wk  main.o [1]
void RegisterBase<(unsigned int)1073744932, (unsigned int)32, ReadWriteMode>::Write<ReadWriteMode, void>(unsigned int)
                         0x800'03b1   0xc  Code  Wk  main.o [1]
void RegisterBase<(unsigned int)1073744936, (unsigned int)32, ReadWriteMode>::Write<ReadWriteMode, void>(unsigned int)
                         0x800'0421   0xc  Code  Wk  main.o [1]
void RegisterBase<(unsigned int)1073744940, (unsigned int)32, ReadWriteMode>::Write<ReadWriteMode, void>(unsigned int)
                         0x800'03bd   0xc  Code  Wk  main.o [1]
void RegisterBase<(unsigned int)1073874964, (unsigned int)32, ReadWriteMode>::Toggle<ReadWriteMode, void>(unsigned int)
                         0x800'0af5  0x10  Code  Wk  main.o [1]
void RegisterBase<(unsigned int)1073874964, (unsigned int)32, ReadWriteMode>::Write<ReadWriteMode, void>(unsigned int)
                         0x800'0b21   0xc  Code  Wk  main.o [1]
void std::__do_deallocate_handle_size<>(void *, unsigned int, ...)
                         0x800'07b7   0x8  Code  Wk  main.o [1]
void std::__do_deallocate_handle_size<std::align_val_t>(void *, unsigned int, std::align_val_t...)
                         0x800'07af   0x8  Code  Wk  main.o [1]
void std::__libcpp_operator_delete<void *, unsigned int, std::align_val_t>(void *, unsigned int, std::align_val_t...)
                         0x800'07bf   0x8  Code  Wk  main.o [1]
void std::__libcpp_operator_delete<void *, unsigned int>(void *, unsigned int...)
                         0x800'07c7   0x8  Code  Wk  main.o [1]


[1] = R:\POIP\POIP\POIP2\Rabots\Rabota_1\Debug\Obj
[2] = R:\POIP\POIP\POIP2\Rabots\Rabota_1\Debug\Obj\Components\Button
[3] = R:\POIP\POIP\POIP2\Rabots\Rabota_1\Debug\Obj\Components\LED
[4] = R:\POIP\POIP\POIP2\Rabots\Rabota_1\Debug\Obj\Modes\AllMode
[5] = R:\POIP\POIP\POIP2\Rabots\Rabota_1\Debug\Obj\Modes\ChessMode
[6] = R:\POIP\POIP\POIP2\Rabots\Rabota_1\Debug\Obj\Modes\SlideMode
[7] = R:\POIP\POIP\POIP2\Rabots\Rabota_1\Debug\Obj\Modes\TreeMode
[8] = dl7M_tlf.a
[9] = dllibcpp7M_tls_fc.a
[10] = dlpprt7M_tl_fc.a
[11] = m7M_tls.a
[12] = rt7M_tl.a
[13] = shb_l.a

  2'741 bytes of readonly  code memory
    439 bytes of readonly  data memory
  8'804 bytes of readwrite data memory

Errors: none
Warnings: none
