###############################################################################
#
# IAR ELF Linker V9.30.1.335/W64 for ARM                  03/Oct/2022  18:55:48
# Copyright 2007-2022 IAR Systems AB.
#
#    Output file  =  R:\POIP\POIP\MyNewProject\Debug\Exe\MyNewProject.out
#    Map file     =  R:\POIP\POIP\MyNewProject\Debug\List\MyNewProject.map
#    Command line =
#        -f R:\POIP\POIP\MyNewProject\Debug\Exe\MyNewProject.out.rsp
#        (R:\POIP\POIP\MyNewProject\Debug\Obj\main.o --no_out_extension -o
#        R:\POIP\POIP\MyNewProject\Debug\Exe\MyNewProject.out --map
#        R:\POIP\POIP\MyNewProject\Debug\List\MyNewProject.map --config
#        R:\POIP\POIP\MyNewProject\MyNewProject.icf --semihosting --entry
#        __iar_program_start --vfe --text_out locale --cpu=Cortex-M4
#        --fpu=VFPv4_sp)
#
###############################################################################

*******************************************************************************
*** RUNTIME MODEL ATTRIBUTES
***

CppFlavor        = *
__CPP_Exceptions = Disabled
__CPP_Language   = C++14
__CPP_Library    = DLib
__CPP_Runtime    = 1
__SystemLibrary  = DLib
__dlib_version   = 6


*******************************************************************************
*** HEAP SELECTION
***

The basic heap was selected because no calls to memory allocation
functions were found in the application outside of system library
functions, there are calls to deallocation functions in the
application, and the application appears to be primarily
optimized for speed.


*******************************************************************************
*** PLACEMENT SUMMARY
***

"A0":  place at address 0x800'0000 { ro section .intvec };
"P1":  place in [from 0x800'0000 to 0x803'ffff] { ro };
define block CSTACK with size = 8K, alignment = 8 { };
define block HEAP with size = 0, alignment = 8 { };
"P2":  place in [from 0x2000'0000 to 0x2001'ffff] {
          rw, block CSTACK, block HEAP };

No sections matched the following patterns:

  rw  in "P2"


  Section   Kind         Address    Size  Object
  -------   ----         -------    ----  ------
"A0":                               0x40
  .intvec   ro code   0x800'0000    0x40  vector_table_M.o [4]
                    - 0x800'0040    0x40

"P1":                              0x150
  .text     ro code   0x800'0040    0xc8  main.o [1]
  .text     ro code   0x800'0108    0x22  fpinit_M.o [3]
  .text     ro code   0x800'012a     0x2  vectortrap_M.o [4]
  .text     ro code   0x800'012c    0x1e  cmain.o [4]
  .text     ro code   0x800'014a     0x4  low_level_init.o [2]
  .text     ro code   0x800'014e     0x4  exit.o [2]
  .rodata   const     0x800'0152     0x1  unwind_debug.o [5]
  .text     ro code   0x800'0154     0xa  cexit.o [4]
  .text     ro code   0x800'0160    0x14  exit.o [5]
  .text     ro code   0x800'0174    0x1c  cstartup_M.o [4]
                    - 0x800'0190   0x150

"P2":                             0x2000
  CSTACK             0x2000'0000  0x2000  <Block>
    CSTACK  uninit   0x2000'0000  0x2000  <Block tail>
                   - 0x2000'2000  0x2000

Unused ranges:

         From           To      Size
         ----           --      ----
   0x800'0190   0x803'ffff  0x3'fe70
  0x2000'2000  0x2001'ffff  0x1'e000



*******************************************************************************
*** MODULE SUMMARY
***

    Module            ro code  ro data  rw data
    ------            -------  -------  -------
command line/config:
    -------------------------------------------
    Total:

R:\POIP\POIP\MyNewProject\Debug\Obj: [1]
    main.o                200
    -------------------------------------------
    Total:                200

dl7M_tln.a: [2]
    exit.o                  4
    low_level_init.o        4
    -------------------------------------------
    Total:                  8

m7M_tls.a: [3]
    fpinit_M.o             34
    -------------------------------------------
    Total:                 34

rt7M_tl.a: [4]
    cexit.o                10
    cmain.o                30
    cstartup_M.o           28
    vector_table_M.o       64
    vectortrap_M.o          2
    -------------------------------------------
    Total:                134

shb_l.a: [5]
    exit.o                 20
    unwind_debug.o                   1
    -------------------------------------------
    Total:                 20        1

    Gaps                    3
    Linker created                        8'192
-----------------------------------------------
    Grand Total:          399        1    8'192


*******************************************************************************
*** ENTRY LIST
***

Entry                       Address  Size  Type      Object
-----                       -------  ----  ----      ------
?main                    0x800'012d        Code  Gb  cmain.o [4]
BusFault_Handler         0x800'012b        Code  Wk  vectortrap_M.o [4]
CSTACK$$Base            0x2000'0000         --   Gb  - Linker created -
CSTACK$$Limit           0x2000'2000         --   Gb  - Linker created -
DebugMon_Handler         0x800'012b        Code  Wk  vectortrap_M.o [4]
Delay(int)               0x800'0041  0x14  Code  Gb  main.o [1]
HardFault_Handler        0x800'012b        Code  Wk  vectortrap_M.o [4]
MemManage_Handler        0x800'012b        Code  Wk  vectortrap_M.o [4]
NMI_Handler              0x800'012b        Code  Wk  vectortrap_M.o [4]
PendSV_Handler           0x800'012b        Code  Wk  vectortrap_M.o [4]
Region$$Table$$Base             0x0         --   Gb  - Linker created -
Region$$Table$$Limit            0x0         --   Gb  - Linker created -
SVC_Handler              0x800'012b        Code  Wk  vectortrap_M.o [4]
SysTick_Handler          0x800'012b        Code  Wk  vectortrap_M.o [4]
UsageFault_Handler       0x800'012b        Code  Wk  vectortrap_M.o [4]
__cmain                  0x800'012d        Code  Gb  cmain.o [4]
__exit                   0x800'0161  0x14  Code  Gb  exit.o [5]
__iar_debug_exceptions   0x800'0152   0x1  Data  Gb  unwind_debug.o [5]
__iar_init_vfp           0x800'0109        Code  Gb  fpinit_M.o [3]
__iar_program_start      0x800'0175        Code  Gb  cstartup_M.o [4]
__low_level_init         0x800'014b   0x4  Code  Gb  low_level_init.o [2]
__vector_table           0x800'0000        Data  Gb  vector_table_M.o [4]
_call_main               0x800'0139        Code  Gb  cmain.o [4]
_exit                    0x800'0155        Code  Gb  cexit.o [4]
exit                     0x800'014f   0x4  Code  Gb  exit.o [2]
main                     0x800'0055  0xa6  Code  Gb  main.o [1]


[1] = R:\POIP\POIP\MyNewProject\Debug\Obj
[2] = dl7M_tln.a
[3] = m7M_tls.a
[4] = rt7M_tl.a
[5] = shb_l.a

    399 bytes of readonly  code memory
      1 byte  of readonly  data memory
  8'192 bytes of readwrite data memory

Errors: none
Warnings: none
