###############################################################################
#
# IAR ELF Linker V9.30.1.335/W64 for ARM                  30/Sep/2022  18:42:18
# Copyright 2007-2022 IAR Systems AB.
#
#    Output file  =  R:\POIP\POIP\MyNewProject\Debug\Exe\MyNewProject.out
#    Map file     =  R:\POIP\POIP\MyNewProject\Debug\List\MyNewProject.map
#    Command line =
#        -f R:\POIP\POIP\MyNewProject\Debug\Exe\MyNewProject.out.rsp
#        (R:\POIP\POIP\MyNewProject\Debug\Obj\main.o --no_out_extension -o
#        R:\POIP\POIP\MyNewProject\Debug\Exe\MyNewProject.out --map
#        R:\POIP\POIP\MyNewProject\Debug\List\MyNewProject.map --config
#        R:\POIP\POIP\MyNewProject\MyNewProject.icf --semihosting --entry
#        __iar_program_start --vfe --text_out locale --cpu=Cortex-M4
#        --fpu=VFPv4_sp)
#
###############################################################################

*******************************************************************************
*** RUNTIME MODEL ATTRIBUTES
***

CppFlavor        = *
__CPP_Exceptions = Disabled
__CPP_Language   = C++14
__CPP_Library    = DLib
__CPP_Runtime    = 1
__SystemLibrary  = DLib
__dlib_version   = 6


*******************************************************************************
*** HEAP SELECTION
***

The basic heap was selected because no calls to memory allocation
functions were found in the application outside of system library
functions, there are calls to deallocation functions in the
application, and the application appears to be primarily
optimized for speed.


*******************************************************************************
*** PLACEMENT SUMMARY
***

"A0":  place at address 0x800'0000 { ro section .intvec };
"P1":  place in [from 0x800'0000 to 0x803'ffff] { ro };
define block CSTACK with size = 8K, alignment = 8 { };
define block HEAP with size = 0, alignment = 8 { };
"P2":  place in [from 0x2000'0000 to 0x2001'ffff] {
          rw, block CSTACK, block HEAP };

No sections matched the following patterns:

  rw  in "P2"


  Section   Kind         Address    Size  Object
  -------   ----         -------    ----  ------
"A0":                               0x40
  .intvec   ro code   0x800'0000    0x40  vector_table_M.o [4]
                    - 0x800'0040    0x40

"P1":                               0xfc
  .text     ro code   0x800'0040    0x74  main.o [1]
  .text     ro code   0x800'00b4    0x22  fpinit_M.o [3]
  .text     ro code   0x800'00d6     0x2  vectortrap_M.o [4]
  .text     ro code   0x800'00d8    0x1e  cmain.o [4]
  .text     ro code   0x800'00f6     0x4  low_level_init.o [2]
  .text     ro code   0x800'00fa     0x4  exit.o [2]
  .rodata   const     0x800'00fe     0x1  unwind_debug.o [5]
  .text     ro code   0x800'0100     0xa  cexit.o [4]
  .text     ro code   0x800'010c    0x14  exit.o [5]
  .text     ro code   0x800'0120    0x1c  cstartup_M.o [4]
                    - 0x800'013c    0xfc

"P2":                             0x2000
  CSTACK             0x2000'0000  0x2000  <Block>
    CSTACK  uninit   0x2000'0000  0x2000  <Block tail>
                   - 0x2000'2000  0x2000

Unused ranges:

         From           To      Size
         ----           --      ----
   0x800'013c   0x803'ffff  0x3'fec4
  0x2000'2000  0x2001'ffff  0x1'e000



*******************************************************************************
*** MODULE SUMMARY
***

    Module            ro code  ro data  rw data
    ------            -------  -------  -------
command line/config:
    -------------------------------------------
    Total:

R:\POIP\POIP\MyNewProject\Debug\Obj: [1]
    main.o                116
    -------------------------------------------
    Total:                116

dl7M_tln.a: [2]
    exit.o                  4
    low_level_init.o        4
    -------------------------------------------
    Total:                  8

m7M_tls.a: [3]
    fpinit_M.o             34
    -------------------------------------------
    Total:                 34

rt7M_tl.a: [4]
    cexit.o                10
    cmain.o                30
    cstartup_M.o           28
    vector_table_M.o       64
    vectortrap_M.o          2
    -------------------------------------------
    Total:                134

shb_l.a: [5]
    exit.o                 20
    unwind_debug.o                   1
    -------------------------------------------
    Total:                 20        1

    Gaps                    3
    Linker created                        8'192
-----------------------------------------------
    Grand Total:          315        1    8'192


*******************************************************************************
*** ENTRY LIST
***

Entry                       Address  Size  Type      Object
-----                       -------  ----  ----      ------
?main                    0x800'00d9        Code  Gb  cmain.o [4]
BusFault_Handler         0x800'00d7        Code  Wk  vectortrap_M.o [4]
CSTACK$$Base            0x2000'0000         --   Gb  - Linker created -
CSTACK$$Limit           0x2000'2000         --   Gb  - Linker created -
DebugMon_Handler         0x800'00d7        Code  Wk  vectortrap_M.o [4]
HardFault_Handler        0x800'00d7        Code  Wk  vectortrap_M.o [4]
MemManage_Handler        0x800'00d7        Code  Wk  vectortrap_M.o [4]
NMI_Handler              0x800'00d7        Code  Wk  vectortrap_M.o [4]
PendSV_Handler           0x800'00d7        Code  Wk  vectortrap_M.o [4]
Region$$Table$$Base             0x0         --   Gb  - Linker created -
Region$$Table$$Limit            0x0         --   Gb  - Linker created -
SVC_Handler              0x800'00d7        Code  Wk  vectortrap_M.o [4]
SysTick_Handler          0x800'00d7        Code  Wk  vectortrap_M.o [4]
UsageFault_Handler       0x800'00d7        Code  Wk  vectortrap_M.o [4]
__cmain                  0x800'00d9        Code  Gb  cmain.o [4]
__exit                   0x800'010d  0x14  Code  Gb  exit.o [5]
__iar_debug_exceptions   0x800'00fe   0x1  Data  Gb  unwind_debug.o [5]
__iar_init_vfp           0x800'00b5        Code  Gb  fpinit_M.o [3]
__iar_program_start      0x800'0121        Code  Gb  cstartup_M.o [4]
__low_level_init         0x800'00f7   0x4  Code  Gb  low_level_init.o [2]
__vector_table           0x800'0000        Data  Gb  vector_table_M.o [4]
_call_main               0x800'00e5        Code  Gb  cmain.o [4]
_exit                    0x800'0101        Code  Gb  cexit.o [4]
exit                     0x800'00fb   0x4  Code  Gb  exit.o [2]
main                     0x800'0041  0x66  Code  Gb  main.o [1]


[1] = R:\POIP\POIP\MyNewProject\Debug\Obj
[2] = dl7M_tln.a
[3] = m7M_tls.a
[4] = rt7M_tl.a
[5] = shb_l.a

    315 bytes of readonly  code memory
      1 byte  of readonly  data memory
  8'192 bytes of readwrite data memory

Errors: none
Warnings: none
